(---------------------------------------------------------------------)
(                                                                     )
(    Allegro Netrev Import Logic                                      )
(                                                                     )
(    Drawing          : pc065c_fibv2_toplevel_25.brd                  )
(    Software Version : 17.4S011                                      )
(    Date/Time        : Thu May 16 09:23:02 2024                      )
(                                                                     )
(---------------------------------------------------------------------)


------ Directives ------------

Ripup etch:                  No
Ripup delete first segment:  No
Ripup retain bondwire:       No
Ripup symbols:               Always
Missing symbol has error:    No
DRC update:                  Yes
Schematic directory:         '\\ppfs6.physics.ox.ac.uk\CEG\Central Electronics\Projects\Hastingsp\DUNE\uob-hep-pc065\design_files\worklib\pc065b_fibv2_toplevel\packaged'
Design Directory:            '//ppfs6.physics.ox.ac.uk/CEG/Central Electronics/Projects/Hastingsp/DUNE/uob-hep-pc065/design_files/worklib/pc065b_fibv2_toplevel/physical'
Old design name:             '//ppfs6.physics.ox.ac.uk/CEG/Central Electronics/Projects/Hastingsp/DUNE/uob-hep-pc065/design_files/worklib/pc065b_fibv2_toplevel/physical/pc065c_fibv2_toplevel_25.brd'
New design name:             '//ppfs6.physics.ox.ac.uk/CEG/Central Electronics/Projects/Hastingsp/DUNE/uob-hep-pc065/design_files/worklib/pc065b_fibv2_toplevel/physical/pc065c_fibv2_toplevel_25.brd'

CmdLine: netrev -proj \\ppfs6.physics.ox.ac.uk\CEG\Central Electronics\Projects\Hastingsp\DUNE\uob-hep-pc065\design_files\pc065c_fibv2_toplevel.cpm -y 1 -z -O \\ppfs6.physics.ox.ac.uk\CEG\Central Electronics\Projects\Hastingsp\DUNE\uob-hep-pc065\design_files\worklib\pc065b_fibv2_toplevel\physical\pc065c_fibv2_toplevel_25.brd \\ppfs6.physics.ox.ac.uk\CEG\Central Electronics\Projects\Hastingsp\DUNE\uob-hep-pc065\design_files\worklib\pc065b_fibv2_toplevel\physical\pc065c_fibv2_toplevel_25.brd -w \\ppfs6.physics.ox.ac.uk\CEG\Central Electronics\Projects\Hastingsp\DUNE\uob-hep-pc065\design_files\temp\constraints_difference_report.xml -$

------ Preparing to read pst files ------

Starting to read //ppfs6.physics.ox.ac.uk/CEG/Central Electronics/Projects/Hastingsp/DUNE/uob-hep-pc065/design_files/worklib/pc065b_fibv2_toplevel/packaged/pstchip.dat 
   Finished reading //ppfs6.physics.ox.ac.uk/CEG/Central Electronics/Projects/Hastingsp/DUNE/uob-hep-pc065/design_files/worklib/pc065b_fibv2_toplevel/packaged/pstchip.dat (00:00:00.30)
Starting to read //ppfs6.physics.ox.ac.uk/CEG/Central Electronics/Projects/Hastingsp/DUNE/uob-hep-pc065/design_files/worklib/pc065b_fibv2_toplevel/packaged/pstxprt.dat 
   Finished reading //ppfs6.physics.ox.ac.uk/CEG/Central Electronics/Projects/Hastingsp/DUNE/uob-hep-pc065/design_files/worklib/pc065b_fibv2_toplevel/packaged/pstxprt.dat (00:00:00.01)
Starting to read //ppfs6.physics.ox.ac.uk/CEG/Central Electronics/Projects/Hastingsp/DUNE/uob-hep-pc065/design_files/worklib/pc065b_fibv2_toplevel/packaged/pstxnet.dat 
   Finished reading //ppfs6.physics.ox.ac.uk/CEG/Central Electronics/Projects/Hastingsp/DUNE/uob-hep-pc065/design_files/worklib/pc065b_fibv2_toplevel/packaged/pstxnet.dat (00:00:00.02)

------ Oversights/Warnings/Errors ------




===========================================================
Start Constraint Diff3 Import
	Constraint File:    //ppfs6.physics.ox.ac.uk/CEG/Central Electronics/Projects/Hastingsp/DUNE/uob-hep-pc065/design_files/worklib/pc065b_fibv2_toplevel/packaged/pstcmdb.dat
	Allegro Baseline:   C:/Users/HASTIN~1/AppData/Local/Temp/#Taaaaai11904.tmp
	Start time: Thu May 16 09:23:03 2024
===========================================================
===========================================================
Finished Constraint Update	Time: Thu May 16 09:23:03 2024
===========================================================

------ Library Paths ------
MODULEPATH =  . 
           c:/cadence/spb_17.4/share/local/pcb/modules 

PSMPATH =  . 
           symbols 
           .. 
           ../symbols 
           c:/cadence/spb_17.4/share/local/pcb/symbols 
           c:/cadence/spb_17.4/share/pcb/pcb_lib/symbols 
           c:/cadence/spb_17.4/share/pcb/allegrolib/symbols 

PADPATH =  . 
           symbols 
           .. 
           ../symbols 
           c:/cadence/spb_17.4/share/local/pcb/padstacks 
           c:/cadence/spb_17.4/share/pcb/pcb_lib/symbols 
           c:/cadence/spb_17.4/share/pcb/allegrolib/symbols 


------ Summary Statistics ------


netrev run on May 16 9:23:02 2024
   DESIGN NAME : 'PC065B_FIBV2_TOPLEVEL'
   PACKAGING ON 16-May-2024 AT 09:22:51

   COMPILE 'logic'
   CHECK_PIN_NAMES OFF
   CROSS_REFERENCE OFF
   DIRECTORIES  <none>
   FEEDBACK OFF
   INCREMENTAL OFF
   INTERFACE_TYPE PHYSICAL
   LIBRARIES  'uob_hep_pc065a_lib' 'bris_cds_analogue' 'bris_cds_discrete'
              'bris_cds_logic' 'bris_cds_special' 'bris_cds_standard'
              'cnconnector' 'cndiscrete' 'cnpassive' 'cnpower' 'cnmech'
              'cninterface' 'cnmemory' 'standard'
   MASTER_LIBRARIES  <none>
   MAX_ERRORS 500
   MERGE_MINIMUM 5
   NET_NAME_CHARS '#%&()*+-./:=>?@[]^_`|'
   NET_NAME_LENGTH 24
   OVERSIGHTS ON
   REPLACE_CHECK OFF
   SINGLE_NODE_NETS ON
   SPLIT_MINIMUM 0
   SUPPRESS   20
   WARNINGS ON

 No error detected
 No oversight detected
 No warning detected

cpu time      0:04:04
elapsed time  0:00:01

