#-----------------------------------------------------------
# Vivado v2019.2 (64-bit)
# SW Build 2708876 on Wed Nov  6 21:39:14 MST 2019
# IP Build 2700528 on Thu Nov  7 00:09:20 MST 2019
# Start of session at: Mon Jun  8 18:24:38 2020
# Process ID: 11249
# Current directory: /projects/HEP_Instrumentation/cad/designs/uob-hep-pc065a/trunk/design_files/worklib/pc065b_toplevel/physical
# Command line: vivado
# Log file: /projects/HEP_Instrumentation/cad/designs/uob-hep-pc065a/trunk/design_files/worklib/pc065b_toplevel/physical/vivado.log
# Journal file: /projects/HEP_Instrumentation/cad/designs/uob-hep-pc065a/trunk/design_files/worklib/pc065b_toplevel/physical/vivado.jou
#-----------------------------------------------------------
start_gui
open_project /users/phdgc/PDTS/fnal_tlu_build/build/proj/overlord/top/top.xpr
close_project
open_project /users/phdgc/PDTS/tlu_test/build/proj/top_tlu/top_tlu/top_tlu.xpr
reset_run synth_1
launch_runs synth_1 -jobs 4
wait_on_run synth_1
launch_runs impl_1 -jobs 4
wait_on_run impl_1
launch_runs impl_1 -to_step write_bitstream -jobs 4
wait_on_run impl_1
open_run impl_1
reset_run synth_1
launch_runs synth_1 -jobs 4
wait_on_run synth_1
launch_runs impl_1 -jobs 4
wait_on_run impl_1
launch_runs impl_1 -to_step write_bitstream -jobs 4
wait_on_run impl_1
refresh_design
