Starting to read /projects/HEP_Instrumentation/cad/designs/uob-hep-pc065a/trunk/design_files/worklib/pc065b_toplevel/packaged/pstchip.dat 
   Finished reading /projects/HEP_Instrumentation/cad/designs/uob-hep-pc065a/trunk/design_files/worklib/pc065b_toplevel/packaged/pstchip.dat (00:00:00.03)
Starting to read /projects/HEP_Instrumentation/cad/designs/uob-hep-pc065a/trunk/design_files/worklib/pc065b_toplevel/packaged/pstxprt.dat 
   Finished reading /projects/HEP_Instrumentation/cad/designs/uob-hep-pc065a/trunk/design_files/worklib/pc065b_toplevel/packaged/pstxprt.dat (00:00:00.00)
Starting to read /projects/HEP_Instrumentation/cad/designs/uob-hep-pc065a/trunk/design_files/worklib/pc065b_toplevel/packaged/pstxnet.dat 
   Finished reading /projects/HEP_Instrumentation/cad/designs/uob-hep-pc065a/trunk/design_files/worklib/pc065b_toplevel/packaged/pstxnet.dat (00:00:00.00)

#1   WARNING(203) Single node net
         Logical net name: @UOB_HEP_PC065A_LIB.PC065B_TOPLEVEL(SCH_1):CLK_BIDIR_N<1>
         Pin name: J<3> 
         Instance: @UOB_HEP_PC065A_LIB.PC065B_TOPLEVEL(SCH_1):PAGE4_I1@UOB_HEP_PC065A_LIB.FMC_HPC_GENERIC(SCH_1):PAGE3_I3@CNCONNECTOR.CON400P_40ABCDEFGHJK_VITA571(CHIPS) 
         Drawing:  UOB_HEP_PC065A_LIB.FMC_HPC_GENERIC(SCH_1):PAGE3:PAGEFMC_HPC_GENERIC(SCH_1):PAGE3 

#2   WARNING(203) Single node net
         Logical net name: @UOB_HEP_PC065A_LIB.PC065B_TOPLEVEL(SCH_1):CLK_BIDIR_P<1>
         Pin name: J<2> 
         Instance: @UOB_HEP_PC065A_LIB.PC065B_TOPLEVEL(SCH_1):PAGE4_I1@UOB_HEP_PC065A_LIB.FMC_HPC_GENERIC(SCH_1):PAGE3_I3@CNCONNECTOR.CON400P_40ABCDEFGHJK_VITA571(CHIPS) 
         Drawing:  UOB_HEP_PC065A_LIB.FMC_HPC_GENERIC(SCH_1):PAGE3:PAGEFMC_HPC_GENERIC(SCH_1):PAGE3 

#3   WARNING(203) Single node net
         Logical net name: @UOB_HEP_PC065A_LIB.PC065B_TOPLEVEL(SCH_1):PAGE4_I1@UOB_HEP_PC065A_LIB.FMC_HPC_GENERIC(SCH_1):DP_C2M_N<0>
         Pin name: C<3> 
         Instance: @UOB_HEP_PC065A_LIB.PC065B_TOPLEVEL(SCH_1):PAGE4_I1@UOB_HEP_PC065A_LIB.FMC_HPC_GENERIC(SCH_1):PAGE2_I1@CNCONNECTOR.CON400P_40ABCDEFGHJK_VITA571(CHIPS) 
         Drawing:  UOB_HEP_PC065A_LIB.FMC_HPC_GENERIC(SCH_1):PAGE2:PAGEFMC_HPC_GENERIC(SCH_1):PAGE2 

#4   WARNING(203) Single node net
         Logical net name: @UOB_HEP_PC065A_LIB.PC065B_TOPLEVEL(SCH_1):PAGE4_I1@UOB_HEP_PC065A_LIB.FMC_HPC_GENERIC(SCH_1):DP_C2M_N<1>
         Pin name: A<23> 
         Instance: @UOB_HEP_PC065A_LIB.PC065B_TOPLEVEL(SCH_1):PAGE4_I1@UOB_HEP_PC065A_LIB.FMC_HPC_GENERIC(SCH_1):PAGE1_I5@CNCONNECTOR.CON400P_40ABCDEFGHJK_VITA571(CHIPS) 
         Drawing:  UOB_HEP_PC065A_LIB.FMC_HPC_GENERIC(SCH_1):PAGE1:PAGEFMC_HPC_GENERIC(SCH_1):PAGE1 

#5   WARNING(203) Single node net
         Logical net name: @UOB_HEP_PC065A_LIB.PC065B_TOPLEVEL(SCH_1):PAGE4_I1@UOB_HEP_PC065A_LIB.FMC_HPC_GENERIC(SCH_1):DP_C2M_N<2>
         Pin name: A<27> 
         Instance: @UOB_HEP_PC065A_LIB.PC065B_TOPLEVEL(SCH_1):PAGE4_I1@UOB_HEP_PC065A_LIB.FMC_HPC_GENERIC(SCH_1):PAGE1_I5@CNCONNECTOR.CON400P_40ABCDEFGHJK_VITA571(CHIPS) 
         Drawing:  UOB_HEP_PC065A_LIB.FMC_HPC_GENERIC(SCH_1):PAGE1:PAGEFMC_HPC_GENERIC(SCH_1):PAGE1 

#6   WARNING(203) Single node net
         Logical net name: @UOB_HEP_PC065A_LIB.PC065B_TOPLEVEL(SCH_1):PAGE4_I1@UOB_HEP_PC065A_LIB.FMC_HPC_GENERIC(SCH_1):DP_C2M_N<3>
         Pin name: A<31> 
         Instance: @UOB_HEP_PC065A_LIB.PC065B_TOPLEVEL(SCH_1):PAGE4_I1@UOB_HEP_PC065A_LIB.FMC_HPC_GENERIC(SCH_1):PAGE1_I5@CNCONNECTOR.CON400P_40ABCDEFGHJK_VITA571(CHIPS) 
         Drawing:  UOB_HEP_PC065A_LIB.FMC_HPC_GENERIC(SCH_1):PAGE1:PAGEFMC_HPC_GENERIC(SCH_1):PAGE1 

#7   WARNING(203) Single node net
         Logical net name: @UOB_HEP_PC065A_LIB.PC065B_TOPLEVEL(SCH_1):PAGE4_I1@UOB_HEP_PC065A_LIB.FMC_HPC_GENERIC(SCH_1):DP_C2M_N<4>
         Pin name: A<35> 
         Instance: @UOB_HEP_PC065A_LIB.PC065B_TOPLEVEL(SCH_1):PAGE4_I1@UOB_HEP_PC065A_LIB.FMC_HPC_GENERIC(SCH_1):PAGE1_I5@CNCONNECTOR.CON400P_40ABCDEFGHJK_VITA571(CHIPS) 
         Drawing:  UOB_HEP_PC065A_LIB.FMC_HPC_GENERIC(SCH_1):PAGE1:PAGEFMC_HPC_GENERIC(SCH_1):PAGE1 

#8   WARNING(203) Single node net
         Logical net name: @UOB_HEP_PC065A_LIB.PC065B_TOPLEVEL(SCH_1):PAGE4_I1@UOB_HEP_PC065A_LIB.FMC_HPC_GENERIC(SCH_1):DP_C2M_N<5>
         Pin name: A<39> 
         Instance: @UOB_HEP_PC065A_LIB.PC065B_TOPLEVEL(SCH_1):PAGE4_I1@UOB_HEP_PC065A_LIB.FMC_HPC_GENERIC(SCH_1):PAGE1_I5@CNCONNECTOR.CON400P_40ABCDEFGHJK_VITA571(CHIPS) 
         Drawing:  UOB_HEP_PC065A_LIB.FMC_HPC_GENERIC(SCH_1):PAGE1:PAGEFMC_HPC_GENERIC(SCH_1):PAGE1 

#9   WARNING(203) Single node net
         Logical net name: @UOB_HEP_PC065A_LIB.PC065B_TOPLEVEL(SCH_1):PAGE4_I1@UOB_HEP_PC065A_LIB.FMC_HPC_GENERIC(SCH_1):DP_C2M_N<6>
         Pin name: B<37> 
         Instance: @UOB_HEP_PC065A_LIB.PC065B_TOPLEVEL(SCH_1):PAGE4_I1@UOB_HEP_PC065A_LIB.FMC_HPC_GENERIC(SCH_1):PAGE1_I4@CNCONNECTOR.CON400P_40ABCDEFGHJK_VITA571(CHIPS) 
         Drawing:  UOB_HEP_PC065A_LIB.FMC_HPC_GENERIC(SCH_1):PAGE1:PAGEFMC_HPC_GENERIC(SCH_1):PAGE1 

#10  WARNING(203) Single node net
         Logical net name: @UOB_HEP_PC065A_LIB.PC065B_TOPLEVEL(SCH_1):PAGE4_I1@UOB_HEP_PC065A_LIB.FMC_HPC_GENERIC(SCH_1):DP_C2M_N<7>
         Pin name: B<33> 
         Instance: @UOB_HEP_PC065A_LIB.PC065B_TOPLEVEL(SCH_1):PAGE4_I1@UOB_HEP_PC065A_LIB.FMC_HPC_GENERIC(SCH_1):PAGE1_I4@CNCONNECTOR.CON400P_40ABCDEFGHJK_VITA571(CHIPS) 
         Drawing:  UOB_HEP_PC065A_LIB.FMC_HPC_GENERIC(SCH_1):PAGE1:PAGEFMC_HPC_GENERIC(SCH_1):PAGE1 

#11  WARNING(203) Single node net
         Logical net name: @UOB_HEP_PC065A_LIB.PC065B_TOPLEVEL(SCH_1):PAGE4_I1@UOB_HEP_PC065A_LIB.FMC_HPC_GENERIC(SCH_1):DP_C2M_N<8>
         Pin name: B<29> 
         Instance: @UOB_HEP_PC065A_LIB.PC065B_TOPLEVEL(SCH_1):PAGE4_I1@UOB_HEP_PC065A_LIB.FMC_HPC_GENERIC(SCH_1):PAGE1_I4@CNCONNECTOR.CON400P_40ABCDEFGHJK_VITA571(CHIPS) 
         Drawing:  UOB_HEP_PC065A_LIB.FMC_HPC_GENERIC(SCH_1):PAGE1:PAGEFMC_HPC_GENERIC(SCH_1):PAGE1 

#12  WARNING(203) Single node net
         Logical net name: @UOB_HEP_PC065A_LIB.PC065B_TOPLEVEL(SCH_1):PAGE4_I1@UOB_HEP_PC065A_LIB.FMC_HPC_GENERIC(SCH_1):DP_C2M_N<9>
         Pin name: B<25> 
         Instance: @UOB_HEP_PC065A_LIB.PC065B_TOPLEVEL(SCH_1):PAGE4_I1@UOB_HEP_PC065A_LIB.FMC_HPC_GENERIC(SCH_1):PAGE1_I4@CNCONNECTOR.CON400P_40ABCDEFGHJK_VITA571(CHIPS) 
         Drawing:  UOB_HEP_PC065A_LIB.FMC_HPC_GENERIC(SCH_1):PAGE1:PAGEFMC_HPC_GENERIC(SCH_1):PAGE1 

#13  WARNING(203) Single node net
         Logical net name: @UOB_HEP_PC065A_LIB.PC065B_TOPLEVEL(SCH_1):PAGE4_I1@UOB_HEP_PC065A_LIB.FMC_HPC_GENERIC(SCH_1):DP_C2M_P<0>
         Pin name: C<2> 
         Instance: @UOB_HEP_PC065A_LIB.PC065B_TOPLEVEL(SCH_1):PAGE4_I1@UOB_HEP_PC065A_LIB.FMC_HPC_GENERIC(SCH_1):PAGE2_I1@CNCONNECTOR.CON400P_40ABCDEFGHJK_VITA571(CHIPS) 
         Drawing:  UOB_HEP_PC065A_LIB.FMC_HPC_GENERIC(SCH_1):PAGE2:PAGEFMC_HPC_GENERIC(SCH_1):PAGE2 

#14  WARNING(203) Single node net
         Logical net name: @UOB_HEP_PC065A_LIB.PC065B_TOPLEVEL(SCH_1):PAGE4_I1@UOB_HEP_PC065A_LIB.FMC_HPC_GENERIC(SCH_1):DP_C2M_P<1>
         Pin name: A<22> 
         Instance: @UOB_HEP_PC065A_LIB.PC065B_TOPLEVEL(SCH_1):PAGE4_I1@UOB_HEP_PC065A_LIB.FMC_HPC_GENERIC(SCH_1):PAGE1_I5@CNCONNECTOR.CON400P_40ABCDEFGHJK_VITA571(CHIPS) 
         Drawing:  UOB_HEP_PC065A_LIB.FMC_HPC_GENERIC(SCH_1):PAGE1:PAGEFMC_HPC_GENERIC(SCH_1):PAGE1 

#15  WARNING(203) Single node net
         Logical net name: @UOB_HEP_PC065A_LIB.PC065B_TOPLEVEL(SCH_1):PAGE4_I1@UOB_HEP_PC065A_LIB.FMC_HPC_GENERIC(SCH_1):DP_C2M_P<2>
         Pin name: A<26> 
         Instance: @UOB_HEP_PC065A_LIB.PC065B_TOPLEVEL(SCH_1):PAGE4_I1@UOB_HEP_PC065A_LIB.FMC_HPC_GENERIC(SCH_1):PAGE1_I5@CNCONNECTOR.CON400P_40ABCDEFGHJK_VITA571(CHIPS) 
         Drawing:  UOB_HEP_PC065A_LIB.FMC_HPC_GENERIC(SCH_1):PAGE1:PAGEFMC_HPC_GENERIC(SCH_1):PAGE1 

#16  WARNING(203) Single node net
         Logical net name: @UOB_HEP_PC065A_LIB.PC065B_TOPLEVEL(SCH_1):PAGE4_I1@UOB_HEP_PC065A_LIB.FMC_HPC_GENERIC(SCH_1):DP_C2M_P<3>
         Pin name: A<30> 
         Instance: @UOB_HEP_PC065A_LIB.PC065B_TOPLEVEL(SCH_1):PAGE4_I1@UOB_HEP_PC065A_LIB.FMC_HPC_GENERIC(SCH_1):PAGE1_I5@CNCONNECTOR.CON400P_40ABCDEFGHJK_VITA571(CHIPS) 
         Drawing:  UOB_HEP_PC065A_LIB.FMC_HPC_GENERIC(SCH_1):PAGE1:PAGEFMC_HPC_GENERIC(SCH_1):PAGE1 

#17  WARNING(203) Single node net
         Logical net name: @UOB_HEP_PC065A_LIB.PC065B_TOPLEVEL(SCH_1):PAGE4_I1@UOB_HEP_PC065A_LIB.FMC_HPC_GENERIC(SCH_1):DP_C2M_P<4>
         Pin name: A<34> 
         Instance: @UOB_HEP_PC065A_LIB.PC065B_TOPLEVEL(SCH_1):PAGE4_I1@UOB_HEP_PC065A_LIB.FMC_HPC_GENERIC(SCH_1):PAGE1_I5@CNCONNECTOR.CON400P_40ABCDEFGHJK_VITA571(CHIPS) 
         Drawing:  UOB_HEP_PC065A_LIB.FMC_HPC_GENERIC(SCH_1):PAGE1:PAGEFMC_HPC_GENERIC(SCH_1):PAGE1 

#18  WARNING(203) Single node net
         Logical net name: @UOB_HEP_PC065A_LIB.PC065B_TOPLEVEL(SCH_1):PAGE4_I1@UOB_HEP_PC065A_LIB.FMC_HPC_GENERIC(SCH_1):DP_C2M_P<5>
         Pin name: A<38> 
         Instance: @UOB_HEP_PC065A_LIB.PC065B_TOPLEVEL(SCH_1):PAGE4_I1@UOB_HEP_PC065A_LIB.FMC_HPC_GENERIC(SCH_1):PAGE1_I5@CNCONNECTOR.CON400P_40ABCDEFGHJK_VITA571(CHIPS) 
         Drawing:  UOB_HEP_PC065A_LIB.FMC_HPC_GENERIC(SCH_1):PAGE1:PAGEFMC_HPC_GENERIC(SCH_1):PAGE1 

#19  WARNING(203) Single node net
         Logical net name: @UOB_HEP_PC065A_LIB.PC065B_TOPLEVEL(SCH_1):PAGE4_I1@UOB_HEP_PC065A_LIB.FMC_HPC_GENERIC(SCH_1):DP_C2M_P<6>
         Pin name: B<36> 
         Instance: @UOB_HEP_PC065A_LIB.PC065B_TOPLEVEL(SCH_1):PAGE4_I1@UOB_HEP_PC065A_LIB.FMC_HPC_GENERIC(SCH_1):PAGE1_I4@CNCONNECTOR.CON400P_40ABCDEFGHJK_VITA571(CHIPS) 
         Drawing:  UOB_HEP_PC065A_LIB.FMC_HPC_GENERIC(SCH_1):PAGE1:PAGEFMC_HPC_GENERIC(SCH_1):PAGE1 

#20  WARNING(203) Single node net
         Logical net name: @UOB_HEP_PC065A_LIB.PC065B_TOPLEVEL(SCH_1):PAGE4_I1@UOB_HEP_PC065A_LIB.FMC_HPC_GENERIC(SCH_1):DP_C2M_P<7>
         Pin name: B<32> 
         Instance: @UOB_HEP_PC065A_LIB.PC065B_TOPLEVEL(SCH_1):PAGE4_I1@UOB_HEP_PC065A_LIB.FMC_HPC_GENERIC(SCH_1):PAGE1_I4@CNCONNECTOR.CON400P_40ABCDEFGHJK_VITA571(CHIPS) 
         Drawing:  UOB_HEP_PC065A_LIB.FMC_HPC_GENERIC(SCH_1):PAGE1:PAGEFMC_HPC_GENERIC(SCH_1):PAGE1 

#21  WARNING(203) Single node net
         Logical net name: @UOB_HEP_PC065A_LIB.PC065B_TOPLEVEL(SCH_1):PAGE4_I1@UOB_HEP_PC065A_LIB.FMC_HPC_GENERIC(SCH_1):DP_C2M_P<8>
         Pin name: B<28> 
         Instance: @UOB_HEP_PC065A_LIB.PC065B_TOPLEVEL(SCH_1):PAGE4_I1@UOB_HEP_PC065A_LIB.FMC_HPC_GENERIC(SCH_1):PAGE1_I4@CNCONNECTOR.CON400P_40ABCDEFGHJK_VITA571(CHIPS) 
         Drawing:  UOB_HEP_PC065A_LIB.FMC_HPC_GENERIC(SCH_1):PAGE1:PAGEFMC_HPC_GENERIC(SCH_1):PAGE1 

#22  WARNING(203) Single node net
         Logical net name: @UOB_HEP_PC065A_LIB.PC065B_TOPLEVEL(SCH_1):PAGE4_I1@UOB_HEP_PC065A_LIB.FMC_HPC_GENERIC(SCH_1):DP_C2M_P<9>
         Pin name: B<24> 
         Instance: @UOB_HEP_PC065A_LIB.PC065B_TOPLEVEL(SCH_1):PAGE4_I1@UOB_HEP_PC065A_LIB.FMC_HPC_GENERIC(SCH_1):PAGE1_I4@CNCONNECTOR.CON400P_40ABCDEFGHJK_VITA571(CHIPS) 
         Drawing:  UOB_HEP_PC065A_LIB.FMC_HPC_GENERIC(SCH_1):PAGE1:PAGEFMC_HPC_GENERIC(SCH_1):PAGE1 

#23  WARNING(203) Single node net
         Logical net name: @UOB_HEP_PC065A_LIB.PC065B_TOPLEVEL(SCH_1):PAGE4_I1@UOB_HEP_PC065A_LIB.FMC_HPC_GENERIC(SCH_1):DP_M2C_N<0>
         Pin name: C<7> 
         Instance: @UOB_HEP_PC065A_LIB.PC065B_TOPLEVEL(SCH_1):PAGE4_I1@UOB_HEP_PC065A_LIB.FMC_HPC_GENERIC(SCH_1):PAGE2_I1@CNCONNECTOR.CON400P_40ABCDEFGHJK_VITA571(CHIPS) 
         Drawing:  UOB_HEP_PC065A_LIB.FMC_HPC_GENERIC(SCH_1):PAGE2:PAGEFMC_HPC_GENERIC(SCH_1):PAGE2 

#24  WARNING(203) Single node net
         Logical net name: @UOB_HEP_PC065A_LIB.PC065B_TOPLEVEL(SCH_1):PAGE4_I1@UOB_HEP_PC065A_LIB.FMC_HPC_GENERIC(SCH_1):DP_M2C_N<1>
         Pin name: A<3> 
         Instance: @UOB_HEP_PC065A_LIB.PC065B_TOPLEVEL(SCH_1):PAGE4_I1@UOB_HEP_PC065A_LIB.FMC_HPC_GENERIC(SCH_1):PAGE1_I5@CNCONNECTOR.CON400P_40ABCDEFGHJK_VITA571(CHIPS) 
         Drawing:  UOB_HEP_PC065A_LIB.FMC_HPC_GENERIC(SCH_1):PAGE1:PAGEFMC_HPC_GENERIC(SCH_1):PAGE1 

#25  WARNING(203) Single node net
         Logical net name: @UOB_HEP_PC065A_LIB.PC065B_TOPLEVEL(SCH_1):PAGE4_I1@UOB_HEP_PC065A_LIB.FMC_HPC_GENERIC(SCH_1):DP_M2C_N<2>
         Pin name: A<7> 
         Instance: @UOB_HEP_PC065A_LIB.PC065B_TOPLEVEL(SCH_1):PAGE4_I1@UOB_HEP_PC065A_LIB.FMC_HPC_GENERIC(SCH_1):PAGE1_I5@CNCONNECTOR.CON400P_40ABCDEFGHJK_VITA571(CHIPS) 
         Drawing:  UOB_HEP_PC065A_LIB.FMC_HPC_GENERIC(SCH_1):PAGE1:PAGEFMC_HPC_GENERIC(SCH_1):PAGE1 

#26  WARNING(203) Single node net
         Logical net name: @UOB_HEP_PC065A_LIB.PC065B_TOPLEVEL(SCH_1):PAGE4_I1@UOB_HEP_PC065A_LIB.FMC_HPC_GENERIC(SCH_1):DP_M2C_N<3>
         Pin name: A<11> 
         Instance: @UOB_HEP_PC065A_LIB.PC065B_TOPLEVEL(SCH_1):PAGE4_I1@UOB_HEP_PC065A_LIB.FMC_HPC_GENERIC(SCH_1):PAGE1_I5@CNCONNECTOR.CON400P_40ABCDEFGHJK_VITA571(CHIPS) 
         Drawing:  UOB_HEP_PC065A_LIB.FMC_HPC_GENERIC(SCH_1):PAGE1:PAGEFMC_HPC_GENERIC(SCH_1):PAGE1 

#27  WARNING(203) Single node net
         Logical net name: @UOB_HEP_PC065A_LIB.PC065B_TOPLEVEL(SCH_1):PAGE4_I1@UOB_HEP_PC065A_LIB.FMC_HPC_GENERIC(SCH_1):DP_M2C_N<4>
         Pin name: A<15> 
         Instance: @UOB_HEP_PC065A_LIB.PC065B_TOPLEVEL(SCH_1):PAGE4_I1@UOB_HEP_PC065A_LIB.FMC_HPC_GENERIC(SCH_1):PAGE1_I5@CNCONNECTOR.CON400P_40ABCDEFGHJK_VITA571(CHIPS) 
         Drawing:  UOB_HEP_PC065A_LIB.FMC_HPC_GENERIC(SCH_1):PAGE1:PAGEFMC_HPC_GENERIC(SCH_1):PAGE1 

#28  WARNING(203) Single node net
         Logical net name: @UOB_HEP_PC065A_LIB.PC065B_TOPLEVEL(SCH_1):PAGE4_I1@UOB_HEP_PC065A_LIB.FMC_HPC_GENERIC(SCH_1):DP_M2C_N<5>
         Pin name: A<19> 
         Instance: @UOB_HEP_PC065A_LIB.PC065B_TOPLEVEL(SCH_1):PAGE4_I1@UOB_HEP_PC065A_LIB.FMC_HPC_GENERIC(SCH_1):PAGE1_I5@CNCONNECTOR.CON400P_40ABCDEFGHJK_VITA571(CHIPS) 
         Drawing:  UOB_HEP_PC065A_LIB.FMC_HPC_GENERIC(SCH_1):PAGE1:PAGEFMC_HPC_GENERIC(SCH_1):PAGE1 

#29  WARNING(203) Single node net
         Logical net name: @UOB_HEP_PC065A_LIB.PC065B_TOPLEVEL(SCH_1):PAGE4_I1@UOB_HEP_PC065A_LIB.FMC_HPC_GENERIC(SCH_1):DP_M2C_N<6>
         Pin name: B<17> 
         Instance: @UOB_HEP_PC065A_LIB.PC065B_TOPLEVEL(SCH_1):PAGE4_I1@UOB_HEP_PC065A_LIB.FMC_HPC_GENERIC(SCH_1):PAGE1_I4@CNCONNECTOR.CON400P_40ABCDEFGHJK_VITA571(CHIPS) 
         Drawing:  UOB_HEP_PC065A_LIB.FMC_HPC_GENERIC(SCH_1):PAGE1:PAGEFMC_HPC_GENERIC(SCH_1):PAGE1 

#30  WARNING(203) Single node net
         Logical net name: @UOB_HEP_PC065A_LIB.PC065B_TOPLEVEL(SCH_1):PAGE4_I1@UOB_HEP_PC065A_LIB.FMC_HPC_GENERIC(SCH_1):DP_M2C_N<7>
         Pin name: B<13> 
         Instance: @UOB_HEP_PC065A_LIB.PC065B_TOPLEVEL(SCH_1):PAGE4_I1@UOB_HEP_PC065A_LIB.FMC_HPC_GENERIC(SCH_1):PAGE1_I4@CNCONNECTOR.CON400P_40ABCDEFGHJK_VITA571(CHIPS) 
         Drawing:  UOB_HEP_PC065A_LIB.FMC_HPC_GENERIC(SCH_1):PAGE1:PAGEFMC_HPC_GENERIC(SCH_1):PAGE1 

#31  WARNING(203) Single node net
         Logical net name: @UOB_HEP_PC065A_LIB.PC065B_TOPLEVEL(SCH_1):PAGE4_I1@UOB_HEP_PC065A_LIB.FMC_HPC_GENERIC(SCH_1):DP_M2C_N<8>
         Pin name: B<9> 
         Instance: @UOB_HEP_PC065A_LIB.PC065B_TOPLEVEL(SCH_1):PAGE4_I1@UOB_HEP_PC065A_LIB.FMC_HPC_GENERIC(SCH_1):PAGE1_I4@CNCONNECTOR.CON400P_40ABCDEFGHJK_VITA571(CHIPS) 
         Drawing:  UOB_HEP_PC065A_LIB.FMC_HPC_GENERIC(SCH_1):PAGE1:PAGEFMC_HPC_GENERIC(SCH_1):PAGE1 

#32  WARNING(203) Single node net
         Logical net name: @UOB_HEP_PC065A_LIB.PC065B_TOPLEVEL(SCH_1):PAGE4_I1@UOB_HEP_PC065A_LIB.FMC_HPC_GENERIC(SCH_1):DP_M2C_N<9>
         Pin name: B<5> 
         Instance: @UOB_HEP_PC065A_LIB.PC065B_TOPLEVEL(SCH_1):PAGE4_I1@UOB_HEP_PC065A_LIB.FMC_HPC_GENERIC(SCH_1):PAGE1_I4@CNCONNECTOR.CON400P_40ABCDEFGHJK_VITA571(CHIPS) 
         Drawing:  UOB_HEP_PC065A_LIB.FMC_HPC_GENERIC(SCH_1):PAGE1:PAGEFMC_HPC_GENERIC(SCH_1):PAGE1 

#33  WARNING(203) Single node net
         Logical net name: @UOB_HEP_PC065A_LIB.PC065B_TOPLEVEL(SCH_1):PAGE4_I1@UOB_HEP_PC065A_LIB.FMC_HPC_GENERIC(SCH_1):DP_M2C_P<0>
         Pin name: C<6> 
         Instance: @UOB_HEP_PC065A_LIB.PC065B_TOPLEVEL(SCH_1):PAGE4_I1@UOB_HEP_PC065A_LIB.FMC_HPC_GENERIC(SCH_1):PAGE2_I1@CNCONNECTOR.CON400P_40ABCDEFGHJK_VITA571(CHIPS) 
         Drawing:  UOB_HEP_PC065A_LIB.FMC_HPC_GENERIC(SCH_1):PAGE2:PAGEFMC_HPC_GENERIC(SCH_1):PAGE2 

#34  WARNING(203) Single node net
         Logical net name: @UOB_HEP_PC065A_LIB.PC065B_TOPLEVEL(SCH_1):PAGE4_I1@UOB_HEP_PC065A_LIB.FMC_HPC_GENERIC(SCH_1):DP_M2C_P<1>
         Pin name: A<2> 
         Instance: @UOB_HEP_PC065A_LIB.PC065B_TOPLEVEL(SCH_1):PAGE4_I1@UOB_HEP_PC065A_LIB.FMC_HPC_GENERIC(SCH_1):PAGE1_I5@CNCONNECTOR.CON400P_40ABCDEFGHJK_VITA571(CHIPS) 
         Drawing:  UOB_HEP_PC065A_LIB.FMC_HPC_GENERIC(SCH_1):PAGE1:PAGEFMC_HPC_GENERIC(SCH_1):PAGE1 

#35  WARNING(203) Single node net
         Logical net name: @UOB_HEP_PC065A_LIB.PC065B_TOPLEVEL(SCH_1):PAGE4_I1@UOB_HEP_PC065A_LIB.FMC_HPC_GENERIC(SCH_1):DP_M2C_P<2>
         Pin name: A<6> 
         Instance: @UOB_HEP_PC065A_LIB.PC065B_TOPLEVEL(SCH_1):PAGE4_I1@UOB_HEP_PC065A_LIB.FMC_HPC_GENERIC(SCH_1):PAGE1_I5@CNCONNECTOR.CON400P_40ABCDEFGHJK_VITA571(CHIPS) 
         Drawing:  UOB_HEP_PC065A_LIB.FMC_HPC_GENERIC(SCH_1):PAGE1:PAGEFMC_HPC_GENERIC(SCH_1):PAGE1 

#36  WARNING(203) Single node net
         Logical net name: @UOB_HEP_PC065A_LIB.PC065B_TOPLEVEL(SCH_1):PAGE4_I1@UOB_HEP_PC065A_LIB.FMC_HPC_GENERIC(SCH_1):DP_M2C_P<3>
         Pin name: A<10> 
         Instance: @UOB_HEP_PC065A_LIB.PC065B_TOPLEVEL(SCH_1):PAGE4_I1@UOB_HEP_PC065A_LIB.FMC_HPC_GENERIC(SCH_1):PAGE1_I5@CNCONNECTOR.CON400P_40ABCDEFGHJK_VITA571(CHIPS) 
         Drawing:  UOB_HEP_PC065A_LIB.FMC_HPC_GENERIC(SCH_1):PAGE1:PAGEFMC_HPC_GENERIC(SCH_1):PAGE1 

#37  WARNING(203) Single node net
         Logical net name: @UOB_HEP_PC065A_LIB.PC065B_TOPLEVEL(SCH_1):PAGE4_I1@UOB_HEP_PC065A_LIB.FMC_HPC_GENERIC(SCH_1):DP_M2C_P<4>
         Pin name: A<14> 
         Instance: @UOB_HEP_PC065A_LIB.PC065B_TOPLEVEL(SCH_1):PAGE4_I1@UOB_HEP_PC065A_LIB.FMC_HPC_GENERIC(SCH_1):PAGE1_I5@CNCONNECTOR.CON400P_40ABCDEFGHJK_VITA571(CHIPS) 
         Drawing:  UOB_HEP_PC065A_LIB.FMC_HPC_GENERIC(SCH_1):PAGE1:PAGEFMC_HPC_GENERIC(SCH_1):PAGE1 

#38  WARNING(203) Single node net
         Logical net name: @UOB_HEP_PC065A_LIB.PC065B_TOPLEVEL(SCH_1):PAGE4_I1@UOB_HEP_PC065A_LIB.FMC_HPC_GENERIC(SCH_1):DP_M2C_P<5>
         Pin name: A<18> 
         Instance: @UOB_HEP_PC065A_LIB.PC065B_TOPLEVEL(SCH_1):PAGE4_I1@UOB_HEP_PC065A_LIB.FMC_HPC_GENERIC(SCH_1):PAGE1_I5@CNCONNECTOR.CON400P_40ABCDEFGHJK_VITA571(CHIPS) 
         Drawing:  UOB_HEP_PC065A_LIB.FMC_HPC_GENERIC(SCH_1):PAGE1:PAGEFMC_HPC_GENERIC(SCH_1):PAGE1 

#39  WARNING(203) Single node net
         Logical net name: @UOB_HEP_PC065A_LIB.PC065B_TOPLEVEL(SCH_1):PAGE4_I1@UOB_HEP_PC065A_LIB.FMC_HPC_GENERIC(SCH_1):DP_M2C_P<6>
         Pin name: B<16> 
         Instance: @UOB_HEP_PC065A_LIB.PC065B_TOPLEVEL(SCH_1):PAGE4_I1@UOB_HEP_PC065A_LIB.FMC_HPC_GENERIC(SCH_1):PAGE1_I4@CNCONNECTOR.CON400P_40ABCDEFGHJK_VITA571(CHIPS) 
         Drawing:  UOB_HEP_PC065A_LIB.FMC_HPC_GENERIC(SCH_1):PAGE1:PAGEFMC_HPC_GENERIC(SCH_1):PAGE1 

#40  WARNING(203) Single node net
         Logical net name: @UOB_HEP_PC065A_LIB.PC065B_TOPLEVEL(SCH_1):PAGE4_I1@UOB_HEP_PC065A_LIB.FMC_HPC_GENERIC(SCH_1):DP_M2C_P<7>
         Pin name: B<12> 
         Instance: @UOB_HEP_PC065A_LIB.PC065B_TOPLEVEL(SCH_1):PAGE4_I1@UOB_HEP_PC065A_LIB.FMC_HPC_GENERIC(SCH_1):PAGE1_I4@CNCONNECTOR.CON400P_40ABCDEFGHJK_VITA571(CHIPS) 
         Drawing:  UOB_HEP_PC065A_LIB.FMC_HPC_GENERIC(SCH_1):PAGE1:PAGEFMC_HPC_GENERIC(SCH_1):PAGE1 

#41  WARNING(203) Single node net
         Logical net name: @UOB_HEP_PC065A_LIB.PC065B_TOPLEVEL(SCH_1):PAGE4_I1@UOB_HEP_PC065A_LIB.FMC_HPC_GENERIC(SCH_1):DP_M2C_P<8>
         Pin name: B<8> 
         Instance: @UOB_HEP_PC065A_LIB.PC065B_TOPLEVEL(SCH_1):PAGE4_I1@UOB_HEP_PC065A_LIB.FMC_HPC_GENERIC(SCH_1):PAGE1_I4@CNCONNECTOR.CON400P_40ABCDEFGHJK_VITA571(CHIPS) 
         Drawing:  UOB_HEP_PC065A_LIB.FMC_HPC_GENERIC(SCH_1):PAGE1:PAGEFMC_HPC_GENERIC(SCH_1):PAGE1 

#42  WARNING(203) Single node net
         Logical net name: @UOB_HEP_PC065A_LIB.PC065B_TOPLEVEL(SCH_1):PAGE4_I1@UOB_HEP_PC065A_LIB.FMC_HPC_GENERIC(SCH_1):DP_M2C_P<9>
         Pin name: B<4> 
         Instance: @UOB_HEP_PC065A_LIB.PC065B_TOPLEVEL(SCH_1):PAGE4_I1@UOB_HEP_PC065A_LIB.FMC_HPC_GENERIC(SCH_1):PAGE1_I4@CNCONNECTOR.CON400P_40ABCDEFGHJK_VITA571(CHIPS) 
         Drawing:  UOB_HEP_PC065A_LIB.FMC_HPC_GENERIC(SCH_1):PAGE1:PAGEFMC_HPC_GENERIC(SCH_1):PAGE1 

#43  WARNING(203) Single node net
         Logical net name: @UOB_HEP_PC065A_LIB.PC065B_TOPLEVEL(SCH_1):FMC_LA_N<13>
         Pin name: D<18> 
         Instance: @UOB_HEP_PC065A_LIB.PC065B_TOPLEVEL(SCH_1):PAGE4_I1@UOB_HEP_PC065A_LIB.FMC_HPC_GENERIC(SCH_1):PAGE2_I2@CNCONNECTOR.CON400P_40ABCDEFGHJK_VITA571(CHIPS) 
         Drawing:  UOB_HEP_PC065A_LIB.FMC_HPC_GENERIC(SCH_1):PAGE2:PAGEFMC_HPC_GENERIC(SCH_1):PAGE2 

#44  WARNING(203) Single node net
         Logical net name: @UOB_HEP_PC065A_LIB.PC065B_TOPLEVEL(SCH_1):FMC_LA_N<16>
         Pin name: G<19> 
         Instance: @UOB_HEP_PC065A_LIB.PC065B_TOPLEVEL(SCH_1):PAGE4_I1@UOB_HEP_PC065A_LIB.FMC_HPC_GENERIC(SCH_1):PAGE2_I3@CNCONNECTOR.CON400P_40ABCDEFGHJK_VITA571(CHIPS) 
         Drawing:  UOB_HEP_PC065A_LIB.FMC_HPC_GENERIC(SCH_1):PAGE2:PAGEFMC_HPC_GENERIC(SCH_1):PAGE2 

#45  WARNING(203) Single node net
         Logical net name: @UOB_HEP_PC065A_LIB.PC065B_TOPLEVEL(SCH_1):FMC_LA_N<17>
         Pin name: D<21> 
         Instance: @UOB_HEP_PC065A_LIB.PC065B_TOPLEVEL(SCH_1):PAGE4_I1@UOB_HEP_PC065A_LIB.FMC_HPC_GENERIC(SCH_1):PAGE2_I2@CNCONNECTOR.CON400P_40ABCDEFGHJK_VITA571(CHIPS) 
         Drawing:  UOB_HEP_PC065A_LIB.FMC_HPC_GENERIC(SCH_1):PAGE2:PAGEFMC_HPC_GENERIC(SCH_1):PAGE2 

#46  WARNING(203) Single node net
         Logical net name: @UOB_HEP_PC065A_LIB.PC065B_TOPLEVEL(SCH_1):FMC_LA_N<20>
         Pin name: G<22> 
         Instance: @UOB_HEP_PC065A_LIB.PC065B_TOPLEVEL(SCH_1):PAGE4_I1@UOB_HEP_PC065A_LIB.FMC_HPC_GENERIC(SCH_1):PAGE2_I3@CNCONNECTOR.CON400P_40ABCDEFGHJK_VITA571(CHIPS) 
         Drawing:  UOB_HEP_PC065A_LIB.FMC_HPC_GENERIC(SCH_1):PAGE2:PAGEFMC_HPC_GENERIC(SCH_1):PAGE2 

#47  WARNING(203) Single node net
         Logical net name: @UOB_HEP_PC065A_LIB.PC065B_TOPLEVEL(SCH_1):FMC_LA_N<22>
         Pin name: G<25> 
         Instance: @UOB_HEP_PC065A_LIB.PC065B_TOPLEVEL(SCH_1):PAGE4_I1@UOB_HEP_PC065A_LIB.FMC_HPC_GENERIC(SCH_1):PAGE2_I3@CNCONNECTOR.CON400P_40ABCDEFGHJK_VITA571(CHIPS) 
         Drawing:  UOB_HEP_PC065A_LIB.FMC_HPC_GENERIC(SCH_1):PAGE2:PAGEFMC_HPC_GENERIC(SCH_1):PAGE2 

#48  WARNING(203) Single node net
         Logical net name: @UOB_HEP_PC065A_LIB.PC065B_TOPLEVEL(SCH_1):FMC_LA_N<23>
         Pin name: D<24> 
         Instance: @UOB_HEP_PC065A_LIB.PC065B_TOPLEVEL(SCH_1):PAGE4_I1@UOB_HEP_PC065A_LIB.FMC_HPC_GENERIC(SCH_1):PAGE2_I2@CNCONNECTOR.CON400P_40ABCDEFGHJK_VITA571(CHIPS) 
         Drawing:  UOB_HEP_PC065A_LIB.FMC_HPC_GENERIC(SCH_1):PAGE2:PAGEFMC_HPC_GENERIC(SCH_1):PAGE2 

#49  WARNING(203) Single node net
         Logical net name: @UOB_HEP_PC065A_LIB.PC065B_TOPLEVEL(SCH_1):FMC_LA_N<25>
         Pin name: G<28> 
         Instance: @UOB_HEP_PC065A_LIB.PC065B_TOPLEVEL(SCH_1):PAGE4_I1@UOB_HEP_PC065A_LIB.FMC_HPC_GENERIC(SCH_1):PAGE2_I3@CNCONNECTOR.CON400P_40ABCDEFGHJK_VITA571(CHIPS) 
         Drawing:  UOB_HEP_PC065A_LIB.FMC_HPC_GENERIC(SCH_1):PAGE2:PAGEFMC_HPC_GENERIC(SCH_1):PAGE2 

#50  WARNING(203) Single node net
         Logical net name: @UOB_HEP_PC065A_LIB.PC065B_TOPLEVEL(SCH_1):FMC_LA_N<26>
         Pin name: D<27> 
         Instance: @UOB_HEP_PC065A_LIB.PC065B_TOPLEVEL(SCH_1):PAGE4_I1@UOB_HEP_PC065A_LIB.FMC_HPC_GENERIC(SCH_1):PAGE2_I2@CNCONNECTOR.CON400P_40ABCDEFGHJK_VITA571(CHIPS) 
         Drawing:  UOB_HEP_PC065A_LIB.FMC_HPC_GENERIC(SCH_1):PAGE2:PAGEFMC_HPC_GENERIC(SCH_1):PAGE2 

#51  WARNING(203) Single node net
         Logical net name: @UOB_HEP_PC065A_LIB.PC065B_TOPLEVEL(SCH_1):FMC_LA_N<29>
         Pin name: G<31> 
         Instance: @UOB_HEP_PC065A_LIB.PC065B_TOPLEVEL(SCH_1):PAGE4_I1@UOB_HEP_PC065A_LIB.FMC_HPC_GENERIC(SCH_1):PAGE2_I3@CNCONNECTOR.CON400P_40ABCDEFGHJK_VITA571(CHIPS) 
         Drawing:  UOB_HEP_PC065A_LIB.FMC_HPC_GENERIC(SCH_1):PAGE2:PAGEFMC_HPC_GENERIC(SCH_1):PAGE2 

#52  WARNING(203) Single node net
         Logical net name: @UOB_HEP_PC065A_LIB.PC065B_TOPLEVEL(SCH_1):FMC_LA_N<32>
         Pin name: H<38> 
         Instance: @UOB_HEP_PC065A_LIB.PC065B_TOPLEVEL(SCH_1):PAGE4_I1@UOB_HEP_PC065A_LIB.FMC_HPC_GENERIC(SCH_1):PAGE2_I4@CNCONNECTOR.CON400P_40ABCDEFGHJK_VITA571(CHIPS) 
         Drawing:  UOB_HEP_PC065A_LIB.FMC_HPC_GENERIC(SCH_1):PAGE2:PAGEFMC_HPC_GENERIC(SCH_1):PAGE2 

#53  WARNING(203) Single node net
         Logical net name: @UOB_HEP_PC065A_LIB.PC065B_TOPLEVEL(SCH_1):FMC_LA_N<5>
         Pin name: D<12> 
         Instance: @UOB_HEP_PC065A_LIB.PC065B_TOPLEVEL(SCH_1):PAGE4_I1@UOB_HEP_PC065A_LIB.FMC_HPC_GENERIC(SCH_1):PAGE2_I2@CNCONNECTOR.CON400P_40ABCDEFGHJK_VITA571(CHIPS) 
         Drawing:  UOB_HEP_PC065A_LIB.FMC_HPC_GENERIC(SCH_1):PAGE2:PAGEFMC_HPC_GENERIC(SCH_1):PAGE2 

#54  WARNING(203) Single node net
         Logical net name: @UOB_HEP_PC065A_LIB.PC065B_TOPLEVEL(SCH_1):FMC_LA_P<13>
         Pin name: D<17> 
         Instance: @UOB_HEP_PC065A_LIB.PC065B_TOPLEVEL(SCH_1):PAGE4_I1@UOB_HEP_PC065A_LIB.FMC_HPC_GENERIC(SCH_1):PAGE2_I2@CNCONNECTOR.CON400P_40ABCDEFGHJK_VITA571(CHIPS) 
         Drawing:  UOB_HEP_PC065A_LIB.FMC_HPC_GENERIC(SCH_1):PAGE2:PAGEFMC_HPC_GENERIC(SCH_1):PAGE2 

#55  WARNING(203) Single node net
         Logical net name: @UOB_HEP_PC065A_LIB.PC065B_TOPLEVEL(SCH_1):FMC_LA_P<16>
         Pin name: G<18> 
         Instance: @UOB_HEP_PC065A_LIB.PC065B_TOPLEVEL(SCH_1):PAGE4_I1@UOB_HEP_PC065A_LIB.FMC_HPC_GENERIC(SCH_1):PAGE2_I3@CNCONNECTOR.CON400P_40ABCDEFGHJK_VITA571(CHIPS) 
         Drawing:  UOB_HEP_PC065A_LIB.FMC_HPC_GENERIC(SCH_1):PAGE2:PAGEFMC_HPC_GENERIC(SCH_1):PAGE2 

#56  WARNING(203) Single node net
         Logical net name: @UOB_HEP_PC065A_LIB.PC065B_TOPLEVEL(SCH_1):FMC_LA_P<17>
         Pin name: D<20> 
         Instance: @UOB_HEP_PC065A_LIB.PC065B_TOPLEVEL(SCH_1):PAGE4_I1@UOB_HEP_PC065A_LIB.FMC_HPC_GENERIC(SCH_1):PAGE2_I2@CNCONNECTOR.CON400P_40ABCDEFGHJK_VITA571(CHIPS) 
         Drawing:  UOB_HEP_PC065A_LIB.FMC_HPC_GENERIC(SCH_1):PAGE2:PAGEFMC_HPC_GENERIC(SCH_1):PAGE2 

#57  WARNING(203) Single node net
         Logical net name: @UOB_HEP_PC065A_LIB.PC065B_TOPLEVEL(SCH_1):FMC_LA_P<20>
         Pin name: G<21> 
         Instance: @UOB_HEP_PC065A_LIB.PC065B_TOPLEVEL(SCH_1):PAGE4_I1@UOB_HEP_PC065A_LIB.FMC_HPC_GENERIC(SCH_1):PAGE2_I3@CNCONNECTOR.CON400P_40ABCDEFGHJK_VITA571(CHIPS) 
         Drawing:  UOB_HEP_PC065A_LIB.FMC_HPC_GENERIC(SCH_1):PAGE2:PAGEFMC_HPC_GENERIC(SCH_1):PAGE2 

#58  WARNING(203) Single node net
         Logical net name: @UOB_HEP_PC065A_LIB.PC065B_TOPLEVEL(SCH_1):FMC_LA_P<22>
         Pin name: G<24> 
         Instance: @UOB_HEP_PC065A_LIB.PC065B_TOPLEVEL(SCH_1):PAGE4_I1@UOB_HEP_PC065A_LIB.FMC_HPC_GENERIC(SCH_1):PAGE2_I3@CNCONNECTOR.CON400P_40ABCDEFGHJK_VITA571(CHIPS) 
         Drawing:  UOB_HEP_PC065A_LIB.FMC_HPC_GENERIC(SCH_1):PAGE2:PAGEFMC_HPC_GENERIC(SCH_1):PAGE2 

#59  WARNING(203) Single node net
         Logical net name: @UOB_HEP_PC065A_LIB.PC065B_TOPLEVEL(SCH_1):FMC_LA_P<23>
         Pin name: D<23> 
         Instance: @UOB_HEP_PC065A_LIB.PC065B_TOPLEVEL(SCH_1):PAGE4_I1@UOB_HEP_PC065A_LIB.FMC_HPC_GENERIC(SCH_1):PAGE2_I2@CNCONNECTOR.CON400P_40ABCDEFGHJK_VITA571(CHIPS) 
         Drawing:  UOB_HEP_PC065A_LIB.FMC_HPC_GENERIC(SCH_1):PAGE2:PAGEFMC_HPC_GENERIC(SCH_1):PAGE2 

#60  WARNING(203) Single node net
         Logical net name: @UOB_HEP_PC065A_LIB.PC065B_TOPLEVEL(SCH_1):FMC_LA_P<25>
         Pin name: G<27> 
         Instance: @UOB_HEP_PC065A_LIB.PC065B_TOPLEVEL(SCH_1):PAGE4_I1@UOB_HEP_PC065A_LIB.FMC_HPC_GENERIC(SCH_1):PAGE2_I3@CNCONNECTOR.CON400P_40ABCDEFGHJK_VITA571(CHIPS) 
         Drawing:  UOB_HEP_PC065A_LIB.FMC_HPC_GENERIC(SCH_1):PAGE2:PAGEFMC_HPC_GENERIC(SCH_1):PAGE2 

#61  WARNING(203) Single node net
         Logical net name: @UOB_HEP_PC065A_LIB.PC065B_TOPLEVEL(SCH_1):FMC_LA_P<26>
         Pin name: D<26> 
         Instance: @UOB_HEP_PC065A_LIB.PC065B_TOPLEVEL(SCH_1):PAGE4_I1@UOB_HEP_PC065A_LIB.FMC_HPC_GENERIC(SCH_1):PAGE2_I2@CNCONNECTOR.CON400P_40ABCDEFGHJK_VITA571(CHIPS) 
         Drawing:  UOB_HEP_PC065A_LIB.FMC_HPC_GENERIC(SCH_1):PAGE2:PAGEFMC_HPC_GENERIC(SCH_1):PAGE2 

#62  WARNING(203) Single node net
         Logical net name: @UOB_HEP_PC065A_LIB.PC065B_TOPLEVEL(SCH_1):FMC_LA_P<29>
         Pin name: G<30> 
         Instance: @UOB_HEP_PC065A_LIB.PC065B_TOPLEVEL(SCH_1):PAGE4_I1@UOB_HEP_PC065A_LIB.FMC_HPC_GENERIC(SCH_1):PAGE2_I3@CNCONNECTOR.CON400P_40ABCDEFGHJK_VITA571(CHIPS) 
         Drawing:  UOB_HEP_PC065A_LIB.FMC_HPC_GENERIC(SCH_1):PAGE2:PAGEFMC_HPC_GENERIC(SCH_1):PAGE2 

#63  WARNING(203) Single node net
         Logical net name: @UOB_HEP_PC065A_LIB.PC065B_TOPLEVEL(SCH_1):FMC_LA_P<32>
         Pin name: H<37> 
         Instance: @UOB_HEP_PC065A_LIB.PC065B_TOPLEVEL(SCH_1):PAGE4_I1@UOB_HEP_PC065A_LIB.FMC_HPC_GENERIC(SCH_1):PAGE2_I4@CNCONNECTOR.CON400P_40ABCDEFGHJK_VITA571(CHIPS) 
         Drawing:  UOB_HEP_PC065A_LIB.FMC_HPC_GENERIC(SCH_1):PAGE2:PAGEFMC_HPC_GENERIC(SCH_1):PAGE2 

#64  WARNING(203) Single node net
         Logical net name: @UOB_HEP_PC065A_LIB.PC065B_TOPLEVEL(SCH_1):FMC_LA_P<5>
         Pin name: D<11> 
         Instance: @UOB_HEP_PC065A_LIB.PC065B_TOPLEVEL(SCH_1):PAGE4_I1@UOB_HEP_PC065A_LIB.FMC_HPC_GENERIC(SCH_1):PAGE2_I2@CNCONNECTOR.CON400P_40ABCDEFGHJK_VITA571(CHIPS) 
         Drawing:  UOB_HEP_PC065A_LIB.FMC_HPC_GENERIC(SCH_1):PAGE2:PAGEFMC_HPC_GENERIC(SCH_1):PAGE2 

#65  WARNING(203) Single node net
         Logical net name: @UOB_HEP_PC065A_LIB.PC065B_TOPLEVEL(SCH_1):PAGE4_I1@UOB_HEP_PC065A_LIB.FMC_HPC_GENERIC(SCH_1):GBTCLK_M2C_N<0>
         Pin name: D<5> 
         Instance: @UOB_HEP_PC065A_LIB.PC065B_TOPLEVEL(SCH_1):PAGE4_I1@UOB_HEP_PC065A_LIB.FMC_HPC_GENERIC(SCH_1):PAGE2_I2@CNCONNECTOR.CON400P_40ABCDEFGHJK_VITA571(CHIPS) 
         Drawing:  UOB_HEP_PC065A_LIB.FMC_HPC_GENERIC(SCH_1):PAGE2:PAGEFMC_HPC_GENERIC(SCH_1):PAGE2 

#66  WARNING(203) Single node net
         Logical net name: @UOB_HEP_PC065A_LIB.PC065B_TOPLEVEL(SCH_1):PAGE4_I1@UOB_HEP_PC065A_LIB.FMC_HPC_GENERIC(SCH_1):GBTCLK_M2C_N<1>
         Pin name: B<21> 
         Instance: @UOB_HEP_PC065A_LIB.PC065B_TOPLEVEL(SCH_1):PAGE4_I1@UOB_HEP_PC065A_LIB.FMC_HPC_GENERIC(SCH_1):PAGE1_I4@CNCONNECTOR.CON400P_40ABCDEFGHJK_VITA571(CHIPS) 
         Drawing:  UOB_HEP_PC065A_LIB.FMC_HPC_GENERIC(SCH_1):PAGE1:PAGEFMC_HPC_GENERIC(SCH_1):PAGE1 

#67  WARNING(203) Single node net
         Logical net name: @UOB_HEP_PC065A_LIB.PC065B_TOPLEVEL(SCH_1):PAGE4_I1@UOB_HEP_PC065A_LIB.FMC_HPC_GENERIC(SCH_1):GBTCLK_M2C_P<0>
         Pin name: D<4> 
         Instance: @UOB_HEP_PC065A_LIB.PC065B_TOPLEVEL(SCH_1):PAGE4_I1@UOB_HEP_PC065A_LIB.FMC_HPC_GENERIC(SCH_1):PAGE2_I2@CNCONNECTOR.CON400P_40ABCDEFGHJK_VITA571(CHIPS) 
         Drawing:  UOB_HEP_PC065A_LIB.FMC_HPC_GENERIC(SCH_1):PAGE2:PAGEFMC_HPC_GENERIC(SCH_1):PAGE2 

#68  WARNING(203) Single node net
         Logical net name: @UOB_HEP_PC065A_LIB.PC065B_TOPLEVEL(SCH_1):PAGE4_I1@UOB_HEP_PC065A_LIB.FMC_HPC_GENERIC(SCH_1):GBTCLK_M2C_P<1>
         Pin name: B<20> 
         Instance: @UOB_HEP_PC065A_LIB.PC065B_TOPLEVEL(SCH_1):PAGE4_I1@UOB_HEP_PC065A_LIB.FMC_HPC_GENERIC(SCH_1):PAGE1_I4@CNCONNECTOR.CON400P_40ABCDEFGHJK_VITA571(CHIPS) 
         Drawing:  UOB_HEP_PC065A_LIB.FMC_HPC_GENERIC(SCH_1):PAGE1:PAGEFMC_HPC_GENERIC(SCH_1):PAGE1 

#69  WARNING(203) Single node net
         Logical net name: @UOB_HEP_PC065A_LIB.PC065B_TOPLEVEL(SCH_1):PAGE4_I1@UOB_HEP_PC065A_LIB.FMC_HPC_GENERIC(SCH_1):HA_N<0>
         Pin name: F<5> 
         Instance: @UOB_HEP_PC065A_LIB.PC065B_TOPLEVEL(SCH_1):PAGE4_I1@UOB_HEP_PC065A_LIB.FMC_HPC_GENERIC(SCH_1):PAGE3_I87@CNCONNECTOR.CON400P_40ABCDEFGHJK_VITA571(CHIPS) 
         Drawing:  UOB_HEP_PC065A_LIB.FMC_HPC_GENERIC(SCH_1):PAGE3:PAGEFMC_HPC_GENERIC(SCH_1):PAGE3 

#70  WARNING(203) Single node net
         Logical net name: @UOB_HEP_PC065A_LIB.PC065B_TOPLEVEL(SCH_1):PAGE4_I1@UOB_HEP_PC065A_LIB.FMC_HPC_GENERIC(SCH_1):HA_N<10>
         Pin name: K<14> 
         Instance: @UOB_HEP_PC065A_LIB.PC065B_TOPLEVEL(SCH_1):PAGE4_I1@UOB_HEP_PC065A_LIB.FMC_HPC_GENERIC(SCH_1):PAGE3_I4@CNCONNECTOR.CON400P_40ABCDEFGHJK_VITA571(CHIPS) 
         Drawing:  UOB_HEP_PC065A_LIB.FMC_HPC_GENERIC(SCH_1):PAGE3:PAGEFMC_HPC_GENERIC(SCH_1):PAGE3 

#71  WARNING(203) Single node net
         Logical net name: @UOB_HEP_PC065A_LIB.PC065B_TOPLEVEL(SCH_1):PAGE4_I1@UOB_HEP_PC065A_LIB.FMC_HPC_GENERIC(SCH_1):HA_N<11>
         Pin name: J<13> 
         Instance: @UOB_HEP_PC065A_LIB.PC065B_TOPLEVEL(SCH_1):PAGE4_I1@UOB_HEP_PC065A_LIB.FMC_HPC_GENERIC(SCH_1):PAGE3_I3@CNCONNECTOR.CON400P_40ABCDEFGHJK_VITA571(CHIPS) 
         Drawing:  UOB_HEP_PC065A_LIB.FMC_HPC_GENERIC(SCH_1):PAGE3:PAGEFMC_HPC_GENERIC(SCH_1):PAGE3 

#72  WARNING(203) Single node net
         Logical net name: @UOB_HEP_PC065A_LIB.PC065B_TOPLEVEL(SCH_1):PAGE4_I1@UOB_HEP_PC065A_LIB.FMC_HPC_GENERIC(SCH_1):HA_N<12>
         Pin name: F<14> 
         Instance: @UOB_HEP_PC065A_LIB.PC065B_TOPLEVEL(SCH_1):PAGE4_I1@UOB_HEP_PC065A_LIB.FMC_HPC_GENERIC(SCH_1):PAGE3_I87@CNCONNECTOR.CON400P_40ABCDEFGHJK_VITA571(CHIPS) 
         Drawing:  UOB_HEP_PC065A_LIB.FMC_HPC_GENERIC(SCH_1):PAGE3:PAGEFMC_HPC_GENERIC(SCH_1):PAGE3 

#73  WARNING(203) Single node net
         Logical net name: @UOB_HEP_PC065A_LIB.PC065B_TOPLEVEL(SCH_1):PAGE4_I1@UOB_HEP_PC065A_LIB.FMC_HPC_GENERIC(SCH_1):HA_N<13>
         Pin name: E<13> 
         Instance: @UOB_HEP_PC065A_LIB.PC065B_TOPLEVEL(SCH_1):PAGE4_I1@UOB_HEP_PC065A_LIB.FMC_HPC_GENERIC(SCH_1):PAGE3_I1@CNCONNECTOR.CON400P_40ABCDEFGHJK_VITA571(CHIPS) 
         Drawing:  UOB_HEP_PC065A_LIB.FMC_HPC_GENERIC(SCH_1):PAGE3:PAGEFMC_HPC_GENERIC(SCH_1):PAGE3 

#74  WARNING(203) Single node net
         Logical net name: @UOB_HEP_PC065A_LIB.PC065B_TOPLEVEL(SCH_1):PAGE4_I1@UOB_HEP_PC065A_LIB.FMC_HPC_GENERIC(SCH_1):HA_N<14>
         Pin name: J<16> 
         Instance: @UOB_HEP_PC065A_LIB.PC065B_TOPLEVEL(SCH_1):PAGE4_I1@UOB_HEP_PC065A_LIB.FMC_HPC_GENERIC(SCH_1):PAGE3_I3@CNCONNECTOR.CON400P_40ABCDEFGHJK_VITA571(CHIPS) 
         Drawing:  UOB_HEP_PC065A_LIB.FMC_HPC_GENERIC(SCH_1):PAGE3:PAGEFMC_HPC_GENERIC(SCH_1):PAGE3 

#75  WARNING(203) Single node net
         Logical net name: @UOB_HEP_PC065A_LIB.PC065B_TOPLEVEL(SCH_1):PAGE4_I1@UOB_HEP_PC065A_LIB.FMC_HPC_GENERIC(SCH_1):HA_N<15>
         Pin name: F<17> 
         Instance: @UOB_HEP_PC065A_LIB.PC065B_TOPLEVEL(SCH_1):PAGE4_I1@UOB_HEP_PC065A_LIB.FMC_HPC_GENERIC(SCH_1):PAGE3_I87@CNCONNECTOR.CON400P_40ABCDEFGHJK_VITA571(CHIPS) 
         Drawing:  UOB_HEP_PC065A_LIB.FMC_HPC_GENERIC(SCH_1):PAGE3:PAGEFMC_HPC_GENERIC(SCH_1):PAGE3 

#76  WARNING(203) Single node net
         Logical net name: @UOB_HEP_PC065A_LIB.PC065B_TOPLEVEL(SCH_1):PAGE4_I1@UOB_HEP_PC065A_LIB.FMC_HPC_GENERIC(SCH_1):HA_N<16>
         Pin name: E<16> 
         Instance: @UOB_HEP_PC065A_LIB.PC065B_TOPLEVEL(SCH_1):PAGE4_I1@UOB_HEP_PC065A_LIB.FMC_HPC_GENERIC(SCH_1):PAGE3_I1@CNCONNECTOR.CON400P_40ABCDEFGHJK_VITA571(CHIPS) 
         Drawing:  UOB_HEP_PC065A_LIB.FMC_HPC_GENERIC(SCH_1):PAGE3:PAGEFMC_HPC_GENERIC(SCH_1):PAGE3 

#77  WARNING(203) Single node net
         Logical net name: @UOB_HEP_PC065A_LIB.PC065B_TOPLEVEL(SCH_1):PAGE4_I1@UOB_HEP_PC065A_LIB.FMC_HPC_GENERIC(SCH_1):HA_N<17>
         Pin name: K<17> 
         Instance: @UOB_HEP_PC065A_LIB.PC065B_TOPLEVEL(SCH_1):PAGE4_I1@UOB_HEP_PC065A_LIB.FMC_HPC_GENERIC(SCH_1):PAGE3_I4@CNCONNECTOR.CON400P_40ABCDEFGHJK_VITA571(CHIPS) 
         Drawing:  UOB_HEP_PC065A_LIB.FMC_HPC_GENERIC(SCH_1):PAGE3:PAGEFMC_HPC_GENERIC(SCH_1):PAGE3 

#78  WARNING(203) Single node net
         Logical net name: @UOB_HEP_PC065A_LIB.PC065B_TOPLEVEL(SCH_1):PAGE4_I1@UOB_HEP_PC065A_LIB.FMC_HPC_GENERIC(SCH_1):HA_N<18>
         Pin name: J<19> 
         Instance: @UOB_HEP_PC065A_LIB.PC065B_TOPLEVEL(SCH_1):PAGE4_I1@UOB_HEP_PC065A_LIB.FMC_HPC_GENERIC(SCH_1):PAGE3_I3@CNCONNECTOR.CON400P_40ABCDEFGHJK_VITA571(CHIPS) 
         Drawing:  UOB_HEP_PC065A_LIB.FMC_HPC_GENERIC(SCH_1):PAGE3:PAGEFMC_HPC_GENERIC(SCH_1):PAGE3 

#79  WARNING(203) Single node net
         Logical net name: @UOB_HEP_PC065A_LIB.PC065B_TOPLEVEL(SCH_1):PAGE4_I1@UOB_HEP_PC065A_LIB.FMC_HPC_GENERIC(SCH_1):HA_N<19>
         Pin name: F<20> 
         Instance: @UOB_HEP_PC065A_LIB.PC065B_TOPLEVEL(SCH_1):PAGE4_I1@UOB_HEP_PC065A_LIB.FMC_HPC_GENERIC(SCH_1):PAGE3_I87@CNCONNECTOR.CON400P_40ABCDEFGHJK_VITA571(CHIPS) 
         Drawing:  UOB_HEP_PC065A_LIB.FMC_HPC_GENERIC(SCH_1):PAGE3:PAGEFMC_HPC_GENERIC(SCH_1):PAGE3 

#80  WARNING(203) Single node net
         Logical net name: @UOB_HEP_PC065A_LIB.PC065B_TOPLEVEL(SCH_1):PAGE4_I1@UOB_HEP_PC065A_LIB.FMC_HPC_GENERIC(SCH_1):HA_N<1>
         Pin name: E<3> 
         Instance: @UOB_HEP_PC065A_LIB.PC065B_TOPLEVEL(SCH_1):PAGE4_I1@UOB_HEP_PC065A_LIB.FMC_HPC_GENERIC(SCH_1):PAGE3_I1@CNCONNECTOR.CON400P_40ABCDEFGHJK_VITA571(CHIPS) 
         Drawing:  UOB_HEP_PC065A_LIB.FMC_HPC_GENERIC(SCH_1):PAGE3:PAGEFMC_HPC_GENERIC(SCH_1):PAGE3 

#81  WARNING(203) Single node net
         Logical net name: @UOB_HEP_PC065A_LIB.PC065B_TOPLEVEL(SCH_1):PAGE4_I1@UOB_HEP_PC065A_LIB.FMC_HPC_GENERIC(SCH_1):HA_N<20>
         Pin name: E<19> 
         Instance: @UOB_HEP_PC065A_LIB.PC065B_TOPLEVEL(SCH_1):PAGE4_I1@UOB_HEP_PC065A_LIB.FMC_HPC_GENERIC(SCH_1):PAGE3_I1@CNCONNECTOR.CON400P_40ABCDEFGHJK_VITA571(CHIPS) 
         Drawing:  UOB_HEP_PC065A_LIB.FMC_HPC_GENERIC(SCH_1):PAGE3:PAGEFMC_HPC_GENERIC(SCH_1):PAGE3 

#82  WARNING(203) Single node net
         Logical net name: @UOB_HEP_PC065A_LIB.PC065B_TOPLEVEL(SCH_1):PAGE4_I1@UOB_HEP_PC065A_LIB.FMC_HPC_GENERIC(SCH_1):HA_N<21>
         Pin name: K<20> 
         Instance: @UOB_HEP_PC065A_LIB.PC065B_TOPLEVEL(SCH_1):PAGE4_I1@UOB_HEP_PC065A_LIB.FMC_HPC_GENERIC(SCH_1):PAGE3_I4@CNCONNECTOR.CON400P_40ABCDEFGHJK_VITA571(CHIPS) 
         Drawing:  UOB_HEP_PC065A_LIB.FMC_HPC_GENERIC(SCH_1):PAGE3:PAGEFMC_HPC_GENERIC(SCH_1):PAGE3 

#83  WARNING(203) Single node net
         Logical net name: @UOB_HEP_PC065A_LIB.PC065B_TOPLEVEL(SCH_1):PAGE4_I1@UOB_HEP_PC065A_LIB.FMC_HPC_GENERIC(SCH_1):HA_N<22>
         Pin name: J<22> 
         Instance: @UOB_HEP_PC065A_LIB.PC065B_TOPLEVEL(SCH_1):PAGE4_I1@UOB_HEP_PC065A_LIB.FMC_HPC_GENERIC(SCH_1):PAGE3_I3@CNCONNECTOR.CON400P_40ABCDEFGHJK_VITA571(CHIPS) 
         Drawing:  UOB_HEP_PC065A_LIB.FMC_HPC_GENERIC(SCH_1):PAGE3:PAGEFMC_HPC_GENERIC(SCH_1):PAGE3 

#84  WARNING(203) Single node net
         Logical net name: @UOB_HEP_PC065A_LIB.PC065B_TOPLEVEL(SCH_1):PAGE4_I1@UOB_HEP_PC065A_LIB.FMC_HPC_GENERIC(SCH_1):HA_N<23>
         Pin name: K<23> 
         Instance: @UOB_HEP_PC065A_LIB.PC065B_TOPLEVEL(SCH_1):PAGE4_I1@UOB_HEP_PC065A_LIB.FMC_HPC_GENERIC(SCH_1):PAGE3_I4@CNCONNECTOR.CON400P_40ABCDEFGHJK_VITA571(CHIPS) 
         Drawing:  UOB_HEP_PC065A_LIB.FMC_HPC_GENERIC(SCH_1):PAGE3:PAGEFMC_HPC_GENERIC(SCH_1):PAGE3 

#85  WARNING(203) Single node net
         Logical net name: @UOB_HEP_PC065A_LIB.PC065B_TOPLEVEL(SCH_1):PAGE4_I1@UOB_HEP_PC065A_LIB.FMC_HPC_GENERIC(SCH_1):HA_N<2>
         Pin name: K<8> 
         Instance: @UOB_HEP_PC065A_LIB.PC065B_TOPLEVEL(SCH_1):PAGE4_I1@UOB_HEP_PC065A_LIB.FMC_HPC_GENERIC(SCH_1):PAGE3_I4@CNCONNECTOR.CON400P_40ABCDEFGHJK_VITA571(CHIPS) 
         Drawing:  UOB_HEP_PC065A_LIB.FMC_HPC_GENERIC(SCH_1):PAGE3:PAGEFMC_HPC_GENERIC(SCH_1):PAGE3 

#86  WARNING(203) Single node net
         Logical net name: @UOB_HEP_PC065A_LIB.PC065B_TOPLEVEL(SCH_1):PAGE4_I1@UOB_HEP_PC065A_LIB.FMC_HPC_GENERIC(SCH_1):HA_N<3>
         Pin name: J<7> 
         Instance: @UOB_HEP_PC065A_LIB.PC065B_TOPLEVEL(SCH_1):PAGE4_I1@UOB_HEP_PC065A_LIB.FMC_HPC_GENERIC(SCH_1):PAGE3_I3@CNCONNECTOR.CON400P_40ABCDEFGHJK_VITA571(CHIPS) 
         Drawing:  UOB_HEP_PC065A_LIB.FMC_HPC_GENERIC(SCH_1):PAGE3:PAGEFMC_HPC_GENERIC(SCH_1):PAGE3 

#87  WARNING(203) Single node net
         Logical net name: @UOB_HEP_PC065A_LIB.PC065B_TOPLEVEL(SCH_1):PAGE4_I1@UOB_HEP_PC065A_LIB.FMC_HPC_GENERIC(SCH_1):HA_N<4>
         Pin name: F<8> 
         Instance: @UOB_HEP_PC065A_LIB.PC065B_TOPLEVEL(SCH_1):PAGE4_I1@UOB_HEP_PC065A_LIB.FMC_HPC_GENERIC(SCH_1):PAGE3_I87@CNCONNECTOR.CON400P_40ABCDEFGHJK_VITA571(CHIPS) 
         Drawing:  UOB_HEP_PC065A_LIB.FMC_HPC_GENERIC(SCH_1):PAGE3:PAGEFMC_HPC_GENERIC(SCH_1):PAGE3 

#88  WARNING(203) Single node net
         Logical net name: @UOB_HEP_PC065A_LIB.PC065B_TOPLEVEL(SCH_1):PAGE4_I1@UOB_HEP_PC065A_LIB.FMC_HPC_GENERIC(SCH_1):HA_N<5>
         Pin name: E<7> 
         Instance: @UOB_HEP_PC065A_LIB.PC065B_TOPLEVEL(SCH_1):PAGE4_I1@UOB_HEP_PC065A_LIB.FMC_HPC_GENERIC(SCH_1):PAGE3_I1@CNCONNECTOR.CON400P_40ABCDEFGHJK_VITA571(CHIPS) 
         Drawing:  UOB_HEP_PC065A_LIB.FMC_HPC_GENERIC(SCH_1):PAGE3:PAGEFMC_HPC_GENERIC(SCH_1):PAGE3 

#89  WARNING(203) Single node net
         Logical net name: @UOB_HEP_PC065A_LIB.PC065B_TOPLEVEL(SCH_1):PAGE4_I1@UOB_HEP_PC065A_LIB.FMC_HPC_GENERIC(SCH_1):HA_N<6>
         Pin name: K<11> 
         Instance: @UOB_HEP_PC065A_LIB.PC065B_TOPLEVEL(SCH_1):PAGE4_I1@UOB_HEP_PC065A_LIB.FMC_HPC_GENERIC(SCH_1):PAGE3_I4@CNCONNECTOR.CON400P_40ABCDEFGHJK_VITA571(CHIPS) 
         Drawing:  UOB_HEP_PC065A_LIB.FMC_HPC_GENERIC(SCH_1):PAGE3:PAGEFMC_HPC_GENERIC(SCH_1):PAGE3 

#90  WARNING(203) Single node net
         Logical net name: @UOB_HEP_PC065A_LIB.PC065B_TOPLEVEL(SCH_1):PAGE4_I1@UOB_HEP_PC065A_LIB.FMC_HPC_GENERIC(SCH_1):HA_N<7>
         Pin name: J<10> 
         Instance: @UOB_HEP_PC065A_LIB.PC065B_TOPLEVEL(SCH_1):PAGE4_I1@UOB_HEP_PC065A_LIB.FMC_HPC_GENERIC(SCH_1):PAGE3_I3@CNCONNECTOR.CON400P_40ABCDEFGHJK_VITA571(CHIPS) 
         Drawing:  UOB_HEP_PC065A_LIB.FMC_HPC_GENERIC(SCH_1):PAGE3:PAGEFMC_HPC_GENERIC(SCH_1):PAGE3 

#91  WARNING(203) Single node net
         Logical net name: @UOB_HEP_PC065A_LIB.PC065B_TOPLEVEL(SCH_1):PAGE4_I1@UOB_HEP_PC065A_LIB.FMC_HPC_GENERIC(SCH_1):HA_N<8>
         Pin name: F<11> 
         Instance: @UOB_HEP_PC065A_LIB.PC065B_TOPLEVEL(SCH_1):PAGE4_I1@UOB_HEP_PC065A_LIB.FMC_HPC_GENERIC(SCH_1):PAGE3_I87@CNCONNECTOR.CON400P_40ABCDEFGHJK_VITA571(CHIPS) 
         Drawing:  UOB_HEP_PC065A_LIB.FMC_HPC_GENERIC(SCH_1):PAGE3:PAGEFMC_HPC_GENERIC(SCH_1):PAGE3 

#92  WARNING(203) Single node net
         Logical net name: @UOB_HEP_PC065A_LIB.PC065B_TOPLEVEL(SCH_1):PAGE4_I1@UOB_HEP_PC065A_LIB.FMC_HPC_GENERIC(SCH_1):HA_N<9>
         Pin name: E<10> 
         Instance: @UOB_HEP_PC065A_LIB.PC065B_TOPLEVEL(SCH_1):PAGE4_I1@UOB_HEP_PC065A_LIB.FMC_HPC_GENERIC(SCH_1):PAGE3_I1@CNCONNECTOR.CON400P_40ABCDEFGHJK_VITA571(CHIPS) 
         Drawing:  UOB_HEP_PC065A_LIB.FMC_HPC_GENERIC(SCH_1):PAGE3:PAGEFMC_HPC_GENERIC(SCH_1):PAGE3 

#93  WARNING(203) Single node net
         Logical net name: @UOB_HEP_PC065A_LIB.PC065B_TOPLEVEL(SCH_1):PAGE4_I1@UOB_HEP_PC065A_LIB.FMC_HPC_GENERIC(SCH_1):HA_P<0>
         Pin name: F<4> 
         Instance: @UOB_HEP_PC065A_LIB.PC065B_TOPLEVEL(SCH_1):PAGE4_I1@UOB_HEP_PC065A_LIB.FMC_HPC_GENERIC(SCH_1):PAGE3_I87@CNCONNECTOR.CON400P_40ABCDEFGHJK_VITA571(CHIPS) 
         Drawing:  UOB_HEP_PC065A_LIB.FMC_HPC_GENERIC(SCH_1):PAGE3:PAGEFMC_HPC_GENERIC(SCH_1):PAGE3 

#94  WARNING(203) Single node net
         Logical net name: @UOB_HEP_PC065A_LIB.PC065B_TOPLEVEL(SCH_1):PAGE4_I1@UOB_HEP_PC065A_LIB.FMC_HPC_GENERIC(SCH_1):HA_P<10>
         Pin name: K<13> 
         Instance: @UOB_HEP_PC065A_LIB.PC065B_TOPLEVEL(SCH_1):PAGE4_I1@UOB_HEP_PC065A_LIB.FMC_HPC_GENERIC(SCH_1):PAGE3_I4@CNCONNECTOR.CON400P_40ABCDEFGHJK_VITA571(CHIPS) 
         Drawing:  UOB_HEP_PC065A_LIB.FMC_HPC_GENERIC(SCH_1):PAGE3:PAGEFMC_HPC_GENERIC(SCH_1):PAGE3 

#95  WARNING(203) Single node net
         Logical net name: @UOB_HEP_PC065A_LIB.PC065B_TOPLEVEL(SCH_1):PAGE4_I1@UOB_HEP_PC065A_LIB.FMC_HPC_GENERIC(SCH_1):HA_P<11>
         Pin name: J<12> 
         Instance: @UOB_HEP_PC065A_LIB.PC065B_TOPLEVEL(SCH_1):PAGE4_I1@UOB_HEP_PC065A_LIB.FMC_HPC_GENERIC(SCH_1):PAGE3_I3@CNCONNECTOR.CON400P_40ABCDEFGHJK_VITA571(CHIPS) 
         Drawing:  UOB_HEP_PC065A_LIB.FMC_HPC_GENERIC(SCH_1):PAGE3:PAGEFMC_HPC_GENERIC(SCH_1):PAGE3 

#96  WARNING(203) Single node net
         Logical net name: @UOB_HEP_PC065A_LIB.PC065B_TOPLEVEL(SCH_1):PAGE4_I1@UOB_HEP_PC065A_LIB.FMC_HPC_GENERIC(SCH_1):HA_P<12>
         Pin name: F<13> 
         Instance: @UOB_HEP_PC065A_LIB.PC065B_TOPLEVEL(SCH_1):PAGE4_I1@UOB_HEP_PC065A_LIB.FMC_HPC_GENERIC(SCH_1):PAGE3_I87@CNCONNECTOR.CON400P_40ABCDEFGHJK_VITA571(CHIPS) 
         Drawing:  UOB_HEP_PC065A_LIB.FMC_HPC_GENERIC(SCH_1):PAGE3:PAGEFMC_HPC_GENERIC(SCH_1):PAGE3 

#97  WARNING(203) Single node net
         Logical net name: @UOB_HEP_PC065A_LIB.PC065B_TOPLEVEL(SCH_1):PAGE4_I1@UOB_HEP_PC065A_LIB.FMC_HPC_GENERIC(SCH_1):HA_P<13>
         Pin name: E<12> 
         Instance: @UOB_HEP_PC065A_LIB.PC065B_TOPLEVEL(SCH_1):PAGE4_I1@UOB_HEP_PC065A_LIB.FMC_HPC_GENERIC(SCH_1):PAGE3_I1@CNCONNECTOR.CON400P_40ABCDEFGHJK_VITA571(CHIPS) 
         Drawing:  UOB_HEP_PC065A_LIB.FMC_HPC_GENERIC(SCH_1):PAGE3:PAGEFMC_HPC_GENERIC(SCH_1):PAGE3 

#98  WARNING(203) Single node net
         Logical net name: @UOB_HEP_PC065A_LIB.PC065B_TOPLEVEL(SCH_1):PAGE4_I1@UOB_HEP_PC065A_LIB.FMC_HPC_GENERIC(SCH_1):HA_P<14>
         Pin name: J<15> 
         Instance: @UOB_HEP_PC065A_LIB.PC065B_TOPLEVEL(SCH_1):PAGE4_I1@UOB_HEP_PC065A_LIB.FMC_HPC_GENERIC(SCH_1):PAGE3_I3@CNCONNECTOR.CON400P_40ABCDEFGHJK_VITA571(CHIPS) 
         Drawing:  UOB_HEP_PC065A_LIB.FMC_HPC_GENERIC(SCH_1):PAGE3:PAGEFMC_HPC_GENERIC(SCH_1):PAGE3 

#99  WARNING(203) Single node net
         Logical net name: @UOB_HEP_PC065A_LIB.PC065B_TOPLEVEL(SCH_1):PAGE4_I1@UOB_HEP_PC065A_LIB.FMC_HPC_GENERIC(SCH_1):HA_P<15>
         Pin name: F<16> 
         Instance: @UOB_HEP_PC065A_LIB.PC065B_TOPLEVEL(SCH_1):PAGE4_I1@UOB_HEP_PC065A_LIB.FMC_HPC_GENERIC(SCH_1):PAGE3_I87@CNCONNECTOR.CON400P_40ABCDEFGHJK_VITA571(CHIPS) 
         Drawing:  UOB_HEP_PC065A_LIB.FMC_HPC_GENERIC(SCH_1):PAGE3:PAGEFMC_HPC_GENERIC(SCH_1):PAGE3 

#100 WARNING(203) Single node net
         Logical net name: @UOB_HEP_PC065A_LIB.PC065B_TOPLEVEL(SCH_1):PAGE4_I1@UOB_HEP_PC065A_LIB.FMC_HPC_GENERIC(SCH_1):HA_P<16>
         Pin name: E<15> 
         Instance: @UOB_HEP_PC065A_LIB.PC065B_TOPLEVEL(SCH_1):PAGE4_I1@UOB_HEP_PC065A_LIB.FMC_HPC_GENERIC(SCH_1):PAGE3_I1@CNCONNECTOR.CON400P_40ABCDEFGHJK_VITA571(CHIPS) 
         Drawing:  UOB_HEP_PC065A_LIB.FMC_HPC_GENERIC(SCH_1):PAGE3:PAGEFMC_HPC_GENERIC(SCH_1):PAGE3 

#101 WARNING(203) Single node net
         Logical net name: @UOB_HEP_PC065A_LIB.PC065B_TOPLEVEL(SCH_1):PAGE4_I1@UOB_HEP_PC065A_LIB.FMC_HPC_GENERIC(SCH_1):HA_P<17>
         Pin name: K<16> 
         Instance: @UOB_HEP_PC065A_LIB.PC065B_TOPLEVEL(SCH_1):PAGE4_I1@UOB_HEP_PC065A_LIB.FMC_HPC_GENERIC(SCH_1):PAGE3_I4@CNCONNECTOR.CON400P_40ABCDEFGHJK_VITA571(CHIPS) 
         Drawing:  UOB_HEP_PC065A_LIB.FMC_HPC_GENERIC(SCH_1):PAGE3:PAGEFMC_HPC_GENERIC(SCH_1):PAGE3 

#102 WARNING(203) Single node net
         Logical net name: @UOB_HEP_PC065A_LIB.PC065B_TOPLEVEL(SCH_1):PAGE4_I1@UOB_HEP_PC065A_LIB.FMC_HPC_GENERIC(SCH_1):HA_P<18>
         Pin name: J<18> 
         Instance: @UOB_HEP_PC065A_LIB.PC065B_TOPLEVEL(SCH_1):PAGE4_I1@UOB_HEP_PC065A_LIB.FMC_HPC_GENERIC(SCH_1):PAGE3_I3@CNCONNECTOR.CON400P_40ABCDEFGHJK_VITA571(CHIPS) 
         Drawing:  UOB_HEP_PC065A_LIB.FMC_HPC_GENERIC(SCH_1):PAGE3:PAGEFMC_HPC_GENERIC(SCH_1):PAGE3 

#103 WARNING(203) Single node net
         Logical net name: @UOB_HEP_PC065A_LIB.PC065B_TOPLEVEL(SCH_1):PAGE4_I1@UOB_HEP_PC065A_LIB.FMC_HPC_GENERIC(SCH_1):HA_P<19>
         Pin name: F<19> 
         Instance: @UOB_HEP_PC065A_LIB.PC065B_TOPLEVEL(SCH_1):PAGE4_I1@UOB_HEP_PC065A_LIB.FMC_HPC_GENERIC(SCH_1):PAGE3_I87@CNCONNECTOR.CON400P_40ABCDEFGHJK_VITA571(CHIPS) 
         Drawing:  UOB_HEP_PC065A_LIB.FMC_HPC_GENERIC(SCH_1):PAGE3:PAGEFMC_HPC_GENERIC(SCH_1):PAGE3 

#104 WARNING(203) Single node net
         Logical net name: @UOB_HEP_PC065A_LIB.PC065B_TOPLEVEL(SCH_1):PAGE4_I1@UOB_HEP_PC065A_LIB.FMC_HPC_GENERIC(SCH_1):HA_P<1>
         Pin name: E<2> 
         Instance: @UOB_HEP_PC065A_LIB.PC065B_TOPLEVEL(SCH_1):PAGE4_I1@UOB_HEP_PC065A_LIB.FMC_HPC_GENERIC(SCH_1):PAGE3_I1@CNCONNECTOR.CON400P_40ABCDEFGHJK_VITA571(CHIPS) 
         Drawing:  UOB_HEP_PC065A_LIB.FMC_HPC_GENERIC(SCH_1):PAGE3:PAGEFMC_HPC_GENERIC(SCH_1):PAGE3 

#105 WARNING(203) Single node net
         Logical net name: @UOB_HEP_PC065A_LIB.PC065B_TOPLEVEL(SCH_1):PAGE4_I1@UOB_HEP_PC065A_LIB.FMC_HPC_GENERIC(SCH_1):HA_P<20>
         Pin name: E<18> 
         Instance: @UOB_HEP_PC065A_LIB.PC065B_TOPLEVEL(SCH_1):PAGE4_I1@UOB_HEP_PC065A_LIB.FMC_HPC_GENERIC(SCH_1):PAGE3_I1@CNCONNECTOR.CON400P_40ABCDEFGHJK_VITA571(CHIPS) 
         Drawing:  UOB_HEP_PC065A_LIB.FMC_HPC_GENERIC(SCH_1):PAGE3:PAGEFMC_HPC_GENERIC(SCH_1):PAGE3 

#106 WARNING(203) Single node net
         Logical net name: @UOB_HEP_PC065A_LIB.PC065B_TOPLEVEL(SCH_1):PAGE4_I1@UOB_HEP_PC065A_LIB.FMC_HPC_GENERIC(SCH_1):HA_P<21>
         Pin name: K<19> 
         Instance: @UOB_HEP_PC065A_LIB.PC065B_TOPLEVEL(SCH_1):PAGE4_I1@UOB_HEP_PC065A_LIB.FMC_HPC_GENERIC(SCH_1):PAGE3_I4@CNCONNECTOR.CON400P_40ABCDEFGHJK_VITA571(CHIPS) 
         Drawing:  UOB_HEP_PC065A_LIB.FMC_HPC_GENERIC(SCH_1):PAGE3:PAGEFMC_HPC_GENERIC(SCH_1):PAGE3 

#107 WARNING(203) Single node net
         Logical net name: @UOB_HEP_PC065A_LIB.PC065B_TOPLEVEL(SCH_1):PAGE4_I1@UOB_HEP_PC065A_LIB.FMC_HPC_GENERIC(SCH_1):HA_P<22>
         Pin name: J<21> 
         Instance: @UOB_HEP_PC065A_LIB.PC065B_TOPLEVEL(SCH_1):PAGE4_I1@UOB_HEP_PC065A_LIB.FMC_HPC_GENERIC(SCH_1):PAGE3_I3@CNCONNECTOR.CON400P_40ABCDEFGHJK_VITA571(CHIPS) 
         Drawing:  UOB_HEP_PC065A_LIB.FMC_HPC_GENERIC(SCH_1):PAGE3:PAGEFMC_HPC_GENERIC(SCH_1):PAGE3 

#108 WARNING(203) Single node net
         Logical net name: @UOB_HEP_PC065A_LIB.PC065B_TOPLEVEL(SCH_1):PAGE4_I1@UOB_HEP_PC065A_LIB.FMC_HPC_GENERIC(SCH_1):HA_P<23>
         Pin name: K<22> 
         Instance: @UOB_HEP_PC065A_LIB.PC065B_TOPLEVEL(SCH_1):PAGE4_I1@UOB_HEP_PC065A_LIB.FMC_HPC_GENERIC(SCH_1):PAGE3_I4@CNCONNECTOR.CON400P_40ABCDEFGHJK_VITA571(CHIPS) 
         Drawing:  UOB_HEP_PC065A_LIB.FMC_HPC_GENERIC(SCH_1):PAGE3:PAGEFMC_HPC_GENERIC(SCH_1):PAGE3 

#109 WARNING(203) Single node net
         Logical net name: @UOB_HEP_PC065A_LIB.PC065B_TOPLEVEL(SCH_1):PAGE4_I1@UOB_HEP_PC065A_LIB.FMC_HPC_GENERIC(SCH_1):HA_P<2>
         Pin name: K<7> 
         Instance: @UOB_HEP_PC065A_LIB.PC065B_TOPLEVEL(SCH_1):PAGE4_I1@UOB_HEP_PC065A_LIB.FMC_HPC_GENERIC(SCH_1):PAGE3_I4@CNCONNECTOR.CON400P_40ABCDEFGHJK_VITA571(CHIPS) 
         Drawing:  UOB_HEP_PC065A_LIB.FMC_HPC_GENERIC(SCH_1):PAGE3:PAGEFMC_HPC_GENERIC(SCH_1):PAGE3 

#110 WARNING(203) Single node net
         Logical net name: @UOB_HEP_PC065A_LIB.PC065B_TOPLEVEL(SCH_1):PAGE4_I1@UOB_HEP_PC065A_LIB.FMC_HPC_GENERIC(SCH_1):HA_P<3>
         Pin name: J<6> 
         Instance: @UOB_HEP_PC065A_LIB.PC065B_TOPLEVEL(SCH_1):PAGE4_I1@UOB_HEP_PC065A_LIB.FMC_HPC_GENERIC(SCH_1):PAGE3_I3@CNCONNECTOR.CON400P_40ABCDEFGHJK_VITA571(CHIPS) 
         Drawing:  UOB_HEP_PC065A_LIB.FMC_HPC_GENERIC(SCH_1):PAGE3:PAGEFMC_HPC_GENERIC(SCH_1):PAGE3 

#111 WARNING(203) Single node net
         Logical net name: @UOB_HEP_PC065A_LIB.PC065B_TOPLEVEL(SCH_1):PAGE4_I1@UOB_HEP_PC065A_LIB.FMC_HPC_GENERIC(SCH_1):HA_P<4>
         Pin name: F<7> 
         Instance: @UOB_HEP_PC065A_LIB.PC065B_TOPLEVEL(SCH_1):PAGE4_I1@UOB_HEP_PC065A_LIB.FMC_HPC_GENERIC(SCH_1):PAGE3_I87@CNCONNECTOR.CON400P_40ABCDEFGHJK_VITA571(CHIPS) 
         Drawing:  UOB_HEP_PC065A_LIB.FMC_HPC_GENERIC(SCH_1):PAGE3:PAGEFMC_HPC_GENERIC(SCH_1):PAGE3 

#112 WARNING(203) Single node net
         Logical net name: @UOB_HEP_PC065A_LIB.PC065B_TOPLEVEL(SCH_1):PAGE4_I1@UOB_HEP_PC065A_LIB.FMC_HPC_GENERIC(SCH_1):HA_P<5>
         Pin name: E<6> 
         Instance: @UOB_HEP_PC065A_LIB.PC065B_TOPLEVEL(SCH_1):PAGE4_I1@UOB_HEP_PC065A_LIB.FMC_HPC_GENERIC(SCH_1):PAGE3_I1@CNCONNECTOR.CON400P_40ABCDEFGHJK_VITA571(CHIPS) 
         Drawing:  UOB_HEP_PC065A_LIB.FMC_HPC_GENERIC(SCH_1):PAGE3:PAGEFMC_HPC_GENERIC(SCH_1):PAGE3 

#113 WARNING(203) Single node net
         Logical net name: @UOB_HEP_PC065A_LIB.PC065B_TOPLEVEL(SCH_1):PAGE4_I1@UOB_HEP_PC065A_LIB.FMC_HPC_GENERIC(SCH_1):HA_P<6>
         Pin name: K<10> 
         Instance: @UOB_HEP_PC065A_LIB.PC065B_TOPLEVEL(SCH_1):PAGE4_I1@UOB_HEP_PC065A_LIB.FMC_HPC_GENERIC(SCH_1):PAGE3_I4@CNCONNECTOR.CON400P_40ABCDEFGHJK_VITA571(CHIPS) 
         Drawing:  UOB_HEP_PC065A_LIB.FMC_HPC_GENERIC(SCH_1):PAGE3:PAGEFMC_HPC_GENERIC(SCH_1):PAGE3 

#114 WARNING(203) Single node net
         Logical net name: @UOB_HEP_PC065A_LIB.PC065B_TOPLEVEL(SCH_1):PAGE4_I1@UOB_HEP_PC065A_LIB.FMC_HPC_GENERIC(SCH_1):HA_P<7>
         Pin name: J<9> 
         Instance: @UOB_HEP_PC065A_LIB.PC065B_TOPLEVEL(SCH_1):PAGE4_I1@UOB_HEP_PC065A_LIB.FMC_HPC_GENERIC(SCH_1):PAGE3_I3@CNCONNECTOR.CON400P_40ABCDEFGHJK_VITA571(CHIPS) 
         Drawing:  UOB_HEP_PC065A_LIB.FMC_HPC_GENERIC(SCH_1):PAGE3:PAGEFMC_HPC_GENERIC(SCH_1):PAGE3 

#115 WARNING(203) Single node net
         Logical net name: @UOB_HEP_PC065A_LIB.PC065B_TOPLEVEL(SCH_1):PAGE4_I1@UOB_HEP_PC065A_LIB.FMC_HPC_GENERIC(SCH_1):HA_P<8>
         Pin name: F<10> 
         Instance: @UOB_HEP_PC065A_LIB.PC065B_TOPLEVEL(SCH_1):PAGE4_I1@UOB_HEP_PC065A_LIB.FMC_HPC_GENERIC(SCH_1):PAGE3_I87@CNCONNECTOR.CON400P_40ABCDEFGHJK_VITA571(CHIPS) 
         Drawing:  UOB_HEP_PC065A_LIB.FMC_HPC_GENERIC(SCH_1):PAGE3:PAGEFMC_HPC_GENERIC(SCH_1):PAGE3 

#116 WARNING(203) Single node net
         Logical net name: @UOB_HEP_PC065A_LIB.PC065B_TOPLEVEL(SCH_1):PAGE4_I1@UOB_HEP_PC065A_LIB.FMC_HPC_GENERIC(SCH_1):HA_P<9>
         Pin name: E<9> 
         Instance: @UOB_HEP_PC065A_LIB.PC065B_TOPLEVEL(SCH_1):PAGE4_I1@UOB_HEP_PC065A_LIB.FMC_HPC_GENERIC(SCH_1):PAGE3_I1@CNCONNECTOR.CON400P_40ABCDEFGHJK_VITA571(CHIPS) 
         Drawing:  UOB_HEP_PC065A_LIB.FMC_HPC_GENERIC(SCH_1):PAGE3:PAGEFMC_HPC_GENERIC(SCH_1):PAGE3 

#117 WARNING(203) Single node net
         Logical net name: @UOB_HEP_PC065A_LIB.PC065B_TOPLEVEL(SCH_1):PAGE4_I1@UOB_HEP_PC065A_LIB.FMC_HPC_GENERIC(SCH_1):HB_N<0>
         Pin name: K<26> 
         Instance: @UOB_HEP_PC065A_LIB.PC065B_TOPLEVEL(SCH_1):PAGE4_I1@UOB_HEP_PC065A_LIB.FMC_HPC_GENERIC(SCH_1):PAGE3_I4@CNCONNECTOR.CON400P_40ABCDEFGHJK_VITA571(CHIPS) 
         Drawing:  UOB_HEP_PC065A_LIB.FMC_HPC_GENERIC(SCH_1):PAGE3:PAGEFMC_HPC_GENERIC(SCH_1):PAGE3 

#118 WARNING(203) Single node net
         Logical net name: @UOB_HEP_PC065A_LIB.PC065B_TOPLEVEL(SCH_1):PAGE4_I1@UOB_HEP_PC065A_LIB.FMC_HPC_GENERIC(SCH_1):HB_N<10>
         Pin name: K<32> 
         Instance: @UOB_HEP_PC065A_LIB.PC065B_TOPLEVEL(SCH_1):PAGE4_I1@UOB_HEP_PC065A_LIB.FMC_HPC_GENERIC(SCH_1):PAGE3_I4@CNCONNECTOR.CON400P_40ABCDEFGHJK_VITA571(CHIPS) 
         Drawing:  UOB_HEP_PC065A_LIB.FMC_HPC_GENERIC(SCH_1):PAGE3:PAGEFMC_HPC_GENERIC(SCH_1):PAGE3 

#119 WARNING(203) Single node net
         Logical net name: @UOB_HEP_PC065A_LIB.PC065B_TOPLEVEL(SCH_1):PAGE4_I1@UOB_HEP_PC065A_LIB.FMC_HPC_GENERIC(SCH_1):HB_N<11>
         Pin name: J<31> 
         Instance: @UOB_HEP_PC065A_LIB.PC065B_TOPLEVEL(SCH_1):PAGE4_I1@UOB_HEP_PC065A_LIB.FMC_HPC_GENERIC(SCH_1):PAGE3_I3@CNCONNECTOR.CON400P_40ABCDEFGHJK_VITA571(CHIPS) 
         Drawing:  UOB_HEP_PC065A_LIB.FMC_HPC_GENERIC(SCH_1):PAGE3:PAGEFMC_HPC_GENERIC(SCH_1):PAGE3 

#120 WARNING(203) Single node net
         Logical net name: @UOB_HEP_PC065A_LIB.PC065B_TOPLEVEL(SCH_1):PAGE4_I1@UOB_HEP_PC065A_LIB.FMC_HPC_GENERIC(SCH_1):HB_N<12>
         Pin name: F<32> 
         Instance: @UOB_HEP_PC065A_LIB.PC065B_TOPLEVEL(SCH_1):PAGE4_I1@UOB_HEP_PC065A_LIB.FMC_HPC_GENERIC(SCH_1):PAGE3_I87@CNCONNECTOR.CON400P_40ABCDEFGHJK_VITA571(CHIPS) 
         Drawing:  UOB_HEP_PC065A_LIB.FMC_HPC_GENERIC(SCH_1):PAGE3:PAGEFMC_HPC_GENERIC(SCH_1):PAGE3 

#121 WARNING(203) Single node net
         Logical net name: @UOB_HEP_PC065A_LIB.PC065B_TOPLEVEL(SCH_1):PAGE4_I1@UOB_HEP_PC065A_LIB.FMC_HPC_GENERIC(SCH_1):HB_N<13>
         Pin name: E<31> 
         Instance: @UOB_HEP_PC065A_LIB.PC065B_TOPLEVEL(SCH_1):PAGE4_I1@UOB_HEP_PC065A_LIB.FMC_HPC_GENERIC(SCH_1):PAGE3_I1@CNCONNECTOR.CON400P_40ABCDEFGHJK_VITA571(CHIPS) 
         Drawing:  UOB_HEP_PC065A_LIB.FMC_HPC_GENERIC(SCH_1):PAGE3:PAGEFMC_HPC_GENERIC(SCH_1):PAGE3 

#122 WARNING(203) Single node net
         Logical net name: @UOB_HEP_PC065A_LIB.PC065B_TOPLEVEL(SCH_1):PAGE4_I1@UOB_HEP_PC065A_LIB.FMC_HPC_GENERIC(SCH_1):HB_N<14>
         Pin name: K<35> 
         Instance: @UOB_HEP_PC065A_LIB.PC065B_TOPLEVEL(SCH_1):PAGE4_I1@UOB_HEP_PC065A_LIB.FMC_HPC_GENERIC(SCH_1):PAGE3_I4@CNCONNECTOR.CON400P_40ABCDEFGHJK_VITA571(CHIPS) 
         Drawing:  UOB_HEP_PC065A_LIB.FMC_HPC_GENERIC(SCH_1):PAGE3:PAGEFMC_HPC_GENERIC(SCH_1):PAGE3 

#123 WARNING(203) Single node net
         Logical net name: @UOB_HEP_PC065A_LIB.PC065B_TOPLEVEL(SCH_1):PAGE4_I1@UOB_HEP_PC065A_LIB.FMC_HPC_GENERIC(SCH_1):HB_N<15>
         Pin name: J<34> 
         Instance: @UOB_HEP_PC065A_LIB.PC065B_TOPLEVEL(SCH_1):PAGE4_I1@UOB_HEP_PC065A_LIB.FMC_HPC_GENERIC(SCH_1):PAGE3_I3@CNCONNECTOR.CON400P_40ABCDEFGHJK_VITA571(CHIPS) 
         Drawing:  UOB_HEP_PC065A_LIB.FMC_HPC_GENERIC(SCH_1):PAGE3:PAGEFMC_HPC_GENERIC(SCH_1):PAGE3 

#124 WARNING(203) Single node net
         Logical net name: @UOB_HEP_PC065A_LIB.PC065B_TOPLEVEL(SCH_1):PAGE4_I1@UOB_HEP_PC065A_LIB.FMC_HPC_GENERIC(SCH_1):HB_N<16>
         Pin name: F<35> 
         Instance: @UOB_HEP_PC065A_LIB.PC065B_TOPLEVEL(SCH_1):PAGE4_I1@UOB_HEP_PC065A_LIB.FMC_HPC_GENERIC(SCH_1):PAGE3_I87@CNCONNECTOR.CON400P_40ABCDEFGHJK_VITA571(CHIPS) 
         Drawing:  UOB_HEP_PC065A_LIB.FMC_HPC_GENERIC(SCH_1):PAGE3:PAGEFMC_HPC_GENERIC(SCH_1):PAGE3 

#125 WARNING(203) Single node net
         Logical net name: @UOB_HEP_PC065A_LIB.PC065B_TOPLEVEL(SCH_1):PAGE4_I1@UOB_HEP_PC065A_LIB.FMC_HPC_GENERIC(SCH_1):HB_N<17>
         Pin name: K<38> 
         Instance: @UOB_HEP_PC065A_LIB.PC065B_TOPLEVEL(SCH_1):PAGE4_I1@UOB_HEP_PC065A_LIB.FMC_HPC_GENERIC(SCH_1):PAGE3_I4@CNCONNECTOR.CON400P_40ABCDEFGHJK_VITA571(CHIPS) 
         Drawing:  UOB_HEP_PC065A_LIB.FMC_HPC_GENERIC(SCH_1):PAGE3:PAGEFMC_HPC_GENERIC(SCH_1):PAGE3 

#126 WARNING(203) Single node net
         Logical net name: @UOB_HEP_PC065A_LIB.PC065B_TOPLEVEL(SCH_1):PAGE4_I1@UOB_HEP_PC065A_LIB.FMC_HPC_GENERIC(SCH_1):HB_N<18>
         Pin name: J<37> 
         Instance: @UOB_HEP_PC065A_LIB.PC065B_TOPLEVEL(SCH_1):PAGE4_I1@UOB_HEP_PC065A_LIB.FMC_HPC_GENERIC(SCH_1):PAGE3_I3@CNCONNECTOR.CON400P_40ABCDEFGHJK_VITA571(CHIPS) 
         Drawing:  UOB_HEP_PC065A_LIB.FMC_HPC_GENERIC(SCH_1):PAGE3:PAGEFMC_HPC_GENERIC(SCH_1):PAGE3 

#127 WARNING(203) Single node net
         Logical net name: @UOB_HEP_PC065A_LIB.PC065B_TOPLEVEL(SCH_1):PAGE4_I1@UOB_HEP_PC065A_LIB.FMC_HPC_GENERIC(SCH_1):HB_N<19>
         Pin name: E<34> 
         Instance: @UOB_HEP_PC065A_LIB.PC065B_TOPLEVEL(SCH_1):PAGE4_I1@UOB_HEP_PC065A_LIB.FMC_HPC_GENERIC(SCH_1):PAGE3_I1@CNCONNECTOR.CON400P_40ABCDEFGHJK_VITA571(CHIPS) 
         Drawing:  UOB_HEP_PC065A_LIB.FMC_HPC_GENERIC(SCH_1):PAGE3:PAGEFMC_HPC_GENERIC(SCH_1):PAGE3 

#128 WARNING(203) Single node net
         Logical net name: @UOB_HEP_PC065A_LIB.PC065B_TOPLEVEL(SCH_1):PAGE4_I1@UOB_HEP_PC065A_LIB.FMC_HPC_GENERIC(SCH_1):HB_N<1>
         Pin name: J<25> 
         Instance: @UOB_HEP_PC065A_LIB.PC065B_TOPLEVEL(SCH_1):PAGE4_I1@UOB_HEP_PC065A_LIB.FMC_HPC_GENERIC(SCH_1):PAGE3_I3@CNCONNECTOR.CON400P_40ABCDEFGHJK_VITA571(CHIPS) 
         Drawing:  UOB_HEP_PC065A_LIB.FMC_HPC_GENERIC(SCH_1):PAGE3:PAGEFMC_HPC_GENERIC(SCH_1):PAGE3 

#129 WARNING(203) Single node net
         Logical net name: @UOB_HEP_PC065A_LIB.PC065B_TOPLEVEL(SCH_1):PAGE4_I1@UOB_HEP_PC065A_LIB.FMC_HPC_GENERIC(SCH_1):HB_N<20>
         Pin name: F<38> 
         Instance: @UOB_HEP_PC065A_LIB.PC065B_TOPLEVEL(SCH_1):PAGE4_I1@UOB_HEP_PC065A_LIB.FMC_HPC_GENERIC(SCH_1):PAGE3_I87@CNCONNECTOR.CON400P_40ABCDEFGHJK_VITA571(CHIPS) 
         Drawing:  UOB_HEP_PC065A_LIB.FMC_HPC_GENERIC(SCH_1):PAGE3:PAGEFMC_HPC_GENERIC(SCH_1):PAGE3 

#130 WARNING(203) Single node net
         Logical net name: @UOB_HEP_PC065A_LIB.PC065B_TOPLEVEL(SCH_1):PAGE4_I1@UOB_HEP_PC065A_LIB.FMC_HPC_GENERIC(SCH_1):HB_N<21>
         Pin name: E<37> 
         Instance: @UOB_HEP_PC065A_LIB.PC065B_TOPLEVEL(SCH_1):PAGE4_I1@UOB_HEP_PC065A_LIB.FMC_HPC_GENERIC(SCH_1):PAGE3_I1@CNCONNECTOR.CON400P_40ABCDEFGHJK_VITA571(CHIPS) 
         Drawing:  UOB_HEP_PC065A_LIB.FMC_HPC_GENERIC(SCH_1):PAGE3:PAGEFMC_HPC_GENERIC(SCH_1):PAGE3 

#131 WARNING(203) Single node net
         Logical net name: @UOB_HEP_PC065A_LIB.PC065B_TOPLEVEL(SCH_1):PAGE4_I1@UOB_HEP_PC065A_LIB.FMC_HPC_GENERIC(SCH_1):HB_N<2>
         Pin name: F<23> 
         Instance: @UOB_HEP_PC065A_LIB.PC065B_TOPLEVEL(SCH_1):PAGE4_I1@UOB_HEP_PC065A_LIB.FMC_HPC_GENERIC(SCH_1):PAGE3_I87@CNCONNECTOR.CON400P_40ABCDEFGHJK_VITA571(CHIPS) 
         Drawing:  UOB_HEP_PC065A_LIB.FMC_HPC_GENERIC(SCH_1):PAGE3:PAGEFMC_HPC_GENERIC(SCH_1):PAGE3 

#132 WARNING(203) Single node net
         Logical net name: @UOB_HEP_PC065A_LIB.PC065B_TOPLEVEL(SCH_1):PAGE4_I1@UOB_HEP_PC065A_LIB.FMC_HPC_GENERIC(SCH_1):HB_N<3>
         Pin name: E<22> 
         Instance: @UOB_HEP_PC065A_LIB.PC065B_TOPLEVEL(SCH_1):PAGE4_I1@UOB_HEP_PC065A_LIB.FMC_HPC_GENERIC(SCH_1):PAGE3_I1@CNCONNECTOR.CON400P_40ABCDEFGHJK_VITA571(CHIPS) 
         Drawing:  UOB_HEP_PC065A_LIB.FMC_HPC_GENERIC(SCH_1):PAGE3:PAGEFMC_HPC_GENERIC(SCH_1):PAGE3 

#133 WARNING(203) Single node net
         Logical net name: @UOB_HEP_PC065A_LIB.PC065B_TOPLEVEL(SCH_1):PAGE4_I1@UOB_HEP_PC065A_LIB.FMC_HPC_GENERIC(SCH_1):HB_N<4>
         Pin name: F<26> 
         Instance: @UOB_HEP_PC065A_LIB.PC065B_TOPLEVEL(SCH_1):PAGE4_I1@UOB_HEP_PC065A_LIB.FMC_HPC_GENERIC(SCH_1):PAGE3_I87@CNCONNECTOR.CON400P_40ABCDEFGHJK_VITA571(CHIPS) 
         Drawing:  UOB_HEP_PC065A_LIB.FMC_HPC_GENERIC(SCH_1):PAGE3:PAGEFMC_HPC_GENERIC(SCH_1):PAGE3 

#134 WARNING(203) Single node net
         Logical net name: @UOB_HEP_PC065A_LIB.PC065B_TOPLEVEL(SCH_1):PAGE4_I1@UOB_HEP_PC065A_LIB.FMC_HPC_GENERIC(SCH_1):HB_N<5>
         Pin name: E<25> 
         Instance: @UOB_HEP_PC065A_LIB.PC065B_TOPLEVEL(SCH_1):PAGE4_I1@UOB_HEP_PC065A_LIB.FMC_HPC_GENERIC(SCH_1):PAGE3_I1@CNCONNECTOR.CON400P_40ABCDEFGHJK_VITA571(CHIPS) 
         Drawing:  UOB_HEP_PC065A_LIB.FMC_HPC_GENERIC(SCH_1):PAGE3:PAGEFMC_HPC_GENERIC(SCH_1):PAGE3 

#135 WARNING(203) Single node net
         Logical net name: @UOB_HEP_PC065A_LIB.PC065B_TOPLEVEL(SCH_1):PAGE4_I1@UOB_HEP_PC065A_LIB.FMC_HPC_GENERIC(SCH_1):HB_N<6>
         Pin name: K<29> 
         Instance: @UOB_HEP_PC065A_LIB.PC065B_TOPLEVEL(SCH_1):PAGE4_I1@UOB_HEP_PC065A_LIB.FMC_HPC_GENERIC(SCH_1):PAGE3_I4@CNCONNECTOR.CON400P_40ABCDEFGHJK_VITA571(CHIPS) 
         Drawing:  UOB_HEP_PC065A_LIB.FMC_HPC_GENERIC(SCH_1):PAGE3:PAGEFMC_HPC_GENERIC(SCH_1):PAGE3 

#136 WARNING(203) Single node net
         Logical net name: @UOB_HEP_PC065A_LIB.PC065B_TOPLEVEL(SCH_1):PAGE4_I1@UOB_HEP_PC065A_LIB.FMC_HPC_GENERIC(SCH_1):HB_N<7>
         Pin name: J<28> 
         Instance: @UOB_HEP_PC065A_LIB.PC065B_TOPLEVEL(SCH_1):PAGE4_I1@UOB_HEP_PC065A_LIB.FMC_HPC_GENERIC(SCH_1):PAGE3_I3@CNCONNECTOR.CON400P_40ABCDEFGHJK_VITA571(CHIPS) 
         Drawing:  UOB_HEP_PC065A_LIB.FMC_HPC_GENERIC(SCH_1):PAGE3:PAGEFMC_HPC_GENERIC(SCH_1):PAGE3 

#137 WARNING(203) Single node net
         Logical net name: @UOB_HEP_PC065A_LIB.PC065B_TOPLEVEL(SCH_1):PAGE4_I1@UOB_HEP_PC065A_LIB.FMC_HPC_GENERIC(SCH_1):HB_N<8>
         Pin name: F<29> 
         Instance: @UOB_HEP_PC065A_LIB.PC065B_TOPLEVEL(SCH_1):PAGE4_I1@UOB_HEP_PC065A_LIB.FMC_HPC_GENERIC(SCH_1):PAGE3_I87@CNCONNECTOR.CON400P_40ABCDEFGHJK_VITA571(CHIPS) 
         Drawing:  UOB_HEP_PC065A_LIB.FMC_HPC_GENERIC(SCH_1):PAGE3:PAGEFMC_HPC_GENERIC(SCH_1):PAGE3 

#138 WARNING(203) Single node net
         Logical net name: @UOB_HEP_PC065A_LIB.PC065B_TOPLEVEL(SCH_1):PAGE4_I1@UOB_HEP_PC065A_LIB.FMC_HPC_GENERIC(SCH_1):HB_N<9>
         Pin name: E<28> 
         Instance: @UOB_HEP_PC065A_LIB.PC065B_TOPLEVEL(SCH_1):PAGE4_I1@UOB_HEP_PC065A_LIB.FMC_HPC_GENERIC(SCH_1):PAGE3_I1@CNCONNECTOR.CON400P_40ABCDEFGHJK_VITA571(CHIPS) 
         Drawing:  UOB_HEP_PC065A_LIB.FMC_HPC_GENERIC(SCH_1):PAGE3:PAGEFMC_HPC_GENERIC(SCH_1):PAGE3 

#139 WARNING(203) Single node net
         Logical net name: @UOB_HEP_PC065A_LIB.PC065B_TOPLEVEL(SCH_1):PAGE4_I1@UOB_HEP_PC065A_LIB.FMC_HPC_GENERIC(SCH_1):HB_P<0>
         Pin name: K<25> 
         Instance: @UOB_HEP_PC065A_LIB.PC065B_TOPLEVEL(SCH_1):PAGE4_I1@UOB_HEP_PC065A_LIB.FMC_HPC_GENERIC(SCH_1):PAGE3_I4@CNCONNECTOR.CON400P_40ABCDEFGHJK_VITA571(CHIPS) 
         Drawing:  UOB_HEP_PC065A_LIB.FMC_HPC_GENERIC(SCH_1):PAGE3:PAGEFMC_HPC_GENERIC(SCH_1):PAGE3 

#140 WARNING(203) Single node net
         Logical net name: @UOB_HEP_PC065A_LIB.PC065B_TOPLEVEL(SCH_1):PAGE4_I1@UOB_HEP_PC065A_LIB.FMC_HPC_GENERIC(SCH_1):HB_P<10>
         Pin name: K<31> 
         Instance: @UOB_HEP_PC065A_LIB.PC065B_TOPLEVEL(SCH_1):PAGE4_I1@UOB_HEP_PC065A_LIB.FMC_HPC_GENERIC(SCH_1):PAGE3_I4@CNCONNECTOR.CON400P_40ABCDEFGHJK_VITA571(CHIPS) 
         Drawing:  UOB_HEP_PC065A_LIB.FMC_HPC_GENERIC(SCH_1):PAGE3:PAGEFMC_HPC_GENERIC(SCH_1):PAGE3 

#141 WARNING(203) Single node net
         Logical net name: @UOB_HEP_PC065A_LIB.PC065B_TOPLEVEL(SCH_1):PAGE4_I1@UOB_HEP_PC065A_LIB.FMC_HPC_GENERIC(SCH_1):HB_P<11>
         Pin name: J<30> 
         Instance: @UOB_HEP_PC065A_LIB.PC065B_TOPLEVEL(SCH_1):PAGE4_I1@UOB_HEP_PC065A_LIB.FMC_HPC_GENERIC(SCH_1):PAGE3_I3@CNCONNECTOR.CON400P_40ABCDEFGHJK_VITA571(CHIPS) 
         Drawing:  UOB_HEP_PC065A_LIB.FMC_HPC_GENERIC(SCH_1):PAGE3:PAGEFMC_HPC_GENERIC(SCH_1):PAGE3 

#142 WARNING(203) Single node net
         Logical net name: @UOB_HEP_PC065A_LIB.PC065B_TOPLEVEL(SCH_1):PAGE4_I1@UOB_HEP_PC065A_LIB.FMC_HPC_GENERIC(SCH_1):HB_P<12>
         Pin name: F<31> 
         Instance: @UOB_HEP_PC065A_LIB.PC065B_TOPLEVEL(SCH_1):PAGE4_I1@UOB_HEP_PC065A_LIB.FMC_HPC_GENERIC(SCH_1):PAGE3_I87@CNCONNECTOR.CON400P_40ABCDEFGHJK_VITA571(CHIPS) 
         Drawing:  UOB_HEP_PC065A_LIB.FMC_HPC_GENERIC(SCH_1):PAGE3:PAGEFMC_HPC_GENERIC(SCH_1):PAGE3 

#143 WARNING(203) Single node net
         Logical net name: @UOB_HEP_PC065A_LIB.PC065B_TOPLEVEL(SCH_1):PAGE4_I1@UOB_HEP_PC065A_LIB.FMC_HPC_GENERIC(SCH_1):HB_P<13>
         Pin name: E<30> 
         Instance: @UOB_HEP_PC065A_LIB.PC065B_TOPLEVEL(SCH_1):PAGE4_I1@UOB_HEP_PC065A_LIB.FMC_HPC_GENERIC(SCH_1):PAGE3_I1@CNCONNECTOR.CON400P_40ABCDEFGHJK_VITA571(CHIPS) 
         Drawing:  UOB_HEP_PC065A_LIB.FMC_HPC_GENERIC(SCH_1):PAGE3:PAGEFMC_HPC_GENERIC(SCH_1):PAGE3 

#144 WARNING(203) Single node net
         Logical net name: @UOB_HEP_PC065A_LIB.PC065B_TOPLEVEL(SCH_1):PAGE4_I1@UOB_HEP_PC065A_LIB.FMC_HPC_GENERIC(SCH_1):HB_P<14>
         Pin name: K<34> 
         Instance: @UOB_HEP_PC065A_LIB.PC065B_TOPLEVEL(SCH_1):PAGE4_I1@UOB_HEP_PC065A_LIB.FMC_HPC_GENERIC(SCH_1):PAGE3_I4@CNCONNECTOR.CON400P_40ABCDEFGHJK_VITA571(CHIPS) 
         Drawing:  UOB_HEP_PC065A_LIB.FMC_HPC_GENERIC(SCH_1):PAGE3:PAGEFMC_HPC_GENERIC(SCH_1):PAGE3 

#145 WARNING(203) Single node net
         Logical net name: @UOB_HEP_PC065A_LIB.PC065B_TOPLEVEL(SCH_1):PAGE4_I1@UOB_HEP_PC065A_LIB.FMC_HPC_GENERIC(SCH_1):HB_P<15>
         Pin name: J<33> 
         Instance: @UOB_HEP_PC065A_LIB.PC065B_TOPLEVEL(SCH_1):PAGE4_I1@UOB_HEP_PC065A_LIB.FMC_HPC_GENERIC(SCH_1):PAGE3_I3@CNCONNECTOR.CON400P_40ABCDEFGHJK_VITA571(CHIPS) 
         Drawing:  UOB_HEP_PC065A_LIB.FMC_HPC_GENERIC(SCH_1):PAGE3:PAGEFMC_HPC_GENERIC(SCH_1):PAGE3 

#146 WARNING(203) Single node net
         Logical net name: @UOB_HEP_PC065A_LIB.PC065B_TOPLEVEL(SCH_1):PAGE4_I1@UOB_HEP_PC065A_LIB.FMC_HPC_GENERIC(SCH_1):HB_P<16>
         Pin name: F<34> 
         Instance: @UOB_HEP_PC065A_LIB.PC065B_TOPLEVEL(SCH_1):PAGE4_I1@UOB_HEP_PC065A_LIB.FMC_HPC_GENERIC(SCH_1):PAGE3_I87@CNCONNECTOR.CON400P_40ABCDEFGHJK_VITA571(CHIPS) 
         Drawing:  UOB_HEP_PC065A_LIB.FMC_HPC_GENERIC(SCH_1):PAGE3:PAGEFMC_HPC_GENERIC(SCH_1):PAGE3 

#147 WARNING(203) Single node net
         Logical net name: @UOB_HEP_PC065A_LIB.PC065B_TOPLEVEL(SCH_1):PAGE4_I1@UOB_HEP_PC065A_LIB.FMC_HPC_GENERIC(SCH_1):HB_P<17>
         Pin name: K<37> 
         Instance: @UOB_HEP_PC065A_LIB.PC065B_TOPLEVEL(SCH_1):PAGE4_I1@UOB_HEP_PC065A_LIB.FMC_HPC_GENERIC(SCH_1):PAGE3_I4@CNCONNECTOR.CON400P_40ABCDEFGHJK_VITA571(CHIPS) 
         Drawing:  UOB_HEP_PC065A_LIB.FMC_HPC_GENERIC(SCH_1):PAGE3:PAGEFMC_HPC_GENERIC(SCH_1):PAGE3 

#148 WARNING(203) Single node net
         Logical net name: @UOB_HEP_PC065A_LIB.PC065B_TOPLEVEL(SCH_1):PAGE4_I1@UOB_HEP_PC065A_LIB.FMC_HPC_GENERIC(SCH_1):HB_P<18>
         Pin name: J<36> 
         Instance: @UOB_HEP_PC065A_LIB.PC065B_TOPLEVEL(SCH_1):PAGE4_I1@UOB_HEP_PC065A_LIB.FMC_HPC_GENERIC(SCH_1):PAGE3_I3@CNCONNECTOR.CON400P_40ABCDEFGHJK_VITA571(CHIPS) 
         Drawing:  UOB_HEP_PC065A_LIB.FMC_HPC_GENERIC(SCH_1):PAGE3:PAGEFMC_HPC_GENERIC(SCH_1):PAGE3 

#149 WARNING(203) Single node net
         Logical net name: @UOB_HEP_PC065A_LIB.PC065B_TOPLEVEL(SCH_1):PAGE4_I1@UOB_HEP_PC065A_LIB.FMC_HPC_GENERIC(SCH_1):HB_P<19>
         Pin name: E<33> 
         Instance: @UOB_HEP_PC065A_LIB.PC065B_TOPLEVEL(SCH_1):PAGE4_I1@UOB_HEP_PC065A_LIB.FMC_HPC_GENERIC(SCH_1):PAGE3_I1@CNCONNECTOR.CON400P_40ABCDEFGHJK_VITA571(CHIPS) 
         Drawing:  UOB_HEP_PC065A_LIB.FMC_HPC_GENERIC(SCH_1):PAGE3:PAGEFMC_HPC_GENERIC(SCH_1):PAGE3 

#150 WARNING(203) Single node net
         Logical net name: @UOB_HEP_PC065A_LIB.PC065B_TOPLEVEL(SCH_1):PAGE4_I1@UOB_HEP_PC065A_LIB.FMC_HPC_GENERIC(SCH_1):HB_P<1>
         Pin name: J<24> 
         Instance: @UOB_HEP_PC065A_LIB.PC065B_TOPLEVEL(SCH_1):PAGE4_I1@UOB_HEP_PC065A_LIB.FMC_HPC_GENERIC(SCH_1):PAGE3_I3@CNCONNECTOR.CON400P_40ABCDEFGHJK_VITA571(CHIPS) 
         Drawing:  UOB_HEP_PC065A_LIB.FMC_HPC_GENERIC(SCH_1):PAGE3:PAGEFMC_HPC_GENERIC(SCH_1):PAGE3 

#151 WARNING(203) Single node net
         Logical net name: @UOB_HEP_PC065A_LIB.PC065B_TOPLEVEL(SCH_1):PAGE4_I1@UOB_HEP_PC065A_LIB.FMC_HPC_GENERIC(SCH_1):HB_P<20>
         Pin name: F<37> 
         Instance: @UOB_HEP_PC065A_LIB.PC065B_TOPLEVEL(SCH_1):PAGE4_I1@UOB_HEP_PC065A_LIB.FMC_HPC_GENERIC(SCH_1):PAGE3_I87@CNCONNECTOR.CON400P_40ABCDEFGHJK_VITA571(CHIPS) 
         Drawing:  UOB_HEP_PC065A_LIB.FMC_HPC_GENERIC(SCH_1):PAGE3:PAGEFMC_HPC_GENERIC(SCH_1):PAGE3 

#152 WARNING(203) Single node net
         Logical net name: @UOB_HEP_PC065A_LIB.PC065B_TOPLEVEL(SCH_1):PAGE4_I1@UOB_HEP_PC065A_LIB.FMC_HPC_GENERIC(SCH_1):HB_P<21>
         Pin name: E<36> 
         Instance: @UOB_HEP_PC065A_LIB.PC065B_TOPLEVEL(SCH_1):PAGE4_I1@UOB_HEP_PC065A_LIB.FMC_HPC_GENERIC(SCH_1):PAGE3_I1@CNCONNECTOR.CON400P_40ABCDEFGHJK_VITA571(CHIPS) 
         Drawing:  UOB_HEP_PC065A_LIB.FMC_HPC_GENERIC(SCH_1):PAGE3:PAGEFMC_HPC_GENERIC(SCH_1):PAGE3 

#153 WARNING(203) Single node net
         Logical net name: @UOB_HEP_PC065A_LIB.PC065B_TOPLEVEL(SCH_1):PAGE4_I1@UOB_HEP_PC065A_LIB.FMC_HPC_GENERIC(SCH_1):HB_P<2>
         Pin name: F<22> 
         Instance: @UOB_HEP_PC065A_LIB.PC065B_TOPLEVEL(SCH_1):PAGE4_I1@UOB_HEP_PC065A_LIB.FMC_HPC_GENERIC(SCH_1):PAGE3_I87@CNCONNECTOR.CON400P_40ABCDEFGHJK_VITA571(CHIPS) 
         Drawing:  UOB_HEP_PC065A_LIB.FMC_HPC_GENERIC(SCH_1):PAGE3:PAGEFMC_HPC_GENERIC(SCH_1):PAGE3 

#154 WARNING(203) Single node net
         Logical net name: @UOB_HEP_PC065A_LIB.PC065B_TOPLEVEL(SCH_1):PAGE4_I1@UOB_HEP_PC065A_LIB.FMC_HPC_GENERIC(SCH_1):HB_P<3>
         Pin name: E<21> 
         Instance: @UOB_HEP_PC065A_LIB.PC065B_TOPLEVEL(SCH_1):PAGE4_I1@UOB_HEP_PC065A_LIB.FMC_HPC_GENERIC(SCH_1):PAGE3_I1@CNCONNECTOR.CON400P_40ABCDEFGHJK_VITA571(CHIPS) 
         Drawing:  UOB_HEP_PC065A_LIB.FMC_HPC_GENERIC(SCH_1):PAGE3:PAGEFMC_HPC_GENERIC(SCH_1):PAGE3 

#155 WARNING(203) Single node net
         Logical net name: @UOB_HEP_PC065A_LIB.PC065B_TOPLEVEL(SCH_1):PAGE4_I1@UOB_HEP_PC065A_LIB.FMC_HPC_GENERIC(SCH_1):HB_P<4>
         Pin name: F<25> 
         Instance: @UOB_HEP_PC065A_LIB.PC065B_TOPLEVEL(SCH_1):PAGE4_I1@UOB_HEP_PC065A_LIB.FMC_HPC_GENERIC(SCH_1):PAGE3_I87@CNCONNECTOR.CON400P_40ABCDEFGHJK_VITA571(CHIPS) 
         Drawing:  UOB_HEP_PC065A_LIB.FMC_HPC_GENERIC(SCH_1):PAGE3:PAGEFMC_HPC_GENERIC(SCH_1):PAGE3 

#156 WARNING(203) Single node net
         Logical net name: @UOB_HEP_PC065A_LIB.PC065B_TOPLEVEL(SCH_1):PAGE4_I1@UOB_HEP_PC065A_LIB.FMC_HPC_GENERIC(SCH_1):HB_P<5>
         Pin name: E<24> 
         Instance: @UOB_HEP_PC065A_LIB.PC065B_TOPLEVEL(SCH_1):PAGE4_I1@UOB_HEP_PC065A_LIB.FMC_HPC_GENERIC(SCH_1):PAGE3_I1@CNCONNECTOR.CON400P_40ABCDEFGHJK_VITA571(CHIPS) 
         Drawing:  UOB_HEP_PC065A_LIB.FMC_HPC_GENERIC(SCH_1):PAGE3:PAGEFMC_HPC_GENERIC(SCH_1):PAGE3 

#157 WARNING(203) Single node net
         Logical net name: @UOB_HEP_PC065A_LIB.PC065B_TOPLEVEL(SCH_1):PAGE4_I1@UOB_HEP_PC065A_LIB.FMC_HPC_GENERIC(SCH_1):HB_P<6>
         Pin name: K<28> 
         Instance: @UOB_HEP_PC065A_LIB.PC065B_TOPLEVEL(SCH_1):PAGE4_I1@UOB_HEP_PC065A_LIB.FMC_HPC_GENERIC(SCH_1):PAGE3_I4@CNCONNECTOR.CON400P_40ABCDEFGHJK_VITA571(CHIPS) 
         Drawing:  UOB_HEP_PC065A_LIB.FMC_HPC_GENERIC(SCH_1):PAGE3:PAGEFMC_HPC_GENERIC(SCH_1):PAGE3 

#158 WARNING(203) Single node net
         Logical net name: @UOB_HEP_PC065A_LIB.PC065B_TOPLEVEL(SCH_1):PAGE4_I1@UOB_HEP_PC065A_LIB.FMC_HPC_GENERIC(SCH_1):HB_P<7>
         Pin name: J<27> 
         Instance: @UOB_HEP_PC065A_LIB.PC065B_TOPLEVEL(SCH_1):PAGE4_I1@UOB_HEP_PC065A_LIB.FMC_HPC_GENERIC(SCH_1):PAGE3_I3@CNCONNECTOR.CON400P_40ABCDEFGHJK_VITA571(CHIPS) 
         Drawing:  UOB_HEP_PC065A_LIB.FMC_HPC_GENERIC(SCH_1):PAGE3:PAGEFMC_HPC_GENERIC(SCH_1):PAGE3 

#159 WARNING(203) Single node net
         Logical net name: @UOB_HEP_PC065A_LIB.PC065B_TOPLEVEL(SCH_1):PAGE4_I1@UOB_HEP_PC065A_LIB.FMC_HPC_GENERIC(SCH_1):HB_P<8>
         Pin name: F<28> 
         Instance: @UOB_HEP_PC065A_LIB.PC065B_TOPLEVEL(SCH_1):PAGE4_I1@UOB_HEP_PC065A_LIB.FMC_HPC_GENERIC(SCH_1):PAGE3_I87@CNCONNECTOR.CON400P_40ABCDEFGHJK_VITA571(CHIPS) 
         Drawing:  UOB_HEP_PC065A_LIB.FMC_HPC_GENERIC(SCH_1):PAGE3:PAGEFMC_HPC_GENERIC(SCH_1):PAGE3 

#160 WARNING(203) Single node net
         Logical net name: @UOB_HEP_PC065A_LIB.PC065B_TOPLEVEL(SCH_1):PAGE4_I1@UOB_HEP_PC065A_LIB.FMC_HPC_GENERIC(SCH_1):HB_P<9>
         Pin name: E<27> 
         Instance: @UOB_HEP_PC065A_LIB.PC065B_TOPLEVEL(SCH_1):PAGE4_I1@UOB_HEP_PC065A_LIB.FMC_HPC_GENERIC(SCH_1):PAGE3_I1@CNCONNECTOR.CON400P_40ABCDEFGHJK_VITA571(CHIPS) 
         Drawing:  UOB_HEP_PC065A_LIB.FMC_HPC_GENERIC(SCH_1):PAGE3:PAGEFMC_HPC_GENERIC(SCH_1):PAGE3 

#161 WARNING(203) Single node net
         Logical net name: @UOB_HEP_PC065A_LIB.PC065B_TOPLEVEL(SCH_1):PAGE4_I1@UOB_HEP_PC065A_LIB.FMC_HPC_GENERIC(SCH_1):PG_M2C
         Pin name: F<1> 
         Instance: @UOB_HEP_PC065A_LIB.PC065B_TOPLEVEL(SCH_1):PAGE4_I1@UOB_HEP_PC065A_LIB.FMC_HPC_GENERIC(SCH_1):PAGE3_I87@CNCONNECTOR.CON400P_40ABCDEFGHJK_VITA571(CHIPS) 
         Drawing:  UOB_HEP_PC065A_LIB.FMC_HPC_GENERIC(SCH_1):PAGE3:PAGEFMC_HPC_GENERIC(SCH_1):PAGE3 

#162 WARNING(203) Single node net
         Logical net name: @UOB_HEP_PC065A_LIB.PC065B_TOPLEVEL(SCH_1):PAGE4_I1@UOB_HEP_PC065A_LIB.FMC_HPC_GENERIC(SCH_1):TCK
         Pin name: D<29> 
         Instance: @UOB_HEP_PC065A_LIB.PC065B_TOPLEVEL(SCH_1):PAGE4_I1@UOB_HEP_PC065A_LIB.FMC_HPC_GENERIC(SCH_1):PAGE2_I2@CNCONNECTOR.CON400P_40ABCDEFGHJK_VITA571(CHIPS) 
         Drawing:  UOB_HEP_PC065A_LIB.FMC_HPC_GENERIC(SCH_1):PAGE2:PAGEFMC_HPC_GENERIC(SCH_1):PAGE2 

#163 WARNING(203) Single node net
         Logical net name: @UOB_HEP_PC065A_LIB.PC065B_TOPLEVEL(SCH_1):PAGE4_I1@UOB_HEP_PC065A_LIB.FMC_HPC_GENERIC(SCH_1):TDI
         Pin name: D<30> 
         Instance: @UOB_HEP_PC065A_LIB.PC065B_TOPLEVEL(SCH_1):PAGE4_I1@UOB_HEP_PC065A_LIB.FMC_HPC_GENERIC(SCH_1):PAGE2_I2@CNCONNECTOR.CON400P_40ABCDEFGHJK_VITA571(CHIPS) 
         Drawing:  UOB_HEP_PC065A_LIB.FMC_HPC_GENERIC(SCH_1):PAGE2:PAGEFMC_HPC_GENERIC(SCH_1):PAGE2 

#164 WARNING(203) Single node net
         Logical net name: @UOB_HEP_PC065A_LIB.PC065B_TOPLEVEL(SCH_1):PAGE4_I1@UOB_HEP_PC065A_LIB.FMC_HPC_GENERIC(SCH_1):TDO
         Pin name: D<31> 
         Instance: @UOB_HEP_PC065A_LIB.PC065B_TOPLEVEL(SCH_1):PAGE4_I1@UOB_HEP_PC065A_LIB.FMC_HPC_GENERIC(SCH_1):PAGE2_I2@CNCONNECTOR.CON400P_40ABCDEFGHJK_VITA571(CHIPS) 
         Drawing:  UOB_HEP_PC065A_LIB.FMC_HPC_GENERIC(SCH_1):PAGE2:PAGEFMC_HPC_GENERIC(SCH_1):PAGE2 

#165 WARNING(203) Single node net
         Logical net name: @UOB_HEP_PC065A_LIB.PC065B_TOPLEVEL(SCH_1):PAGE4_I1@UOB_HEP_PC065A_LIB.FMC_HPC_GENERIC(SCH_1):TMS
         Pin name: D<33> 
         Instance: @UOB_HEP_PC065A_LIB.PC065B_TOPLEVEL(SCH_1):PAGE4_I1@UOB_HEP_PC065A_LIB.FMC_HPC_GENERIC(SCH_1):PAGE2_I2@CNCONNECTOR.CON400P_40ABCDEFGHJK_VITA571(CHIPS) 
         Drawing:  UOB_HEP_PC065A_LIB.FMC_HPC_GENERIC(SCH_1):PAGE2:PAGEFMC_HPC_GENERIC(SCH_1):PAGE2 

#166 WARNING(203) Single node net
         Logical net name: @UOB_HEP_PC065A_LIB.PC065B_TOPLEVEL(SCH_1):PAGE4_I1@UOB_HEP_PC065A_LIB.FMC_HPC_GENERIC(SCH_1):TRST_L
         Pin name: D<34> 
         Instance: @UOB_HEP_PC065A_LIB.PC065B_TOPLEVEL(SCH_1):PAGE4_I1@UOB_HEP_PC065A_LIB.FMC_HPC_GENERIC(SCH_1):PAGE2_I2@CNCONNECTOR.CON400P_40ABCDEFGHJK_VITA571(CHIPS) 
         Drawing:  UOB_HEP_PC065A_LIB.FMC_HPC_GENERIC(SCH_1):PAGE2:PAGEFMC_HPC_GENERIC(SCH_1):PAGE2 

#167 WARNING(203) Single node net
         Logical net name: @UOB_HEP_PC065A_LIB.PC065B_TOPLEVEL(SCH_1):PAGE4_I1@UOB_HEP_PC065A_LIB.FMC_HPC_GENERIC(SCH_1):VREF_A_M2C
         Pin name: H<1> 
         Instance: @UOB_HEP_PC065A_LIB.PC065B_TOPLEVEL(SCH_1):PAGE4_I1@UOB_HEP_PC065A_LIB.FMC_HPC_GENERIC(SCH_1):PAGE2_I4@CNCONNECTOR.CON400P_40ABCDEFGHJK_VITA571(CHIPS) 
         Drawing:  UOB_HEP_PC065A_LIB.FMC_HPC_GENERIC(SCH_1):PAGE2:PAGEFMC_HPC_GENERIC(SCH_1):PAGE2 

#168 WARNING(203) Single node net
         Logical net name: @UOB_HEP_PC065A_LIB.PC065B_TOPLEVEL(SCH_1):PAGE4_I1@UOB_HEP_PC065A_LIB.FMC_HPC_GENERIC(SCH_1):VREF_B_M2C
         Pin name: K<1> 
         Instance: @UOB_HEP_PC065A_LIB.PC065B_TOPLEVEL(SCH_1):PAGE4_I1@UOB_HEP_PC065A_LIB.FMC_HPC_GENERIC(SCH_1):PAGE3_I4@CNCONNECTOR.CON400P_40ABCDEFGHJK_VITA571(CHIPS) 
         Drawing:  UOB_HEP_PC065A_LIB.FMC_HPC_GENERIC(SCH_1):PAGE3:PAGEFMC_HPC_GENERIC(SCH_1):PAGE3 
     

ERC Summary:

     Single Node Violations:          168
     IO Check Violations:               0
     Loading Check Violations:          0
     

Extended Error Descriptions:

     Warning(203) Single node net
          This warning is given for any net in the design that only has one
          connection. This warning can be fixed by making sure each
          node has two or more connections. This warning can be
          suppressed by adding the NO_SINGLE_CHECK property to the net or
          by turning off the check.
     

ERC-DX run on Jun 1 17:53:15 2020
   DESIGN NAME : 'PC065B_TOPLEVEL'
   PACKAGING ON 21-May-2020 AT 12:42:56

   DIRECTORIES  <none>
   LIBRARIES  'uob_hep_pc065a_lib' 'bris_cds_analogue' 'bris_cds_connectors'
              'bris_cds_discrete' 'bris_cds_logic' 'bris_cds_memory'
              'bris_cds_pld' 'bris_cds_special' 'bris_cds_standard'
              'bris_cds_switches' 'cn74lv' 'cn74tiac' 'cn75als' 'cncmos'
              'cnconnector' 'cndiscrete' 'cnpassive' 'cnpld' 'cnpower'
              'cnspecial' 'cnstandard' 'cnvlsi' 'standard' 'cnmech'
              'cninterface' 'cnlinear' 'cnmemory'
   MASTER_LIBRARIES  <none>
   MAX_ERRORS 500
   ASSERT_CHECK OFF
   PIN_DIRECTION_CHECK OFF
   CONNECT_CHECK OFF
   SINGLE_NODE_CHECK ON
   IO_CHECK OFF
   IO_CHECK_HIGH ON
   IO_CHECK_LOW ON
   LOAD_CHECK OFF
   LOAD_CHECK_HIGH ON
   LOAD_CHECK_LOW ON
   ENABLE_TIMES OFF
   VERBOSE_LOADING ON
   VPUNKNOWNLOADING ON
   EXTENDEDDESCRIPTIONS ON
   OVERSIGHTS ON
   SINGLE_NODE_NETS ON
   SUPPRESS   20
   WARNINGS ON
   GLOBALS_SYNONYM_CHECK OFF

 No error detected
 No oversight detected
168 warnings detected

cpu time      0:00:00
elapsed time  0:00:00

