(---------------------------------------------------------------------)
(                                                                     )
(    ARTWORK LOG                                                      )
(                                                                     )
(    Drawing          : pc065d_fibv2b-i_toplevel_36.brd               )
(    Software Version : 24.1P001                                      )
(    Date/Time        : Mon Aug 24 17:56:35 2026                      )
(                                                                     )
(---------------------------------------------------------------------)



 ******************************************
 WARNING: DRC OUT OF DATE on this layout.
 ******************************************

 ---- Photoplot outline rectangle not found; using drawing extents.



Results from parameter file ...
    DEVICE-TYPE           GERBER_RS274X
    OUTPUT-UNITS          MM
    FILM-SIZE             2400000 1600000
    FORMAT                3.5
    ABORT-ON-ERROR        NO
    SCALE                 1
    SUPPRESS-LEAD-ZEROES  YES
    SUPPRESS-TRAIL-ZEROES NO
    SUPPRESS-EQUAL        YES
    UNDEF-APT-CONT        NO



================================================================
     PROCESSING FILM < 01_POS1 >
     TO FILE < C:/Users/phdgc/Downloads/uob-hep-pc065/design_files/worklib/pc065d_fibv2b_toplevel/physical/art_pc065d_01_POS1.art > ...
================================================================

  FILM PARAMETERS :
  ---------------------------------------------------------
  Undefined line width                0.250
  Mirror code                         NONE
  Rotate angle                        NONE
  Offset x:                           0.000
  Offset y:                           0.000
  Plot negative                       NO
  Suppress unconnected internal pads  NO
  Draw holes only                     NO

    WARNING: 0 width line found at (137.440 22.865)
           ... using undefined line width of 0.250

    WARNING: Multiple 0 width lines; all will be treated the same as the first.
           ... using undefined line width of 0.250



  APERTURES USED:
  ---------------------------------------------------------
  TYPE       SIZE/NAME                   ROT   MIRROR MODE 
  ---------------------------------------------------------
  CIRCLE     0.10000                                  DARK 
  CIRCLE     0.15200                                  DARK 
  CIRCLE     0.17000                                  DARK 
  CIRCLE     0.18000                                  DARK 
  CIRCLE     0.20000                                  DARK 
  CIRCLE     0.20300                                  DARK 
  CIRCLE     0.25000                                  DARK 

     art_pc065d_01_POS1 created with warnings


------------------------------------------------------
 SUMMARY:
        art_pc065d_01_POS1 created with warnings

 ARTWORK had warnings
