(---------------------------------------------------------------------)
(                                                                     )
(    Dangling Line, Via and Antenna Report                            )
(                                                                     )
(    Drawing          : pc065c_fibv2_toplevel_28smoothed_24-1.brd     )
(    Software Version : 24.1P001                                      )
(    Date/Time        : Wed Jul 30 19:36:43 2025                      )
(                                                                     )
(---------------------------------------------------------------------)


Report methodology:
  - Dangling lines have at least one end not connected.
  - Dangling vias have one or no connection
      - Plus are not a test, thieving or netshort property via.
  - Antenna vias do not have connections on their start and end layers.
      - Plus they are not a thieving vias.
      - Optionally, VOLTAGE nets, testvias and through vias can be suppressed with
        the environment variable report_antennavia.
      - Section may be suppressed by variable report_noantennavia.
  - Not part of the current partition.
  - To suppress items in dangle report add the OK_DANGLE property to the via
    or connect line.



<< Dangling Vias >>
  Net                  Padstack               Location            Layers
  ---------------------------------------------------------------------------
  CLK_MAIN_N<0>        VIA22RD0-3D_OPEN     (20.465 23.269)  TOP/BOTTOM 
  CLK_MAIN_N<1>        VIA22RD0-3D_OPEN     (34.665 24.000)  TOP/BOTTOM 
  CLK_MAIN_N<2>        VIA22RD0-3D_OPEN     (48.865 23.624)  TOP/BOTTOM 
  CLK_MAIN_N<3>        VIA22RD0-3D_OPEN     (63.165 24.124)  TOP/BOTTOM 
  CLK_MAIN_N<4>        VIA22RD0-3D_OPEN     (82.165 24.824)  TOP/BOTTOM 
  CLK_MAIN_N<5>        VIA22RD0-3D_OPEN     (96.365 24.224)  TOP/BOTTOM 
  CLK_MAIN_N<6>        VIA22RD0-3D_OPEN     (110.765 24.224) TOP/BOTTOM 
  CLK_MAIN_N<7>        VIA22RD0-3D_OPEN     (124.965 24.224) TOP/BOTTOM 
  CLK_MAIN_P<0>        VIA22RD0-3D_OPEN     (19.735 23.269)  TOP/BOTTOM 
  CLK_MAIN_P<1>        VIA22RD0-3D_OPEN     (33.935 24.000)  TOP/BOTTOM 
  CLK_MAIN_P<2>        VIA22RD0-3D_OPEN     (48.135 23.624)  TOP/BOTTOM 
  CLK_MAIN_P<3>        VIA22RD0-3D_OPEN     (62.435 24.124)  TOP/BOTTOM 
  CLK_MAIN_P<4>        VIA22RD0-3D_OPEN     (81.435 24.824)  TOP/BOTTOM 
  CLK_MAIN_P<5>        VIA22RD0-3D_OPEN     (95.635 24.224)  TOP/BOTTOM 
  CLK_MAIN_P<6>        VIA22RD0-3D_OPEN     (110.035 24.224) TOP/BOTTOM 
  CLK_MAIN_P<7>        VIA22RD0-3D_OPEN     (124.235 24.224) TOP/BOTTOM 


<< Antenna Vias >>
  Net                  Padstack               Location            Layers
  ---------------------------------------------------------------------------
  CDCLVD110_CK         VIA22RD0-3D          (20.400 14.700)  TOP/BOTTOM 
  CDCLVD110_CK         VIA22RD0-3D          (117.121 11.371) TOP/BOTTOM 
  CDCLVD110_SI         VIA22RD0-3D          (20.357 13.600)  TOP/BOTTOM 
  CDCLVD110_SI         VIA22RD0-3D          (112.041 6.429)  TOP/BOTTOM 
  CLK_MAIN_N<0>        VIA22RD0-3D_OPEN     (20.465 23.269)  TOP/BOTTOM 
  CLK_MAIN_N<1>        VIA22RD0-3D_OPEN     (34.665 24.000)  TOP/BOTTOM 
  CLK_MAIN_N<2>        VIA22RD0-3D_OPEN     (48.865 23.624)  TOP/BOTTOM 
  CLK_MAIN_N<3>        VIA22RD0-3D_OPEN     (63.165 24.124)  TOP/BOTTOM 
  CLK_MAIN_N<4>        VIA22RD0-3D_OPEN     (82.165 24.824)  TOP/BOTTOM 
  CLK_MAIN_N<5>        VIA22RD0-3D_OPEN     (96.365 24.224)  TOP/BOTTOM 
  CLK_MAIN_N<6>        VIA22RD0-3D_OPEN     (110.765 24.224) TOP/BOTTOM 
  CLK_MAIN_N<7>        VIA22RD0-3D_OPEN     (124.965 24.224) TOP/BOTTOM 
  CLK_MAIN_P<0>        VIA22RD0-3D_OPEN     (19.735 23.269)  TOP/BOTTOM 
  CLK_MAIN_P<1>        VIA22RD0-3D_OPEN     (33.935 24.000)  TOP/BOTTOM 
  CLK_MAIN_P<2>        VIA22RD0-3D_OPEN     (48.135 23.624)  TOP/BOTTOM 
  CLK_MAIN_P<3>        VIA22RD0-3D_OPEN     (62.435 24.124)  TOP/BOTTOM 
  CLK_MAIN_P<4>        VIA22RD0-3D_OPEN     (81.435 24.824)  TOP/BOTTOM 
  CLK_MAIN_P<5>        VIA22RD0-3D_OPEN     (95.635 24.224)  TOP/BOTTOM 
  CLK_MAIN_P<6>        VIA22RD0-3D_OPEN     (110.035 24.224) TOP/BOTTOM 
  CLK_MAIN_P<7>        VIA22RD0-3D_OPEN     (124.235 24.224) TOP/BOTTOM 
  GND                  VIA22RD0-3D          (1.300 20.900)   TOP/BOTTOM 
  GND                  VIA22RD0-3D          (1.395 30.530)   TOP/BOTTOM 
  GND                  VIA22RD0-3D          (1.400 25.970)   TOP/BOTTOM 
  GND                  VIA22RD0-3D          (2.700 19.300)   TOP/BOTTOM 
  GND                  VIA22RD0-3D          (2.700 25.970)   TOP/BOTTOM 
  GND                  VIA22RD0-3D          (4.000 26.000)   TOP/BOTTOM 
  GND                  VIA22RD0-3D          (4.800 16.000)   TOP/BOTTOM 
  GND                  VIA22RD0-3D          (5.900 18.800)   TOP/BOTTOM 
  GND                  VIA22RD0-3D          (6.600 25.130)   TOP/BOTTOM 
  GND                  VIA22RD0-3D          (8.200 17.800)   TOP/BOTTOM 
  GND                  VIA22RD0-3D          (9.730 9.930)    TOP/BOTTOM 
  GND                  VIA22RD0-3D          (10.000 17.850)  TOP/BOTTOM 
  GND                  VIA22RD0-3D          (10.595 38.050)  TOP/BOTTOM 
  GND                  VIA22RD0-3D          (11.100 0.925)   TOP/BOTTOM 
  GND                  VIA22RD0-3D          (11.100 3.875)   TOP/BOTTOM 
  GND                  VIA22RD0-3D          (11.100 5.325)   TOP/BOTTOM 
  GND                  VIA22RD0-3D          (11.100 8.275)   TOP/BOTTOM 
  GND                  VIA22RD0-3D          (11.400 47.195)  TOP/BOTTOM 
  GND                  VIA22RD0-3D          (12.285 37.600)  TOP/BOTTOM 
  GND                  VIA22RD0-3D          (12.640 44.295)  TOP/BOTTOM 
  GND                  VIA22RD0-3D          (13.440 44.295)  TOP/BOTTOM 
  GND                  VIA22RD0-3D          (13.500 19.100)  TOP/BOTTOM 
  GND                  VIA22RD0-3D          (13.800 16.100)  TOP/BOTTOM 
  GND                  VIA22RD0-3D          (14.000 41.555)  TOP/BOTTOM 
  GND                  VIA22RD0-3D          (15.200 36.000)  TOP/BOTTOM 
  GND                  VIA22RD0-3D          (15.500 43.105)  TOP/BOTTOM 
  GND                  VIA22RD0-3D          (17.000 41.555)  TOP/BOTTOM 
  GND                  VIA22RD0-3D          (17.840 36.095)  TOP/BOTTOM 
  GND                  VIA22RD0-3D          (18.000 2.400)   TOP/BOTTOM 
  GND                  VIA22RD0-3D          (18.000 6.800)   TOP/BOTTOM 
  GND                  VIA22RD0-3D          (18.100 7.900)   TOP/BOTTOM 
  GND                  VIA22RD0-3D          (18.100 9.800)   TOP/BOTTOM 
  GND                  VIA22RD0-3D          (18.100 14.700)  TOP/BOTTOM 
  GND                  VIA22RD0-3D          (19.840 44.295)  TOP/BOTTOM 
  GND                  VIA22RD0-3D          (20.240 39.105)  TOP/BOTTOM 
  GND                  VIA22RD0-3D          (22.600 14.300)  TOP/BOTTOM 
  GND                  VIA22RD0-3D          (23.300 6.200)   TOP/BOTTOM 
  GND                  VIA22RD0-3D          (23.300 6.900)   TOP/BOTTOM 
  GND                  VIA22RD0-3D          (24.000 5.500)   TOP/BOTTOM 
  GND                  VIA22RD0-3D          (24.000 6.200)   TOP/BOTTOM 
  GND                  VIA22RD0-3D          (24.000 6.900)   TOP/BOTTOM 
  GND                  VIA22RD0-3D          (24.100 3.300)   TOP/BOTTOM 
  GND                  VIA22RD0-3D          (24.200 29.300)  TOP/BOTTOM 
  GND                  VIA22RD0-3D          (25.500 29.300)  TOP/BOTTOM 
  GND                  VIA22RD0-3D          (25.650 39.400)  TOP/BOTTOM 
  GND                  VIA22RD0-3D          (25.650 47.195)  TOP/BOTTOM 
  GND                  VIA22RD0-3D          (26.075 25.925)  TOP/BOTTOM 
  GND                  VIA22RD0-3D          (26.535 37.600)  TOP/BOTTOM 
  GND                  VIA22RD0-3D          (26.890 44.295)  TOP/BOTTOM 
  GND                  VIA22RD0-3D          (27.690 44.295)  TOP/BOTTOM 
  GND                  VIA22RD0-3D          (28.250 41.555)  TOP/BOTTOM 
  GND                  VIA22RD0-3D          (29.400 35.900)  TOP/BOTTOM 
  GND                  VIA22RD0-3D          (29.750 43.105)  TOP/BOTTOM 
  GND                  VIA22RD0-3D          (30.400 10.900)  TOP/BOTTOM 
  GND                  VIA22RD0-3D          (31.050 3.250)   TOP/BOTTOM 
  GND                  VIA22RD0-3D          (31.250 41.555)  TOP/BOTTOM 
  GND                  VIA22RD0-3D          (32.090 36.095)  TOP/BOTTOM 
  GND                  VIA22RD0-3D          (32.200 15.000)  TOP/BOTTOM 
  GND                  VIA22RD0-3D          (32.200 15.700)  TOP/BOTTOM 
  GND                  VIA22RD0-3D          (32.200 16.400)  TOP/BOTTOM 
  GND                  VIA22RD0-3D          (32.900 15.000)  TOP/BOTTOM 
  GND                  VIA22RD0-3D          (32.900 15.700)  TOP/BOTTOM 
  GND                  VIA22RD0-3D          (34.090 44.295)  TOP/BOTTOM 
  GND                  VIA22RD0-3D          (34.400 12.400)  TOP/BOTTOM 
  GND                  VIA22RD0-3D          (34.490 39.105)  TOP/BOTTOM 
  GND                  VIA22RD0-3D          (38.900 7.100)   TOP/BOTTOM 
  GND                  VIA22RD0-3D          (39.095 38.050)  TOP/BOTTOM 
  GND                  VIA22RD0-3D          (39.900 47.195)  TOP/BOTTOM 
  GND                  VIA22RD0-3D          (40.785 37.600)  TOP/BOTTOM 
  GND                  VIA22RD0-3D          (40.900 29.300)  TOP/BOTTOM 
  GND                  VIA22RD0-3D          (41.140 44.295)  TOP/BOTTOM 
  GND                  VIA22RD0-3D          (41.940 44.295)  TOP/BOTTOM 
  GND                  VIA22RD0-3D          (42.125 25.925)  TOP/BOTTOM 
  GND                  VIA22RD0-3D          (42.200 29.300)  TOP/BOTTOM 
  GND                  VIA22RD0-3D          (42.500 41.555)  TOP/BOTTOM 
  GND                  VIA22RD0-3D          (43.625 35.875)  TOP/BOTTOM 
  GND                  VIA22RD0-3D          (44.000 43.105)  TOP/BOTTOM 
  GND                  VIA22RD0-3D          (45.500 41.555)  TOP/BOTTOM 
  GND                  VIA22RD0-3D          (46.300 14.000)  TOP/BOTTOM 
  GND                  VIA22RD0-3D          (46.340 36.095)  TOP/BOTTOM 
  GND                  VIA22RD0-3D          (46.550 9.950)   TOP/BOTTOM 
  GND                  VIA22RD0-3D          (48.340 44.295)  TOP/BOTTOM 
  GND                  VIA22RD0-3D          (48.740 39.105)  TOP/BOTTOM 
  GND                  VIA22RD0-3D          (48.900 7.100)   TOP/BOTTOM 
  GND                  VIA22RD0-3D          (53.345 38.050)  TOP/BOTTOM 
  GND                  VIA22RD0-3D          (54.150 47.195)  TOP/BOTTOM 
  GND                  VIA22RD0-3D          (55.035 37.600)  TOP/BOTTOM 
  GND                  VIA22RD0-3D          (55.300 43.800)  TOP/BOTTOM 
  GND                  VIA22RD0-3D          (56.190 44.295)  TOP/BOTTOM 
  GND                  VIA22RD0-3D          (56.750 41.555)  TOP/BOTTOM 
  GND                  VIA22RD0-3D          (56.900 9.400)   TOP/BOTTOM 
  GND                  VIA22RD0-3D          (57.550 13.250)  TOP/BOTTOM 
  GND                  VIA22RD0-3D          (58.141 36.129)  TOP/BOTTOM 
  GND                  VIA22RD0-3D          (58.250 43.105)  TOP/BOTTOM 
  GND                  VIA22RD0-3D          (59.000 15.300)  TOP/BOTTOM 
  GND                  VIA22RD0-3D          (59.750 41.555)  TOP/BOTTOM 
  GND                  VIA22RD0-3D          (60.590 36.095)  TOP/BOTTOM 
  GND                  VIA22RD0-3D          (62.590 44.295)  TOP/BOTTOM 
  GND                  VIA22RD0-3D          (62.850 30.200)  TOP/BOTTOM 
  GND                  VIA22RD0-3D          (62.990 39.105)  TOP/BOTTOM 
  GND                  VIA22RD0-3D          (64.500 2.100)   TOP/BOTTOM 
  GND                  VIA22RD0-3D          (64.725 25.925)  TOP/BOTTOM 
  GND                  VIA22RD0-3D          (65.350 30.050)  TOP/BOTTOM 
  GND                  VIA22RD0-3D          (71.700 5.000)   TOP/BOTTOM 
  GND                  VIA22RD0-3D          (72.295 38.050)  TOP/BOTTOM 
  GND                  VIA22RD0-3D          (72.500 2.550)   TOP/BOTTOM 
  GND                  VIA22RD0-3D          (73.100 47.195)  TOP/BOTTOM 
  GND                  VIA22RD0-3D          (73.985 37.600)  TOP/BOTTOM 
  GND                  VIA22RD0-3D          (74.340 44.295)  TOP/BOTTOM 
  GND                  VIA22RD0-3D          (75.140 44.295)  TOP/BOTTOM 
  GND                  VIA22RD0-3D          (75.700 41.555)  TOP/BOTTOM 
  GND                  VIA22RD0-3D          (76.800 29.300)  TOP/BOTTOM 
  GND                  VIA22RD0-3D          (77.140 36.240)  TOP/BOTTOM 
  GND                  VIA22RD0-3D          (77.200 43.105)  TOP/BOTTOM 
  GND                  VIA22RD0-3D          (78.200 29.300)  TOP/BOTTOM 
  GND                  VIA22RD0-3D          (78.700 41.555)  TOP/BOTTOM 
  GND                  VIA22RD0-3D          (79.159 2.619)   TOP/BOTTOM 
  GND                  VIA22RD0-3D          (79.159 7.699)   TOP/BOTTOM 
  GND                  VIA22RD0-3D          (79.159 11.371)  TOP/BOTTOM 
  GND                  VIA22RD0-3D          (79.540 36.095)  TOP/BOTTOM 
  GND                  VIA22RD0-3D          (80.429 3.889)   TOP/BOTTOM 
  GND                  VIA22RD0-3D          (80.429 6.429)   TOP/BOTTOM 
  GND                  VIA22RD0-3D          (80.429 10.101)  TOP/BOTTOM 
  GND                  VIA22RD0-3D          (81.540 44.295)  TOP/BOTTOM 
  GND                  VIA22RD0-3D          (81.699 6.429)   TOP/BOTTOM 
  GND                  VIA22RD0-3D          (81.699 15.181)  TOP/BOTTOM 
  GND                  VIA22RD0-3D          (81.940 39.105)  TOP/BOTTOM 
  GND                  VIA22RD0-3D          (82.969 2.619)   TOP/BOTTOM 
  GND                  VIA22RD0-3D          (82.969 7.699)   TOP/BOTTOM 
  GND                  VIA22RD0-3D          (82.969 13.911)  TOP/BOTTOM 
  GND                  VIA22RD0-3D          (84.239 2.619)   TOP/BOTTOM 
  GND                  VIA22RD0-3D          (84.239 7.699)   TOP/BOTTOM 
  GND                  VIA22RD0-3D          (84.239 11.371)  TOP/BOTTOM 
  GND                  VIA22RD0-3D          (84.239 13.911)  TOP/BOTTOM 
  GND                  VIA22RD0-3D          (84.793 30.800)  TOP/BOTTOM 
  GND                  VIA22RD0-3D          (85.450 27.800)  TOP/BOTTOM 
  GND                  VIA22RD0-3D          (85.509 3.889)   TOP/BOTTOM 
  GND                  VIA22RD0-3D          (85.509 6.429)   TOP/BOTTOM 
  GND                  VIA22RD0-3D          (85.509 10.101)  TOP/BOTTOM 
  GND                  VIA22RD0-3D          (85.509 12.641)  TOP/BOTTOM 
  GND                  VIA22RD0-3D          (85.509 15.181)  TOP/BOTTOM 
  GND                  VIA22RD0-3D          (86.643 38.050)  TOP/BOTTOM 
  GND                  VIA22RD0-3D          (86.779 3.889)   TOP/BOTTOM 
  GND                  VIA22RD0-3D          (86.779 6.429)   TOP/BOTTOM 
  GND                  VIA22RD0-3D          (87.350 47.195)  TOP/BOTTOM 
  GND                  VIA22RD0-3D          (87.975 7.625)   TOP/BOTTOM 
  GND                  VIA22RD0-3D          (88.010 11.410)  TOP/BOTTOM 
  GND                  VIA22RD0-3D          (88.049 2.619)   TOP/BOTTOM 
  GND                  VIA22RD0-3D          (88.049 5.159)   TOP/BOTTOM 
  GND                  VIA22RD0-3D          (88.235 37.600)  TOP/BOTTOM 
  GND                  VIA22RD0-3D          (88.590 44.295)  TOP/BOTTOM 
  GND                  VIA22RD0-3D          (89.280 10.140)  TOP/BOTTOM 
  GND                  VIA22RD0-3D          (89.319 2.619)   TOP/BOTTOM 
  GND                  VIA22RD0-3D          (89.319 5.159)   TOP/BOTTOM 
  GND                  VIA22RD0-3D          (89.319 15.181)  TOP/BOTTOM 
  GND                  VIA22RD0-3D          (89.390 44.295)  TOP/BOTTOM 
  GND                  VIA22RD0-3D          (89.950 41.555)  TOP/BOTTOM 
  GND                  VIA22RD0-3D          (90.589 3.889)   TOP/BOTTOM 
  GND                  VIA22RD0-3D          (90.589 6.429)   TOP/BOTTOM 
  GND                  VIA22RD0-3D          (91.000 26.400)  TOP/BOTTOM 
  GND                  VIA22RD0-3D          (91.390 36.240)  TOP/BOTTOM 
  GND                  VIA22RD0-3D          (91.450 43.105)  TOP/BOTTOM 
  GND                  VIA22RD0-3D          (91.859 3.889)   TOP/BOTTOM 
  GND                  VIA22RD0-3D          (91.859 7.699)   TOP/BOTTOM 
  GND                  VIA22RD0-3D          (91.859 11.371)  TOP/BOTTOM 
  GND                  VIA22RD0-3D          (92.950 41.555)  TOP/BOTTOM 
  GND                  VIA22RD0-3D          (92.991 13.911)  TOP/BOTTOM 
  GND                  VIA22RD0-3D          (93.129 2.619)   TOP/BOTTOM 
  GND                  VIA22RD0-3D          (93.129 10.101)  TOP/BOTTOM 
  GND                  VIA22RD0-3D          (93.129 15.181)  TOP/BOTTOM 
  GND                  VIA22RD0-3D          (93.790 36.095)  TOP/BOTTOM 
  GND                  VIA22RD0-3D          (94.399 2.619)   TOP/BOTTOM 
  GND                  VIA22RD0-3D          (94.399 5.159)   TOP/BOTTOM 
  GND                  VIA22RD0-3D          (94.399 6.429)   TOP/BOTTOM 
  GND                  VIA22RD0-3D          (95.669 3.889)   TOP/BOTTOM 
  GND                  VIA22RD0-3D          (95.669 7.699)   TOP/BOTTOM 
  GND                  VIA22RD0-3D          (95.669 11.371)  TOP/BOTTOM 
  GND                  VIA22RD0-3D          (95.790 44.295)  TOP/BOTTOM 
  GND                  VIA22RD0-3D          (96.190 39.105)  TOP/BOTTOM 
  GND                  VIA22RD0-3D          (96.939 3.889)   TOP/BOTTOM 
  GND                  VIA22RD0-3D          (96.939 10.101)  TOP/BOTTOM 
  GND                  VIA22RD0-3D          (96.939 12.641)  TOP/BOTTOM 
  GND                  VIA22RD0-3D          (98.100 15.400)  TOP/BOTTOM 
  GND                  VIA22RD0-3D          (98.209 2.619)   TOP/BOTTOM 
  GND                  VIA22RD0-3D          (98.209 5.159)   TOP/BOTTOM 
  GND                  VIA22RD0-3D          (98.209 6.429)   TOP/BOTTOM 
  GND                  VIA22RD0-3D          (98.900 30.700)  TOP/BOTTOM 
  GND                  VIA22RD0-3D          (99.479 2.619)   TOP/BOTTOM 
  GND                  VIA22RD0-3D          (99.479 5.159)   TOP/BOTTOM 
  GND                  VIA22RD0-3D          (99.479 7.699)   TOP/BOTTOM 
  GND                  VIA22RD0-3D          (99.479 11.371)  TOP/BOTTOM 
  GND                  VIA22RD0-3D          (99.650 27.700)  TOP/BOTTOM 
  GND                  VIA22RD0-3D          (100.495 12.895) TOP/BOTTOM 
  GND                  VIA22RD0-3D          (100.700 15.300) TOP/BOTTOM 
  GND                  VIA22RD0-3D          (100.749 3.889)  TOP/BOTTOM 
  GND                  VIA22RD0-3D          (100.749 10.101) TOP/BOTTOM 
  GND                  VIA22RD0-3D          (100.795 38.050) TOP/BOTTOM 
  GND                  VIA22RD0-3D          (101.600 47.195) TOP/BOTTOM 
  GND                  VIA22RD0-3D          (102.019 3.889)  TOP/BOTTOM 
  GND                  VIA22RD0-3D          (102.019 6.429)  TOP/BOTTOM 
  GND                  VIA22RD0-3D          (102.485 37.600) TOP/BOTTOM 
  GND                  VIA22RD0-3D          (102.840 44.393) TOP/BOTTOM 
  GND                  VIA22RD0-3D          (103.289 2.619)  TOP/BOTTOM 
  GND                  VIA22RD0-3D          (103.289 5.159)  TOP/BOTTOM 
  GND                  VIA22RD0-3D          (103.289 7.699)  TOP/BOTTOM 
  GND                  VIA22RD0-3D          (103.289 11.371) TOP/BOTTOM 
  GND                  VIA22RD0-3D          (103.289 13.911) TOP/BOTTOM 
  GND                  VIA22RD0-3D          (103.640 44.393) TOP/BOTTOM 
  GND                  VIA22RD0-3D          (104.200 41.555) TOP/BOTTOM 
  GND                  VIA22RD0-3D          (104.300 25.000) TOP/BOTTOM 
  GND                  VIA22RD0-3D          (105.400 35.900) TOP/BOTTOM 
  GND                  VIA22RD0-3D          (105.691 2.619)  TOP/BOTTOM 
  GND                  VIA22RD0-3D          (105.691 5.159)  TOP/BOTTOM 
  GND                  VIA22RD0-3D          (105.691 10.101) TOP/BOTTOM 
  GND                  VIA22RD0-3D          (105.691 12.641) TOP/BOTTOM 
  GND                  VIA22RD0-3D          (105.691 15.181) TOP/BOTTOM 
  GND                  VIA22RD0-3D          (105.700 43.105) TOP/BOTTOM 
  GND                  VIA22RD0-3D          (106.961 6.429)  TOP/BOTTOM 
  GND                  VIA22RD0-3D          (107.200 41.555) TOP/BOTTOM 
  GND                  VIA22RD0-3D          (108.040 35.800) TOP/BOTTOM 
  GND                  VIA22RD0-3D          (108.231 11.371) TOP/BOTTOM 
  GND                  VIA22RD0-3D          (108.231 13.911) TOP/BOTTOM 
  GND                  VIA22RD0-3D          (109.501 2.619)  TOP/BOTTOM 
  GND                  VIA22RD0-3D          (109.501 5.159)  TOP/BOTTOM 
  GND                  VIA22RD0-3D          (109.501 10.101) TOP/BOTTOM 
  GND                  VIA22RD0-3D          (110.040 44.393) TOP/BOTTOM 
  GND                  VIA22RD0-3D          (110.440 39.007) TOP/BOTTOM 
  GND                  VIA22RD0-3D          (110.771 2.619)  TOP/BOTTOM 
  GND                  VIA22RD0-3D          (110.771 5.159)  TOP/BOTTOM 
  GND                  VIA22RD0-3D          (110.771 6.429)  TOP/BOTTOM 
  GND                  VIA22RD0-3D          (112.041 7.699)  TOP/BOTTOM 
  GND                  VIA22RD0-3D          (112.041 11.371) TOP/BOTTOM 
  GND                  VIA22RD0-3D          (112.745 15.400) TOP/BOTTOM 
  GND                  VIA22RD0-3D          (113.311 10.101) TOP/BOTTOM 
  GND                  VIA22RD0-3D          (114.050 27.800) TOP/BOTTOM 
  GND                  VIA22RD0-3D          (114.100 31.355) TOP/BOTTOM 
  GND                  VIA22RD0-3D          (114.581 2.619)  TOP/BOTTOM 
  GND                  VIA22RD0-3D          (115.045 38.050) TOP/BOTTOM 
  GND                  VIA22RD0-3D          (115.850 47.195) TOP/BOTTOM 
  GND                  VIA22RD0-3D          (115.851 2.619)  TOP/BOTTOM 
  GND                  VIA22RD0-3D          (115.851 5.159)  TOP/BOTTOM 
  GND                  VIA22RD0-3D          (115.851 7.699)  TOP/BOTTOM 
  GND                  VIA22RD0-3D          (115.851 11.371) TOP/BOTTOM 
  GND                  VIA22RD0-3D          (115.851 13.911) TOP/BOTTOM 
  GND                  VIA22RD0-3D          (117.090 44.295) TOP/BOTTOM 
  GND                  VIA22RD0-3D          (117.121 3.889)  TOP/BOTTOM 
  GND                  VIA22RD0-3D          (117.121 10.101) TOP/BOTTOM 
  GND                  VIA22RD0-3D          (117.121 12.641) TOP/BOTTOM 
  GND                  VIA22RD0-3D          (117.121 15.181) TOP/BOTTOM 
  GND                  VIA22RD0-3D          (117.490 36.193) TOP/BOTTOM 
  GND                  VIA22RD0-3D          (117.890 44.295) TOP/BOTTOM 
  GND                  VIA22RD0-3D          (118.391 3.889)  TOP/BOTTOM 
  GND                  VIA22RD0-3D          (118.450 41.555) TOP/BOTTOM 
  GND                  VIA22RD0-3D          (119.600 26.400) TOP/BOTTOM 
  GND                  VIA22RD0-3D          (119.661 2.619)  TOP/BOTTOM 
  GND                  VIA22RD0-3D          (119.661 7.699)  TOP/BOTTOM 
  GND                  VIA22RD0-3D          (119.661 11.371) TOP/BOTTOM 
  GND                  VIA22RD0-3D          (119.661 13.911) TOP/BOTTOM 
  GND                  VIA22RD0-3D          (119.890 36.240) TOP/BOTTOM 
  GND                  VIA22RD0-3D          (119.950 43.105) TOP/BOTTOM 
  GND                  VIA22RD0-3D          (120.931 2.619)  TOP/BOTTOM 
  GND                  VIA22RD0-3D          (120.931 10.101) TOP/BOTTOM 
  GND                  VIA22RD0-3D          (120.931 12.641) TOP/BOTTOM 
  GND                  VIA22RD0-3D          (120.931 15.181) TOP/BOTTOM 
  GND                  VIA22RD0-3D          (121.450 41.555) TOP/BOTTOM 
  GND                  VIA22RD0-3D          (122.201 3.889)  TOP/BOTTOM 
  GND                  VIA22RD0-3D          (122.290 36.095) TOP/BOTTOM 
  GND                  VIA22RD0-3D          (123.471 3.889)  TOP/BOTTOM 
  GND                  VIA22RD0-3D          (123.471 7.699)  TOP/BOTTOM 
  GND                  VIA22RD0-3D          (123.471 11.371) TOP/BOTTOM 
  GND                  VIA22RD0-3D          (124.290 44.295) TOP/BOTTOM 
  GND                  VIA22RD0-3D          (124.690 39.007) TOP/BOTTOM 
  GND                  VIA22RD0-3D          (124.741 2.619)  TOP/BOTTOM 
  GND                  VIA22RD0-3D          (124.741 5.159)  TOP/BOTTOM 
  GND                  VIA22RD0-3D          (124.741 12.641) TOP/BOTTOM 
  GND                  VIA22RD0-3D          (124.741 15.181) TOP/BOTTOM 
  GND                  VIA22RD0-3D          (126.011 2.619)  TOP/BOTTOM 
  GND                  VIA22RD0-3D          (126.011 6.429)  TOP/BOTTOM 
  GND                  VIA22RD0-3D          (126.445 27.100) TOP/BOTTOM 
  GND                  VIA22RD0-3D          (127.281 3.889)  TOP/BOTTOM 
  GND                  VIA22RD0-3D          (127.281 5.159)  TOP/BOTTOM 
  GND                  VIA22RD0-3D          (127.281 7.699)  TOP/BOTTOM 
  GND                  VIA22RD0-3D          (127.300 31.355) TOP/BOTTOM 
  GND                  VIA22RD0-3D          (128.551 3.889)  TOP/BOTTOM 
  GND                  VIA22RD0-3D          (128.551 6.429)  TOP/BOTTOM 
  GND                  VIA22RD0-3D          (128.551 10.101) TOP/BOTTOM 
  GND                  VIA22RD0-3D          (128.551 15.181) TOP/BOTTOM 
  GND                  VIA22RD0-3D          (129.400 52.800) TOP/BOTTOM 
  GND                  VIA22RD0-3D          (129.500 56.350) TOP/BOTTOM 
  GND                  VIA22RD0-3D          (129.600 62.700) TOP/BOTTOM 
  GND                  VIA22RD0-3D          (129.821 2.619)  TOP/BOTTOM 
  GND                  VIA22RD0-3D          (129.821 5.159)  TOP/BOTTOM 
  GND                  VIA22RD0-3D          (129.821 7.699)  TOP/BOTTOM 
  GND                  VIA22RD0-3D          (129.821 11.371) TOP/BOTTOM 
  GND                  VIA22RD0-3D          (129.821 13.911) TOP/BOTTOM 
  GND                  VIA22RD0-3D          (130.700 21.200) TOP/BOTTOM 
  GND                  VIA22RD0-3D          (132.000 24.800) TOP/BOTTOM 
  GND                  VIA22RD0-3D          (132.195 38.900) TOP/BOTTOM 
  GND                  VIA22RD0-3D          (132.195 42.500) TOP/BOTTOM 
  GND                  VIA22RD0-3D          (133.300 34.643) TOP/BOTTOM 
  GND                  VIA22RD0-3D          (133.745 40.400) TOP/BOTTOM 
  GND                  VIA22RD0-3D          (133.745 44.000) TOP/BOTTOM 
  GND                  VIA22RD0-3D          (133.800 37.200) TOP/BOTTOM 
  GND                  VIA22RD0-3D          (134.200 26.800) TOP/BOTTOM 
  GND                  VIA22RD0-3D          (134.200 30.600) TOP/BOTTOM 
  GND                  VIA22RD0-3D          (135.000 23.500) TOP/BOTTOM 
  GND                  VIA22RD0-3D          (135.750 20.050) TOP/BOTTOM 
  GND                  VIA22RD0-3D          (137.800 50.600) TOP/BOTTOM 
  GND                  VIA22RD0-3D          (137.900 30.400) TOP/BOTTOM 
  GND                  VIA22RD0-3D          (138.100 18.200) TOP/BOTTOM 
  GND                  VIA22RD0-3D          (138.100 23.500) TOP/BOTTOM 
  GND                  VIA22RD0-3D_OPEN     (17.100 23.700)  TOP/BOTTOM 
  GND                  VIA22RD0-3D_OPEN     (19.100 23.700)  TOP/BOTTOM 
  GND                  VIA22RD0-3D_OPEN     (20.600 31.800)  TOP/BOTTOM 
  GND                  VIA22RD0-3D_OPEN     (21.100 22.900)  TOP/BOTTOM 
  GND                  VIA22RD0-3D_OPEN     (23.300 5.500)   TOP/BOTTOM 
  GND                  VIA22RD0-3D_OPEN     (31.300 24.400)  TOP/BOTTOM 
  GND                  VIA22RD0-3D_OPEN     (32.900 16.400)  TOP/BOTTOM 
  GND                  VIA22RD0-3D_OPEN     (33.300 24.400)  TOP/BOTTOM 
  GND                  VIA22RD0-3D_OPEN     (34.900 31.800)  TOP/BOTTOM 
  GND                  VIA22RD0-3D_OPEN     (35.300 23.600)  TOP/BOTTOM 
  GND                  VIA22RD0-3D_OPEN     (45.500 24.000)  TOP/BOTTOM 
  GND                  VIA22RD0-3D_OPEN     (47.500 24.000)  TOP/BOTTOM 
  GND                  VIA22RD0-3D_OPEN     (49.100 31.800)  TOP/BOTTOM 
  GND                  VIA22RD0-3D_OPEN     (49.500 24.000)  TOP/BOTTOM 
  GND                  VIA22RD0-3D_OPEN     (59.800 23.700)  TOP/BOTTOM 
  GND                  VIA22RD0-3D_OPEN     (61.800 24.500)  TOP/BOTTOM 
  GND                  VIA22RD0-3D_OPEN     (63.400 31.800)  TOP/BOTTOM 
  GND                  VIA22RD0-3D_OPEN     (63.800 23.700)  TOP/BOTTOM 
  GND                  VIA22RD0-3D_OPEN     (78.725 25.126)  TOP/BOTTOM 
  GND                  VIA22RD0-3D_OPEN     (80.800 25.200)  TOP/BOTTOM 
  GND                  VIA22RD0-3D_OPEN     (82.300 31.800)  TOP/BOTTOM 
  GND                  VIA22RD0-3D_OPEN     (82.800 25.200)  TOP/BOTTOM 
  GND                  VIA22RD0-3D_OPEN     (92.900 24.400)  TOP/BOTTOM 
  GND                  VIA22RD0-3D_OPEN     (95.000 24.600)  TOP/BOTTOM 
  GND                  VIA22RD0-3D_OPEN     (96.657 31.800)  TOP/BOTTOM 
  GND                  VIA22RD0-3D_OPEN     (96.900 23.600)  TOP/BOTTOM 
  GND                  VIA22RD0-3D_OPEN     (107.400 24.600) TOP/BOTTOM 
  GND                  VIA22RD0-3D_OPEN     (109.400 24.600) TOP/BOTTOM 
  GND                  VIA22RD0-3D_OPEN     (110.907 31.800) TOP/BOTTOM 
  GND                  VIA22RD0-3D_OPEN     (111.400 24.600) TOP/BOTTOM 
  GND                  VIA22RD0-3D_OPEN     (121.700 24.800) TOP/BOTTOM 
  GND                  VIA22RD0-3D_OPEN     (123.600 24.700) TOP/BOTTOM 
  GND                  VIA22RD0-3D_OPEN     (125.157 31.800) TOP/BOTTOM 
  GND                  VIA22RD0-3D_OPEN     (125.500 24.800) TOP/BOTTOM 
  I2C_SCL              VIA22RD0-3D          (2.665 22.670)   TOP/BOTTOM 
  I2C_SCL_CVCC         VIA22RD0-3D          (117.121 5.159)  TOP/BOTTOM 
  I2C_SDA              VIA22RD0-3D          (1.395 22.670)   TOP/BOTTOM 
  I2C_SDA_CVCC         VIA22RD0-3D          (118.391 5.159)  TOP/BOTTOM 
  LED_FPGA<0>          VIA22RD0-3D          (114.581 10.101) TOP/BOTTOM 
  LED_FPGA<0>          VIA22RD0-3D          (130.900 52.200) TOP/BOTTOM 
  LED_FPGA<1>          VIA22RD0-3D          (113.311 7.699)  TOP/BOTTOM 
  LED_FPGA<1>          VIA22RD0-3D          (131.400 51.600) TOP/BOTTOM 
  LED_FPGA<2>          VIA22RD0-3D          (118.391 15.181) TOP/BOTTOM 
  LED_FPGA<2>          VIA22RD0-3D          (131.900 50.900) TOP/BOTTOM 
  LED_FPGA<3>          VIA22RD0-3D          (117.121 13.911) TOP/BOTTOM 
  LED_FPGA<3>          VIA22RD0-3D          (132.400 50.300) TOP/BOTTOM 
  LED_FPGA<4>          VIA22RD0-3D          (115.851 10.101) TOP/BOTTOM 
  LED_FPGA<4>          VIA22RD0-3D          (133.800 50.300) TOP/BOTTOM 
  LED_FPGA<5>          VIA22RD0-3D          (114.581 7.699)  TOP/BOTTOM 
  LED_FPGA<5>          VIA22RD0-3D          (134.300 50.900) TOP/BOTTOM 
  LED_FPGA<6>          VIA22RD0-3D          (119.661 15.181) TOP/BOTTOM 
  LED_FPGA<6>          VIA22RD0-3D          (134.800 51.600) TOP/BOTTOM 
  LED_FPGA<7>          VIA22RD0-3D          (118.391 13.911) TOP/BOTTOM 
  LED_FPGA<7>          VIA22RD0-3D          (135.300 52.200) TOP/BOTTOM 
  P12V                 VIA22RD0-3D          (123.471 5.159)  TOP/BOTTOM 
  P12V                 VIA22RD0-3D          (126.011 5.159)  TOP/BOTTOM 
  P1V3                 VIA22RD0-3D          (17.100 33.360)  TOP/BOTTOM 
  P1V3                 VIA22RD0-3D          (21.100 33.350)  TOP/BOTTOM 
  P1V3                 VIA22RD0-3D          (31.400 33.360)  TOP/BOTTOM 
  P1V3                 VIA22RD0-3D          (35.300 33.350)  TOP/BOTTOM 
  P1V3                 VIA22RD0-3D          (45.600 33.360)  TOP/BOTTOM 
  P1V3                 VIA22RD0-3D          (49.600 33.350)  TOP/BOTTOM 
  P1V3                 VIA22RD0-3D          (59.800 33.360)  TOP/BOTTOM 
  P1V3                 VIA22RD0-3D          (63.900 33.350)  TOP/BOTTOM 
  P1V3                 VIA22RD0-3D          (78.663 33.360)  TOP/BOTTOM 
  P1V3                 VIA22RD0-3D          (82.927 33.350)  TOP/BOTTOM 
  P1V3                 VIA22RD0-3D          (92.913 33.360)  TOP/BOTTOM 
  P1V3                 VIA22RD0-3D          (97.177 33.350)  TOP/BOTTOM 
  P1V3                 VIA22RD0-3D          (107.163 33.360) TOP/BOTTOM 
  P1V3                 VIA22RD0-3D          (111.427 33.350) TOP/BOTTOM 
  P1V3                 VIA22RD0-3D          (121.413 33.360) TOP/BOTTOM 
  P1V3                 VIA22RD0-3D          (125.677 33.350) TOP/BOTTOM 
  P1V3                 VIA22RD0-3D          (135.100 34.643) TOP/BOTTOM 
  P1V3                 VIA22RD0-3D          (136.000 30.600) TOP/BOTTOM 
  P2V5                 VIA22RD0-3D          (19.100 25.000)  TOP/BOTTOM 
  P2V5                 VIA22RD0-3D          (26.350 12.550)  TOP/BOTTOM 
  P2V5                 VIA22RD0-3D          (27.050 29.850)  TOP/BOTTOM 
  P2V5                 VIA22RD0-3D          (36.100 8.300)   TOP/BOTTOM 
  P2V5                 VIA22RD0-3D          (36.750 24.650)  TOP/BOTTOM 
  P2V5                 VIA22RD0-3D          (43.450 30.000)  TOP/BOTTOM 
  P2V5                 VIA22RD0-3D          (45.650 10.850)  TOP/BOTTOM 
  P2V5                 VIA22RD0-3D          (55.300 10.200)  TOP/BOTTOM 
  P2V5                 VIA22RD0-3D          (59.000 25.200)  TOP/BOTTOM 
  P2V5                 VIA22RD0-3D          (66.250 30.050)  TOP/BOTTOM 
  P2V5                 VIA22RD0-3D          (72.400 25.200)  TOP/BOTTOM 
  P2V5                 VIA22RD0-3D          (79.750 29.950)  TOP/BOTTOM 
  P2V5                 VIA22RD0-3D          (86.300 26.400)  TOP/BOTTOM 
  P2V5                 VIA22RD0-3D          (91.100 30.350)  TOP/BOTTOM 
  P2V5                 VIA22RD0-3D          (100.500 26.400) TOP/BOTTOM 
  P2V5                 VIA22RD0-3D          (105.300 30.350) TOP/BOTTOM 
  P2V5                 VIA22RD0-3D          (114.900 26.400) TOP/BOTTOM 
  P2V5                 VIA22RD0-3D          (119.700 30.350) TOP/BOTTOM 
  P2V5                 VIA22RD0-3D          (128.300 26.400) TOP/BOTTOM 
  P2V5                 VIA22RD0-3D          (132.000 17.100) TOP/BOTTOM 
  P2V5                 VIA22RD0-3D          (132.000 17.800) TOP/BOTTOM 
  P2V5                 VIA22RD0-3D          (132.000 18.500) TOP/BOTTOM 
  P2V5                 VIA22RD0-3D          (132.000 19.200) TOP/BOTTOM 
  P2V5                 VIA22RD0-3D          (132.600 30.350) TOP/BOTTOM 
  P2V5                 VIA22RD0-3D          (133.500 41.300) TOP/BOTTOM 
  P2V5                 VIA22RD0-3D          (133.700 17.100) TOP/BOTTOM 
  P2V5                 VIA22RD0-3D          (133.700 17.800) TOP/BOTTOM 
  P2V5                 VIA22RD0-3D          (133.700 18.500) TOP/BOTTOM 
  P2V5                 VIA22RD0-3D          (133.700 19.200) TOP/BOTTOM 
  P3V3                 VIA22RD0-3D          (1.400 16.000)   TOP/BOTTOM 
  P3V3                 VIA22RD0-3D          (5.300 25.900)   TOP/BOTTOM 
  P3V3                 VIA22RD0-3D          (6.600 22.670)   TOP/BOTTOM 
  P3V3                 VIA22RD0-3D          (8.450 25.200)   TOP/BOTTOM 
  P3V3                 VIA22RD0-3D          (8.450 27.800)   TOP/BOTTOM 
  P3V3                 VIA22RD0-3D          (10.595 37.150)  TOP/BOTTOM 
  P3V3                 VIA22RD0-3D          (12.900 41.218)  TOP/BOTTOM 
  P3V3                 VIA22RD0-3D          (13.600 50.800)  TOP/BOTTOM 
  P3V3                 VIA22RD0-3D          (14.700 50.800)  TOP/BOTTOM 
  P3V3                 VIA22RD0-3D          (15.300 19.100)  TOP/BOTTOM 
  P3V3                 VIA22RD0-3D          (15.800 50.800)  TOP/BOTTOM 
  P3V3                 VIA22RD0-3D          (16.900 50.800)  TOP/BOTTOM 
  P3V3                 VIA22RD0-3D          (17.600 31.800)  TOP/BOTTOM 
  P3V3                 VIA22RD0-3D          (18.000 50.801)  TOP/BOTTOM 
  P3V3                 VIA22RD0-3D          (18.100 41.318)  TOP/BOTTOM 
  P3V3                 VIA22RD0-3D          (19.100 50.800)  TOP/BOTTOM 
  P3V3                 VIA22RD0-3D          (22.750 29.850)  TOP/BOTTOM 
  P3V3                 VIA22RD0-3D          (23.300 33.600)  TOP/BOTTOM 
  P3V3                 VIA22RD0-3D          (27.150 41.218)  TOP/BOTTOM 
  P3V3                 VIA22RD0-3D          (27.850 50.800)  TOP/BOTTOM 
  P3V3                 VIA22RD0-3D          (28.950 50.800)  TOP/BOTTOM 
  P3V3                 VIA22RD0-3D          (30.050 50.800)  TOP/BOTTOM 
  P3V3                 VIA22RD0-3D          (31.150 50.800)  TOP/BOTTOM 
  P3V3                 VIA22RD0-3D          (31.900 31.800)  TOP/BOTTOM 
  P3V3                 VIA22RD0-3D          (32.250 50.800)  TOP/BOTTOM 
  P3V3                 VIA22RD0-3D          (32.350 41.318)  TOP/BOTTOM 
  P3V3                 VIA22RD0-3D          (33.350 50.800)  TOP/BOTTOM 
  P3V3                 VIA22RD0-3D          (34.500 10.900)  TOP/BOTTOM 
  P3V3                 VIA22RD0-3D          (38.900 29.800)  TOP/BOTTOM 
  P3V3                 VIA22RD0-3D          (39.095 37.150)  TOP/BOTTOM 
  P3V3                 VIA22RD0-3D          (41.400 41.218)  TOP/BOTTOM 
  P3V3                 VIA22RD0-3D          (42.100 50.800)  TOP/BOTTOM 
  P3V3                 VIA22RD0-3D          (43.200 50.800)  TOP/BOTTOM 
  P3V3                 VIA22RD0-3D          (44.300 50.800)  TOP/BOTTOM 
  P3V3                 VIA22RD0-3D          (45.400 50.800)  TOP/BOTTOM 
  P3V3                 VIA22RD0-3D          (46.100 31.800)  TOP/BOTTOM 
  P3V3                 VIA22RD0-3D          (46.300 11.800)  TOP/BOTTOM 
  P3V3                 VIA22RD0-3D          (46.500 50.800)  TOP/BOTTOM 
  P3V3                 VIA22RD0-3D          (46.600 41.318)  TOP/BOTTOM 
  P3V3                 VIA22RD0-3D          (47.600 50.800)  TOP/BOTTOM 
  P3V3                 VIA22RD0-3D          (53.345 37.150)  TOP/BOTTOM 
  P3V3                 VIA22RD0-3D          (55.650 41.218)  TOP/BOTTOM 
  P3V3                 VIA22RD0-3D          (56.350 50.800)  TOP/BOTTOM 
  P3V3                 VIA22RD0-3D          (57.150 12.350)  TOP/BOTTOM 
  P3V3                 VIA22RD0-3D          (57.450 50.800)  TOP/BOTTOM 
  P3V3                 VIA22RD0-3D          (58.550 50.800)  TOP/BOTTOM 
  P3V3                 VIA22RD0-3D          (59.650 50.800)  TOP/BOTTOM 
  P3V3                 VIA22RD0-3D          (60.400 31.800)  TOP/BOTTOM 
  P3V3                 VIA22RD0-3D          (60.750 50.800)  TOP/BOTTOM 
  P3V3                 VIA22RD0-3D          (60.850 41.318)  TOP/BOTTOM 
  P3V3                 VIA22RD0-3D          (61.850 50.800)  TOP/BOTTOM 
  P3V3                 VIA22RD0-3D          (61.950 30.200)  TOP/BOTTOM 
  P3V3                 VIA22RD0-3D          (67.900 6.100)   TOP/BOTTOM 
  P3V3                 VIA22RD0-3D          (72.295 37.150)  TOP/BOTTOM 
  P3V3                 VIA22RD0-3D          (74.600 41.218)  TOP/BOTTOM 
  P3V3                 VIA22RD0-3D          (75.300 50.757)  TOP/BOTTOM 
  P3V3                 VIA22RD0-3D          (75.450 29.850)  TOP/BOTTOM 
  P3V3                 VIA22RD0-3D          (76.000 5.100)   TOP/BOTTOM 
  P3V3                 VIA22RD0-3D          (76.400 50.757)  TOP/BOTTOM 
  P3V3                 VIA22RD0-3D          (77.500 50.757)  TOP/BOTTOM 
  P3V3                 VIA22RD0-3D          (78.600 50.757)  TOP/BOTTOM 
  P3V3                 VIA22RD0-3D          (79.300 31.800)  TOP/BOTTOM 
  P3V3                 VIA22RD0-3D          (79.700 50.757)  TOP/BOTTOM 
  P3V3                 VIA22RD0-3D          (79.800 41.318)  TOP/BOTTOM 
  P3V3                 VIA22RD0-3D          (80.800 50.757)  TOP/BOTTOM 
  P3V3                 VIA22RD0-3D          (83.200 29.300)  TOP/BOTTOM 
  P3V3                 VIA22RD0-3D          (86.345 29.300)  TOP/BOTTOM 
  P3V3                 VIA22RD0-3D          (86.993 30.800)  TOP/BOTTOM 
  P3V3                 VIA22RD0-3D          (87.650 36.850)  TOP/BOTTOM 
  P3V3                 VIA22RD0-3D          (88.850 41.218)  TOP/BOTTOM 
  P3V3                 VIA22RD0-3D          (89.550 50.757)  TOP/BOTTOM 
  P3V3                 VIA22RD0-3D          (90.650 50.757)  TOP/BOTTOM 
  P3V3                 VIA22RD0-3D          (90.855 29.300)  TOP/BOTTOM 
  P3V3                 VIA22RD0-3D          (91.750 50.757)  TOP/BOTTOM 
  P3V3                 VIA22RD0-3D          (92.850 50.757)  TOP/BOTTOM 
  P3V3                 VIA22RD0-3D          (93.443 31.800)  TOP/BOTTOM 
  P3V3                 VIA22RD0-3D          (93.950 50.757)  TOP/BOTTOM 
  P3V3                 VIA22RD0-3D          (94.050 41.318)  TOP/BOTTOM 
  P3V3                 VIA22RD0-3D          (95.050 50.757)  TOP/BOTTOM 
  P3V3                 VIA22RD0-3D          (98.400 29.200)  TOP/BOTTOM 
  P3V3                 VIA22RD0-3D          (100.545 29.300) TOP/BOTTOM 
  P3V3                 VIA22RD0-3D          (100.795 37.150) TOP/BOTTOM 
  P3V3                 VIA22RD0-3D          (101.193 30.800) TOP/BOTTOM 
  P3V3                 VIA22RD0-3D          (103.100 41.218) TOP/BOTTOM 
  P3V3                 VIA22RD0-3D          (103.800 50.757) TOP/BOTTOM 
  P3V3                 VIA22RD0-3D          (104.900 50.757) TOP/BOTTOM 
  P3V3                 VIA22RD0-3D          (105.055 29.300) TOP/BOTTOM 
  P3V3                 VIA22RD0-3D          (106.000 50.757) TOP/BOTTOM 
  P3V3                 VIA22RD0-3D          (107.100 50.757) TOP/BOTTOM 
  P3V3                 VIA22RD0-3D          (108.200 50.757) TOP/BOTTOM 
  P3V3                 VIA22RD0-3D          (108.300 41.318) TOP/BOTTOM 
  P3V3                 VIA22RD0-3D          (108.325 30.668) TOP/BOTTOM 
  P3V3                 VIA22RD0-3D          (109.300 50.757) TOP/BOTTOM 
  P3V3                 VIA22RD0-3D          (113.000 30.400) TOP/BOTTOM 
  P3V3                 VIA22RD0-3D          (114.900 30.000) TOP/BOTTOM 
  P3V3                 VIA22RD0-3D          (115.045 37.150) TOP/BOTTOM 
  P3V3                 VIA22RD0-3D          (115.593 30.800) TOP/BOTTOM 
  P3V3                 VIA22RD0-3D          (117.350 41.218) TOP/BOTTOM 
  P3V3                 VIA22RD0-3D          (118.050 50.757) TOP/BOTTOM 
  P3V3                 VIA22RD0-3D          (119.150 50.757) TOP/BOTTOM 
  P3V3                 VIA22RD0-3D          (119.455 29.300) TOP/BOTTOM 
  P3V3                 VIA22RD0-3D          (120.250 50.757) TOP/BOTTOM 
  P3V3                 VIA22RD0-3D          (121.350 50.757) TOP/BOTTOM 
  P3V3                 VIA22RD0-3D          (121.943 31.800) TOP/BOTTOM 
  P3V3                 VIA22RD0-3D          (122.450 50.757) TOP/BOTTOM 
  P3V3                 VIA22RD0-3D          (122.550 41.318) TOP/BOTTOM 
  P3V3                 VIA22RD0-3D          (123.550 50.757) TOP/BOTTOM 
  P3V3                 VIA22RD0-3D          (126.400 29.650) TOP/BOTTOM 
  P3V3                 VIA22RD0-3D          (128.175 30.175) TOP/BOTTOM 
  P3V3                 VIA22RD0-3D          (128.200 30.800) TOP/BOTTOM 
  P3V3                 VIA22RD0-3D          (129.500 55.450) TOP/BOTTOM 
  P3V3                 VIA22RD0-3D          (132.557 29.500) TOP/BOTTOM 
  P3V3                 VIA22RD0-3D          (133.400 20.100) TOP/BOTTOM 
  P3V3                 VIA22RD0-3D          (135.900 17.000) TOP/BOTTOM 
  P3V3                 VIA22RD0-3D          (136.600 1.100)  TOP/BOTTOM 
  P3V3                 VIA22RD0-3D          (136.600 1.850)  TOP/BOTTOM 
  P3V3                 VIA22RD0-3D          (136.600 2.600)  TOP/BOTTOM 
  P3V3                 VIA22RD0-3D          (136.600 5.600)  TOP/BOTTOM 
  P3V3                 VIA22RD0-3D          (136.600 6.350)  TOP/BOTTOM 
  P3V3                 VIA22RD0-3D          (137.350 1.100)  TOP/BOTTOM 
  P3V3                 VIA22RD0-3D          (137.350 1.850)  TOP/BOTTOM 
  P3V3                 VIA22RD0-3D          (137.350 2.600)  TOP/BOTTOM 
  P3V3                 VIA22RD0-3D          (137.350 5.600)  TOP/BOTTOM 
  P3V3                 VIA22RD0-3D          (137.350 6.350)  TOP/BOTTOM 
  P3V3                 VIA22RD0-3D          (137.900 27.700) TOP/BOTTOM 
  P3V3                 VIA22RD0-3D          (138.100 1.100)  TOP/BOTTOM 
  P3V3                 VIA22RD0-3D          (138.100 1.850)  TOP/BOTTOM 
  P3V3                 VIA22RD0-3D          (138.100 2.600)  TOP/BOTTOM 
  P3V3                 VIA22RD0-3D          (138.100 3.350)  TOP/BOTTOM 
  P3V3                 VIA22RD0-3D          (138.100 4.100)  TOP/BOTTOM 
  P3V3                 VIA22RD0-3D          (138.100 4.850)  TOP/BOTTOM 
  P3V3                 VIA22RD0-3D          (138.100 5.600)  TOP/BOTTOM 
  P3V3                 VIA22RD0-3D          (138.100 6.350)  TOP/BOTTOM 
  PGOOD_C2M            VIA22RD0-3D          (79.159 6.429)   TOP/BOTTOM 
  PGOOD_C2M            VIA22RD0-3D          (137.000 17.000) TOP/BOTTOM 
  SFP_FAULT<0>         VIA22RD0-3D          (49.550 15.950)  TOP/BOTTOM 
  SFP_FAULT<1>         VIA22RD0-3D          (50.280 15.950)  TOP/BOTTOM 
  SFP_FAULT<2>         VIA22RD0-3D          (51.010 15.950)  TOP/BOTTOM 
  SFP_FAULT<3>         VIA22RD0-3D          (51.740 15.950)  TOP/BOTTOM 
  SFP_FAULT<4>         VIA22RD0-3D          (52.470 15.950)  TOP/BOTTOM 
  SFP_FAULT<5>         VIA22RD0-3D          (53.200 15.950)  TOP/BOTTOM 
  SFP_FAULT<6>         VIA22RD0-3D          (53.930 15.950)  TOP/BOTTOM 
  SFP_FAULT<7>         VIA22RD0-3D          (54.660 15.950)  TOP/BOTTOM 
  SFP_FAULT_FPGA<0>    VIA22RD0-3D          (50.025 7.250)   TOP/BOTTOM 
  SFP_FAULT_FPGA<0>    VIA22RD0-3D          (90.745 7.855)   TOP/BOTTOM 
  SFP_FAULT_FPGA<1>    VIA22RD0-3D          (50.755 7.250)   TOP/BOTTOM 
  SFP_FAULT_FPGA<1>    VIA22RD0-3D          (91.859 10.101)  TOP/BOTTOM 
  SFP_FAULT_FPGA<2>    VIA22RD0-3D          (51.485 7.250)   TOP/BOTTOM 
  SFP_FAULT_FPGA<2>    VIA22RD0-3D          (94.399 7.699)   TOP/BOTTOM 
  SFP_FAULT_FPGA<3>    VIA22RD0-3D          (52.215 7.250)   TOP/BOTTOM 
  SFP_FAULT_FPGA<3>    VIA22RD0-3D          (95.700 13.900)  TOP/BOTTOM 
  SFP_FAULT_FPGA<4>    VIA22RD0-3D          (52.945 7.250)   TOP/BOTTOM 
  SFP_FAULT_FPGA<4>    VIA22RD0-3D          (95.669 10.101)  TOP/BOTTOM 
  SFP_FAULT_FPGA<5>    VIA22RD0-3D          (53.675 7.250)   TOP/BOTTOM 
  SFP_FAULT_FPGA<5>    VIA22RD0-3D          (96.800 16.600)  TOP/BOTTOM 
  SFP_FAULT_FPGA<6>    VIA22RD0-3D          (54.405 7.250)   TOP/BOTTOM 
  SFP_FAULT_FPGA<6>    VIA22RD0-3D          (99.415 13.985)  TOP/BOTTOM 
  SFP_FAULT_FPGA<7>    VIA22RD0-3D          (55.135 7.250)   TOP/BOTTOM 
  SFP_FAULT_FPGA<7>    VIA22RD0-3D          (99.479 10.101)  TOP/BOTTOM 
  SFP_I2C_SCL<0>       VIA22RD0-3D          (23.900 27.400)  TOP/BOTTOM 
  SFP_I2C_SCL<1>       VIA22RD0-3D          (41.100 27.400)  TOP/BOTTOM 
  SFP_I2C_SCL<2>       VIA22RD0-3D          (63.800 27.600)  TOP/BOTTOM 
  SFP_I2C_SCL<3>       VIA22RD0-3D          (76.800 27.400)  TOP/BOTTOM 
  SFP_I2C_SCL_CVCC<0>  VIA22RD0-3D          (28.650 28.050)  TOP/BOTTOM 
  SFP_I2C_SCL_CVCC<0>  VIA22RD0-3D          (91.859 5.159)   TOP/BOTTOM 
  SFP_I2C_SCL_CVCC<1>  VIA22RD0-3D          (45.050 28.150)  TOP/BOTTOM 
  SFP_I2C_SCL_CVCC<1>  VIA22RD0-3D          (98.209 11.371)  TOP/BOTTOM 
  SFP_I2C_SCL_CVCC<2>  VIA22RD0-3D          (65.100 27.500)  TOP/BOTTOM 
  SFP_I2C_SCL_CVCC<2>  VIA22RD0-3D          (96.939 5.159)   TOP/BOTTOM 
  SFP_I2C_SCL_CVCC<3>  VIA22RD0-3D          (78.400 27.400)  TOP/BOTTOM 
  SFP_I2C_SCL_CVCC<3>  VIA22RD0-3D          (122.201 11.371) TOP/BOTTOM 
  SFP_I2C_SCL_CVCC<4>  VIA22RD0-3D          (102.019 5.159)  TOP/BOTTOM 
  SFP_I2C_SCL_CVCC<5>  VIA22RD0-3D          (96.939 6.429)   TOP/BOTTOM 
  SFP_I2C_SCL_CVCC<6>  VIA22RD0-3D          (102.019 11.371) TOP/BOTTOM 
  SFP_I2C_SCL_CVCC<7>  VIA22RD0-3D          (126.011 11.371) TOP/BOTTOM 
  SFP_I2C_SDA<0>       VIA22RD0-3D          (23.900 26.400)  TOP/BOTTOM 
  SFP_I2C_SDA<1>       VIA22RD0-3D          (41.100 26.400)  TOP/BOTTOM 
  SFP_I2C_SDA<2>       VIA22RD0-3D          (64.100 26.800)  TOP/BOTTOM 
  SFP_I2C_SDA<3>       VIA22RD0-3D          (76.800 26.400)  TOP/BOTTOM 
  SFP_I2C_SDA_CVCC<0>  VIA22RD0-3D          (28.650 25.850)  TOP/BOTTOM 
  SFP_I2C_SDA_CVCC<0>  VIA22RD0-3D          (90.589 5.159)   TOP/BOTTOM 
  SFP_I2C_SDA_CVCC<1>  VIA22RD0-3D          (45.050 25.700)  TOP/BOTTOM 
  SFP_I2C_SDA_CVCC<1>  VIA22RD0-3D          (96.939 11.371)  TOP/BOTTOM 
  SFP_I2C_SDA_CVCC<2>  VIA22RD0-3D          (65.100 26.700)  TOP/BOTTOM 
  SFP_I2C_SDA_CVCC<2>  VIA22RD0-3D          (95.669 5.159)   TOP/BOTTOM 
  SFP_I2C_SDA_CVCC<3>  VIA22RD0-3D          (78.400 26.400)  TOP/BOTTOM 
  SFP_I2C_SDA_CVCC<3>  VIA22RD0-3D          (120.931 11.371) TOP/BOTTOM 
  SFP_I2C_SDA_CVCC<4>  VIA22RD0-3D          (100.749 5.159)  TOP/BOTTOM 
  SFP_I2C_SDA_CVCC<5>  VIA22RD0-3D          (95.669 6.429)   TOP/BOTTOM 
  SFP_I2C_SDA_CVCC<6>  VIA22RD0-3D          (100.749 11.371) TOP/BOTTOM 
  SFP_I2C_SDA_CVCC<7>  VIA22RD0-3D          (124.741 11.371) TOP/BOTTOM 
  SFP_LOS<0>           VIA22RD0-3D          (39.550 15.950)  TOP/BOTTOM 
  SFP_LOS<1>           VIA22RD0-3D          (40.280 15.950)  TOP/BOTTOM 
  SFP_LOS<2>           VIA22RD0-3D          (41.010 15.950)  TOP/BOTTOM 
  SFP_LOS<3>           VIA22RD0-3D          (41.740 15.950)  TOP/BOTTOM 
  SFP_LOS<4>           VIA22RD0-3D          (42.470 15.950)  TOP/BOTTOM 
  SFP_LOS<5>           VIA22RD0-3D          (43.200 15.950)  TOP/BOTTOM 
  SFP_LOS<6>           VIA22RD0-3D          (43.930 15.950)  TOP/BOTTOM 
  SFP_LOS<7>           VIA22RD0-3D          (44.660 15.950)  TOP/BOTTOM 
  SFP_LOS_FPGA<0>      VIA22RD0-3D          (40.025 7.250)   TOP/BOTTOM 
  SFP_LOS_FPGA<0>      VIA22RD0-3D          (89.460 7.840)   TOP/BOTTOM 
  SFP_LOS_FPGA<1>      VIA22RD0-3D          (40.755 7.250)   TOP/BOTTOM 
  SFP_LOS_FPGA<1>      VIA22RD0-3D          (90.589 10.101)  TOP/BOTTOM 
  SFP_TX_DISABLE<0>    VIA22RD0-3D          (18.240 44.300)  TOP/BOTTOM 
  SFP_TX_DISABLE<0>    VIA22RD0-3D          (60.725 15.700)  TOP/BOTTOM 
  SFP_TX_DISABLE<1>    VIA22RD0-3D          (32.490 44.300)  TOP/BOTTOM 
  SFP_TX_DISABLE<1>    VIA22RD0-3D          (61.525 15.700)  TOP/BOTTOM 
  SFP_TX_DISABLE<2>    VIA22RD0-3D          (46.740 44.300)  TOP/BOTTOM 
  SFP_TX_DISABLE<2>    VIA22RD0-3D          (62.325 15.700)  TOP/BOTTOM 
  SFP_TX_DISABLE<3>    VIA22RD0-3D          (60.990 44.300)  TOP/BOTTOM 
  SFP_TX_DISABLE<3>    VIA22RD0-3D          (63.125 15.700)  TOP/BOTTOM 
  SFP_TX_DISABLE<4>    VIA22RD0-3D          (63.925 15.700)  TOP/BOTTOM 
  SFP_TX_DISABLE<4>    VIA22RD0-3D          (79.940 44.300)  TOP/BOTTOM 
  SFP_TX_DISABLE<5>    VIA22RD0-3D          (64.725 15.700)  TOP/BOTTOM 
  SFP_TX_DISABLE<5>    VIA22RD0-3D          (94.213 43.790)  TOP/BOTTOM 
  SFP_TX_DISABLE<6>    VIA22RD0-3D          (65.525 15.700)  TOP/BOTTOM 
  SFP_TX_DISABLE<6>    VIA22RD0-3D          (108.440 44.380) TOP/BOTTOM 
  SFP_TX_DISABLE<7>    VIA22RD0-3D          (66.325 15.700)  TOP/BOTTOM 
  SFP_TX_DISABLE<7>    VIA22RD0-3D          (122.690 44.300) TOP/BOTTOM 
  SFP_TX_DISABLE_FPGA<0> VIA22RD0-3D          (60.250 7.500)   TOP/BOTTOM 
  SFP_TX_DISABLE_FPGA<0> VIA22RD0-3D          (118.391 10.101) TOP/BOTTOM 
  SFP_TX_DISABLE_FPGA<1> VIA22RD0-3D          (61.050 7.500)   TOP/BOTTOM 
  SFP_TX_DISABLE_FPGA<1> VIA22RD0-3D          (117.121 7.699)  TOP/BOTTOM 
  SFP_TX_DISABLE_FPGA<4> VIA22RD0-3D          (63.450 7.500)   TOP/BOTTOM 
  SFP_TX_DISABLE_FPGA<4> VIA22RD0-3D          (119.661 10.101) TOP/BOTTOM 
  SFP_TX_DISABLE_FPGA<5> VIA22RD0-3D          (64.250 7.500)   TOP/BOTTOM 
  SFP_TX_DISABLE_FPGA<5> VIA22RD0-3D          (118.391 7.699)  TOP/BOTTOM 

<< Summary >>
  Total dangling lines:       0
  Total dangling vias:       16
  Total antenna vias:       661
